<html>
<body>
<pre>
<h1>µVision Build Log</h1>
<h2>Tool Versions:</h2>
IDE-Version: µVision V5.38.0.0
Copyright (C) 2022 ARM Ltd and ARM Germany GmbH. All rights reserved.
License Information: Shahanaz Sharmin, CSEDU, LIC=----
 
Tool Versions:
Toolchain:       MDK-Lite  Version: 5.38.0.0
Toolchain Path:  C:\Keil_v5\ARM\ARMCLANG\Bin
C Compiler:      ArmClang.exe V6.19
Assembler:       Armasm.exe V6.19
Linker/Locator:  ArmLink.exe V6.19
Library Manager: ArmAr.exe V6.19
Hex Converter:   FromElf.exe V6.19
CPU DLL:         SARMCM3.DLL V5.38.0.0
Dialog DLL:      DCM.DLL V1.17.5.0
Target DLL:      STLink\ST-LINKIII-KEIL_SWO.dll V3.1.0.0
Dialog DLL:      TCM.DLL V1.56.4.0
 
<h2>Project:</h2>
C:\Users\USER\Downloads\stmlab\Project2.uvprojx
Project File Date:  04/03/2023

<h2>Output:</h2>
*** Using Compiler 'V6.19', folder: 'C:\Keil_v5\ARM\ARMCLANG\Bin'
Rebuild target 'Target 1'
assembling startup_stm32f446xx.s...
GPIO.c(31): warning: In file included from...
./GPIO.h(117): warning: // comments are not allowed in this language [-Wcomment]
//reads a pin
^
GPIO.c(32): warning: In file included from...
./CLOCK.h(39): warning: // comments are not allowed in this language [-Wcomment]
#define PLL_P 0 //0 to the sixteenth position (PLL=2)
                ^
2 warnings generated.
compiling GPIO.c...
compiling system_stm32f4xx.c...
SYS_INIT.c(36): warning: // comments are not allowed in this language [-Wcomment]
// Systick ISR executes every milli-second
^
1 warning generated.
compiling SYS_INIT.c...
CLOCK.c(31): warning: In file included from...
./CLOCK.h(39): warning: // comments are not allowed in this language [-Wcomment]
#define PLL_P 0 //0 to the sixteenth position (PLL=2)
                ^
CLOCK.c(60): warning: // comments are not allowed in this language [-Wcomment]
RCC->CR |=RCC_CR_HSEON; // set CR bit 16 
                        ^
2 warnings generated.
compiling CLOCK.c...
USART.c(31): warning: In file included from...
./USART.h(49): warning: // comments are not allowed in this language [-Wcomment]
// USART 2 Configuration
^
USART.c(34): warning: In file included from...
./CLOCK.h(39): warning: // comments are not allowed in this language [-Wcomment]
#define PLL_P 0 //0 to the sixteenth position (PLL=2)
                ^
USART.c(35): warning: In file included from...
./GPIO.h(117): warning: // comments are not allowed in this language [-Wcomment]
//reads a pin
^
USART.c(48): warning: variable declaration in for loop is a C99-specific feature [-Wc99-extensions]
        for(uint8_t i=0;i<size;i++){
            ^
USART.c(48): warning: GCC does not allow variable declarations in for loop initializers before C99 [-Wgcc-compat]
USART.c(59): warning: variable declaration in for loop is a C99-specific feature [-Wc99-extensions]
        for(uint8_t i=0;i<size;i++){
            ^
USART.c(59): warning: GCC does not allow variable declarations in for loop initializers before C99 [-Wgcc-compat]
USART.c(77): warning: // comments are not allowed in this language [-Wcomment]
// Send a string to the UART PORTx
^
8 warnings generated.
compiling USART.c...
main.c(1): warning: In file included from...
./CLOCK.h(39): warning: // comments are not allowed in this language [-Wcomment]
#define PLL_P 0 //0 to the sixteenth position (PLL=2)
                ^
main.c(2): warning: In file included from...
./GPIO.h(117): warning: // comments are not allowed in this language [-Wcomment]
//reads a pin
^
main.c(4): warning: In file included from...
./USART.h(49): warning: // comments are not allowed in this language [-Wcomment]
// USART 2 Configuration
^
main.c(82): warning: // comments are not allowed in this language [-Wcomment]
                                                //UART_SendString(USART2,command);
                                                ^
main.c(471): warning: mixing declarations and code is a C99 extension [-Wdeclaration-after-statement]
                        int up_down=rand()%2;
                            ^
main.c(394): warning: mixing declarations and code is a C99 extension [-Wdeclaration-after-statement]
                GPIO_InitTypeDef InitDef;
                                 ^
6 warnings generated.
compiling main.c...
linking...
Program Size: Code=19412 RO-data=1400 RW-data=0 ZI-data=2128  
".\Objects\Project2.axf" - 0 Error(s), 19 Warning(s).

<h2>Software Packages used:</h2>

Package Vendor: ARM
                http://www.keil.com/pack/ARM.CMSIS.5.9.0.pack
                ARM.CMSIS.5.9.0
                CMSIS (Common Microcontroller Software Interface Standard)
   * Component: CORE Version: 5.6.0

Package Vendor: Keil
                https://www.keil.com/pack/Keil.STM32F4xx_DFP.2.17.0.pack
                Keil.STM32F4xx_DFP.2.17.0
                STMicroelectronics STM32F4 Series Device Support, Drivers and Examples
   * Component: Startup Version: 2.6.3

<h2>Collection of Component include folders:</h2>
  ./RTE/_Target_1
  C:/Users/USER/AppData/Local/Arm/Packs/ARM/CMSIS/5.9.0/CMSIS/Core/Include
  C:/Users/USER/AppData/Local/Arm/Packs/Keil/STM32F4xx_DFP/2.17.0/Drivers/CMSIS/Device/ST/STM32F4xx/Include

<h2>Collection of Component Files used:</h2>

   * Component: ARM::CMSIS:CORE:5.6.0

   * Component: Keil::Device:Startup:2.6.3
      Include file:  Drivers/CMSIS/Device/ST/STM32F4xx/Include/stm32f4xx.h
      Source file:   MDK/Device/Source/ARM/STM32F4xx_OTP.s
      Source file:   MDK/Device/Source/ARM/STM32F446xx_OPT.s
      Source file:   Drivers/CMSIS/Device/ST/STM32F4xx/Source/Templates/arm/startup_stm32f446xx.s
      Source file:   Drivers/CMSIS/Device/ST/STM32F4xx/Source/Templates/system_stm32f4xx.c
Build Time Elapsed:  00:00:00
</pre>
</body>
</html>
