Component: Arm Compiler for Embedded 6.19 Tool: armlink [5e73cb00]

==============================================================================

Section Cross References

    clock.o(.ARM.exidx.text.initClock) refers to clock.o(.text.initClock) for [Anonymous Symbol]
    gpio.o(.ARM.exidx.text.GPIO_WritePin) refers to gpio.o(.text.GPIO_WritePin) for [Anonymous Symbol]
    gpio.o(.ARM.exidx.text.GPIO_Init) refers to gpio.o(.text.GPIO_Init) for [Anonymous Symbol]
    gpio.o(.ARM.exidx.text.GPIOInit) refers to gpio.o(.text.GPIOInit) for [Anonymous Symbol]
    sys_init.o(.text.SysTick_Handler) refers to sys_init.o(.bss.msTicks) for msTicks
    sys_init.o(.ARM.exidx.text.SysTick_Handler) refers to sys_init.o(.text.SysTick_Handler) for [Anonymous Symbol]
    sys_init.o(.text.sysInit) refers to sys_init.o(.text.SysTick_Config) for SysTick_Config
    sys_init.o(.ARM.exidx.text.sysInit) refers to sys_init.o(.text.sysInit) for [Anonymous Symbol]
    sys_init.o(.text.SysTick_Config) refers to sys_init.o(.text.__NVIC_SetPriority) for __NVIC_SetPriority
    sys_init.o(.ARM.exidx.text.SysTick_Config) refers to sys_init.o(.text.SysTick_Config) for [Anonymous Symbol]
    sys_init.o(.text.getmsTick) refers to sys_init.o(.bss.msTicks) for msTicks
    sys_init.o(.ARM.exidx.text.getmsTick) refers to sys_init.o(.text.getmsTick) for [Anonymous Symbol]
    sys_init.o(.text.ms_delay) refers to sys_init.o(.bss.msTicks) for msTicks
    sys_init.o(.ARM.exidx.text.ms_delay) refers to sys_init.o(.text.ms_delay) for [Anonymous Symbol]
    sys_init.o(.ARM.exidx.text.__NVIC_SetPriority) refers to sys_init.o(.text.__NVIC_SetPriority) for [Anonymous Symbol]
    usart.o(.text._USART_WRITE) refers to usart.o(.text.UART_SendChar) for UART_SendChar
    usart.o(.ARM.exidx.text._USART_WRITE) refers to usart.o(.text._USART_WRITE) for [Anonymous Symbol]
    usart.o(.ARM.exidx.text.UART_SendChar) refers to usart.o(.text.UART_SendChar) for [Anonymous Symbol]
    usart.o(.text._USART_READ) refers to usart.o(.text.UART_GetChar) for UART_GetChar
    usart.o(.ARM.exidx.text._USART_READ) refers to usart.o(.text._USART_READ) for [Anonymous Symbol]
    usart.o(.ARM.exidx.text.UART_GetChar) refers to usart.o(.text.UART_GetChar) for [Anonymous Symbol]
    usart.o(.text._USART_READ_STR) refers to usart.o(.text.UART_GetChar) for UART_GetChar
    usart.o(.ARM.exidx.text._USART_READ_STR) refers to usart.o(.text._USART_READ_STR) for [Anonymous Symbol]
    usart.o(.text.UART_SendString) refers to usart.o(.text.UART_SendChar) for UART_SendChar
    usart.o(.ARM.exidx.text.UART_SendString) refers to usart.o(.text.UART_SendString) for [Anonymous Symbol]
    usart.o(.text.UART_GetString) refers to usart.o(.text.UART_GetChar) for UART_GetChar
    usart.o(.ARM.exidx.text.UART_GetString) refers to usart.o(.text.UART_GetString) for [Anonymous Symbol]
    usart.o(.text.UART2_Config) refers to usart.o(.text.__NVIC_SetPriority) for __NVIC_SetPriority
    usart.o(.text.UART2_Config) refers to usart.o(.text.__NVIC_EnableIRQ) for __NVIC_EnableIRQ
    usart.o(.ARM.exidx.text.UART2_Config) refers to usart.o(.text.UART2_Config) for [Anonymous Symbol]
    usart.o(.ARM.exidx.text.__NVIC_SetPriority) refers to usart.o(.text.__NVIC_SetPriority) for [Anonymous Symbol]
    usart.o(.ARM.exidx.text.__NVIC_EnableIRQ) refers to usart.o(.text.__NVIC_EnableIRQ) for [Anonymous Symbol]
    usart.o(.text.UART4_Config) refers to usart.o(.text.__NVIC_SetPriority) for __NVIC_SetPriority
    usart.o(.text.UART4_Config) refers to usart.o(.text.__NVIC_EnableIRQ) for __NVIC_EnableIRQ
    usart.o(.ARM.exidx.text.UART4_Config) refers to usart.o(.text.UART4_Config) for [Anonymous Symbol]
    usart.o(.text.UART5_Config) refers to usart.o(.text.__NVIC_SetPriority) for __NVIC_SetPriority
    usart.o(.text.UART5_Config) refers to usart.o(.text.__NVIC_EnableIRQ) for __NVIC_EnableIRQ
    usart.o(.ARM.exidx.text.UART5_Config) refers to usart.o(.text.UART5_Config) for [Anonymous Symbol]
    main.o(.text.getString) refers to usart.o(.text.UART_GetChar) for UART_GetChar
    main.o(.text.getString) refers to main.o(.bss.input) for input
    main.o(.ARM.exidx.text.getString) refers to main.o(.text.getString) for [Anonymous Symbol]
    main.o(.text.USART2_IRQHandler) refers to main.o(.text.getString) for getString
    main.o(.ARM.exidx.text.USART2_IRQHandler) refers to main.o(.text.USART2_IRQHandler) for [Anonymous Symbol]
    main.o(.text.I2C_ReceiveSlave) refers to main.o(.bss.input) for input
    main.o(.ARM.exidx.text.I2C_ReceiveSlave) refers to main.o(.text.I2C_ReceiveSlave) for [Anonymous Symbol]
    main.o(.text.I2C1_EV_IRQHandler) refers to main.o(.text.I2C_ReceiveSlave) for I2C_ReceiveSlave
    main.o(.text.I2C1_EV_IRQHandler) refers to main.o(.bss.input) for input
    main.o(.text.I2C1_EV_IRQHandler) refers to strlen.o(.text) for strlen
    main.o(.text.I2C1_EV_IRQHandler) refers to usart.o(.text.UART_SendString) for UART_SendString
[...]
    ../clib/printf.c                         0x00000000   Number         0  _printf_pad.o ABSOLUTE
    ../clib/printf.c                         0x00000000   Number         0  _printf_truncate.o ABSOLUTE
    ../clib/printf.c                         0x00000000   Number         0  _printf_str.o ABSOLUTE
    ../clib/printf.c                         0x00000000   Number         0  _printf_dec.o ABSOLUTE
    ../clib/printf.c                         0x00000000   Number         0  _printf_charcount.o ABSOLUTE
    ../clib/printf.c                         0x00000000   Number         0  _printf_char_common.o ABSOLUTE
    ../clib/printf.c                         0x00000000   Number         0  _sputc.o ABSOLUTE
    ../clib/printf.c                         0x00000000   Number         0  _printf_wctomb.o ABSOLUTE
    ../clib/printf.c                         0x00000000   Number         0  _printf_longlong_dec.o ABSOLUTE
    ../clib/printf.c                         0x00000000   Number         0  _printf_oct_ll.o ABSOLUTE
    ../clib/printf.c                         0x00000000   Number         0  _printf_oct_int.o ABSOLUTE
    ../clib/printf.c                         0x00000000   Number         0  _printf_oct_int_ll.o ABSOLUTE
    ../clib/printf.c                         0x00000000   Number         0  _printf_hex_ll.o ABSOLUTE
    ../clib/printf.c                         0x00000000   Number         0  _printf_hex_int.o ABSOLUTE
    ../clib/printf.c                         0x00000000   Number         0  _printf_hex_int_ll.o ABSOLUTE
    ../clib/printf.c                         0x00000000   Number         0  _printf_hex_ptr.o ABSOLUTE
    ../clib/printf.c                         0x00000000   Number         0  _printf_hex_int_ptr.o ABSOLUTE
    ../clib/printf.c                         0x00000000   Number         0  _printf_hex_ll_ptr.o ABSOLUTE
    ../clib/printf.c                         0x00000000   Number         0  _printf_hex_int_ll_ptr.o ABSOLUTE
    ../clib/printf.c                         0x00000000   Number         0  __printf_flags.o ABSOLUTE
    ../clib/printf.c                         0x00000000   Number         0  __printf_ss.o ABSOLUTE
    ../clib/printf.c                         0x00000000   Number         0  __printf_flags_ss.o ABSOLUTE
    ../clib/printf.c                         0x00000000   Number         0  __printf_wp.o ABSOLUTE
    ../clib/printf.c                         0x00000000   Number         0  __printf_flags_wp.o ABSOLUTE
    ../clib/printf.c                         0x00000000   Number         0  __printf_ss_wp.o ABSOLUTE
    ../clib/printf.c                         0x00000000   Number         0  __printf_flags_ss_wp.o ABSOLUTE
    ../clib/printf.c                         0x00000000   Number         0  _printf_intcommon.o ABSOLUTE
    ../clib/printf.c                         0x00000000   Number         0  _printf_fp_dec.o ABSOLUTE
    ../clib/printf.c                         0x00000000   Number         0  _printf_fp_dec_accurate.o ABSOLUTE
    ../clib/printf.c                         0x00000000   Number         0  _printf_fp_hex.o ABSOLUTE
    ../clib/printf.c                         0x00000000   Number         0  __printf_nopercent.o ABSOLUTE
    ../clib/printf.c                         0x00000000   Number         0  _printf_char.o ABSOLUTE
    ../clib/printf.c                         0x00000000   Number         0  _printf_wchar.o ABSOLUTE
    ../clib/printf.c                         0x00000000   Number         0  _printf_fp_infnan.o ABSOLUTE
    ../clib/printf_percent.s                 0x00000000   Number         0  _printf_c.o ABSOLUTE
    ../clib/printf_percent.s                 0x00000000   Number         0  _printf_s.o ABSOLUTE
    ../clib/printf_percent.s                 0x00000000   Number         0  _printf_n.o ABSOLUTE
    ../clib/printf_percent.s                 0x00000000   Number         0  _printf_x.o ABSOLUTE
    ../clib/printf_percent.s                 0x00000000   Number         0  _printf_p.o ABSOLUTE
    ../clib/printf_percent.s                 0x00000000   Number         0  _printf_o.o ABSOLUTE
    ../clib/printf_percent.s                 0x00000000   Number         0  _printf_i.o ABSOLUTE
    ../clib/printf_percent.s                 0x00000000   Number         0  _printf_d.o ABSOLUTE
    ../clib/printf_percent.s                 0x00000000   Number         0  _printf_u.o ABSOLUTE
    ../clib/printf_percent.s                 0x00000000   Number         0  _printf_f.o ABSOLUTE
    ../clib/printf_percent.s                 0x00000000   Number         0  _printf_e.o ABSOLUTE
    ../clib/printf_percent.s                 0x00000000   Number         0  _printf_g.o ABSOLUTE
    ../clib/printf_percent.s                 0x00000000   Number         0  _printf_a.o ABSOLUTE
    ../clib/printf_percent.s                 0x00000000   Number         0  _printf_percent.o ABSOLUTE
    ../clib/printf_percent.s                 0x00000000   Number         0  _printf_lli.o ABSOLUTE
    ../clib/printf_percent.s                 0x00000000   Number         0  _printf_lld.o ABSOLUTE
    ../clib/printf_percent.s                 0x00000000   Number         0  _printf_llu.o ABSOLUTE
    ../clib/printf_percent.s                 0x00000000   Number         0  _printf_ll.o ABSOLUTE
    ../clib/printf_percent.s                 0x00000000   Number         0  _printf_l.o ABSOLUTE
    ../clib/printf_percent.s                 0x00000000   Number         0  _printf_lc.o ABSOLUTE
    ../clib/printf_percent.s                 0x00000000   Number         0  _printf_ls.o ABSOLUTE
    ../clib/printf_percent.s                 0x00000000   Number         0  _printf_llo.o ABSOLUTE
    ../clib/printf_percent.s                 0x00000000   Number         0  _printf_llx.o ABSOLUTE
    ../clib/printf_percent.s                 0x00000000   Number         0  _printf_percent_end.o ABSOLUTE
    ../clib/signal.c                         0x00000000   Number         0  defsig_rtmem_outer.o ABSOLUTE
    ../clib/signal.c                         0x00000000   Number         0  defsig_rtmem_formal.o ABSOLUTE
    ../clib/signal.c                         0x00000000   Number         0  defsig_exit.o ABSOLUTE
    ../clib/signal.c                         0x00000000   Number         0  defsig_rtmem_inner.o ABSOLUTE
    ../clib/signal.c                         0x00000000   Number         0  __raise.o ABSOLUTE
    ../clib/signal.c                         0x00000000   Number         0  defsig_general.o ABSOLUTE
    ../clib/signal.c                         0x00000000   Number         0  defsig_abrt_inner.o ABSOLUTE
    ../clib/signal.c                         0x00000000   Number         0  defsig_fpe_inner.o ABSOLUTE
    ../clib/signal.c                         0x00000000   Number         0  defsig_rtred_inner.o ABSOLUTE
    ../clib/signal.c                         0x00000000   Number         0  defsig_stak_inner.o ABSOLUTE
    ../clib/signal.c                         0x00000000   Number         0  defsig_pvfn_inner.o ABSOLUTE
    ../clib/signal.c                         0x00000000   Number         0  defsig_cppl_inner.o ABSOLUTE
    ../clib/signal.c                         0x00000000   Number         0  defsig_segv_inner.o ABSOLUTE
    ../clib/signal.c                         0x00000000   Number         0  defsig_other.o ABSOLUTE
    ../clib/signal.s                         0x00000000   Number         0  defsig.o ABSOLUTE
    ../clib/stdlib.c                         0x00000000   Number         0  exit.o ABSOLUTE
    ../clib/string.c                         0x00000000   Number         0  strcpy.o ABSOLUTE
    ../clib/string.c                         0x00000000   Number         0  strlen.o ABSOLUTE
    ../fplib/fpinit.s                        0x00000000   Number         0  fpinit.o ABSOLUTE
    ../fplib/istatus.s                       0x00000000   Number         0  istatus.o ABSOLUTE
    ../fplib/printf1.s                       0x00000000   Number         0  printf1.o ABSOLUTE
    ../fplib/printf2.s                       0x00000000   Number         0  printf2.o ABSOLUTE
    ../fplib/printf2a.s                      0x00000000   Number         0  printf2a.o ABSOLUTE
    ../fplib/printf2b.s                      0x00000000   Number         0  printf2b.o ABSOLUTE
    ../fplib/usenofp.s                       0x00000000   Number         0  usenofp.o ABSOLUTE
    ../mathlib/fpclassify.c                  0x00000000   Number         0  fpclassify.o ABSOLUTE
    CLOCK.c                                  0x00000000   Number         0  clock.o ABSOLUTE
    GPIO.c                                   0x00000000   Number         0  gpio.o ABSOLUTE
    RTE/Device/STM32F446RETx/startup_stm32f446xx.s 0x00000000   Number         0  startup_stm32f446xx.o ABSOLUTE
    SYS_INIT.c                               0x00000000   Number         0  sys_init.o ABSOLUTE
    USART.c                                  0x00000000   Number         0  usart.o ABSOLUTE
    dc.s                                     0x00000000   Number         0  dc.o ABSOLUTE
    main.c                                   0x00000000   Number         0  main.o ABSOLUTE
    system_stm32f4xx.c                       0x00000000   Number         0  system_stm32f4xx.o ABSOLUTE
    RESET                                    0x08000000   Section      452  startup_stm32f446xx.o(RESET)
    !!!main                                  0x080001c4   Section        8  __main.o(!!!main)
    !!!scatter                               0x080001cc   Section       52  __scatter.o(!!!scatter)
    !!handler_zi                             0x08000200   Section       28  __scatter_zi.o(!!handler_zi)
    .ARM.Collect$$_printf_percent$$00000000  0x0800021c   Section        0  _printf_percent.o(.ARM.Collect$$_printf_percent$$00000000)
    .ARM.Collect$$_printf_percent$$00000001  0x0800021c   Section        6  _printf_n.o(.ARM.Collect$$_printf_percent$$00000001)
    .ARM.Collect$$_printf_percent$$00000002  0x08000222   Section        6  _printf_p.o(.ARM.Collect$$_printf_percent$$00000002)
    .ARM.Collect$$_printf_percent$$00000003  0x08000228   Section        6  _printf_f.o(.ARM.Collect$$_printf_percent$$00000003)
    .ARM.Collect$$_printf_percent$$00000004  0x0800022e   Section        6  _printf_e.o(.ARM.Collect$$_printf_percent$$00000004)
    .ARM.Collect$$_printf_percent$$00000005  0x08000234   Section        6  _printf_g.o(.ARM.Collect$$_printf_percent$$00000005)
    .ARM.Collect$$_printf_percent$$00000006  0x0800023a   Section        6  _printf_a.o(.ARM.Collect$$_printf_percent$$00000006)
    .ARM.Collect$$_printf_percent$$00000007  0x08000240   Section       10  _printf_ll.o(.ARM.Collect$$_printf_percent$$00000007)
    .ARM.Collect$$_printf_percent$$00000008  0x0800024a   Section        6  _printf_i.o(.ARM.Collect$$_printf_percent$$00000008)
    .ARM.Collect$$_printf_percent$$00000009  0x08000250   Section        6  _printf_d.o(.ARM.Collect$$_printf_percent$$00000009)
    .ARM.Collect$$_printf_percent$$0000000A  0x08000256   Section        6  _printf_u.o(.ARM.Collect$$_printf_percent$$0000000A)
    .ARM.Collect$$_printf_percent$$0000000B  0x0800025c   Section        6  _printf_o.o(.ARM.Collect$$_printf_percent$$0000000B)
    .ARM.Collect$$_printf_percent$$0000000C  0x08000262   Section        6  _printf_x.o(.ARM.Collect$$_printf_percent$$0000000C)
    .ARM.Collect$$_printf_percent$$0000000D  0x08000268   Section        6  _printf_lli.o(.ARM.Collect$$_printf_percent$$0000000D)
    .ARM.Collect$$_printf_percent$$0000000E  0x0800026e   Section        6  _printf_lld.o(.ARM.Collect$$_printf_percent$$0000000E)
    .ARM.Collect$$_printf_percent$$0000000F  0x08000274   Section        6  _printf_llu.o(.ARM.Collect$$_printf_percent$$0000000F)
    .ARM.Collect$$_printf_percent$$00000010  0x0800027a   Section        6  _printf_llo.o(.ARM.Collect$$_printf_percent$$00000010)
    .ARM.Collect$$_printf_percent$$00000011  0x08000280   Section        6  _printf_llx.o(.ARM.Collect$$_printf_percent$$00000011)
    .ARM.Collect$$_printf_percent$$00000012  0x08000286   Section       10  _printf_l.o(.ARM.Collect$$_printf_percent$$00000012)
    .ARM.Collect$$_printf_percent$$00000013  0x08000290   Section        6  _printf_c.o(.ARM.Collect$$_printf_percent$$00000013)
    .ARM.Collect$$_printf_percent$$00000014  0x08000296   Section        6  _printf_s.o(.ARM.Collect$$_printf_percent$$00000014)
    .ARM.Collect$$_printf_percent$$00000015  0x0800029c   Section        6  _printf_lc.o(.ARM.Collect$$_printf_percent$$00000015)
    .ARM.Collect$$_printf_percent$$00000016  0x080002a2   Section        6  _printf_ls.o(.ARM.Collect$$_printf_percent$$00000016)
    .ARM.Collect$$_printf_percent$$00000017  0x080002a8   Section        4  _printf_percent_end.o(.ARM.Collect$$_printf_percent$$00000017)
    .ARM.Collect$$libinit$$00000000          0x080002ac   Section        2  libinit.o(.ARM.Collect$$libinit$$00000000)
    .ARM.Collect$$libinit$$00000001          0x080002ae   Section        4  libinit2.o(.ARM.Collect$$libinit$$00000001)
    .ARM.Collect$$libinit$$00000004          0x080002b2   Section        0  libinit2.o(.ARM.Collect$$libinit$$00000004)
    .ARM.Collect$$libinit$$00000006          0x080002b2   Section        0  libinit2.o(.ARM.Collect$$libinit$$00000006)
    .ARM.Collect$$libinit$$0000000C          0x080002b2   Section        0  libinit2.o(.ARM.Collect$$libinit$$0000000C)
    .ARM.Collect$$libinit$$0000000E          0x080002b2   Section        0  libinit2.o(.ARM.Collect$$libinit$$0000000E)
    .ARM.Collect$$libinit$$00000010          0x080002b2   Section        0  libinit2.o(.ARM.Collect$$libinit$$00000010)
    .ARM.Collect$$libinit$$00000011          0x080002b2   Section        6  libinit2.o(.ARM.Collect$$libinit$$00000011)
    .ARM.Collect$$libinit$$00000013          0x080002b8   Section        0  libinit2.o(.ARM.Collect$$libinit$$00000013)
    .ARM.Collect$$libinit$$00000014          0x080002b8   Section       12  libinit2.o(.ARM.Collect$$libinit$$00000014)
    .ARM.Collect$$libinit$$00000015          0x080002c4   Section        0  libinit2.o(.ARM.Collect$$libinit$$00000015)
    .ARM.Collect$$libinit$$00000017          0x080002c4   Section        0  libinit2.o(.ARM.Collect$$libinit$$00000017)
    .ARM.Collect$$libinit$$00000018          0x080002c4   Section       10  libinit2.o(.ARM.Collect$$libinit$$00000018)
    .ARM.Collect$$libinit$$00000019          0x080002ce   Section        0  libinit2.o(.ARM.Collect$$libinit$$00000019)
    .ARM.Collect$$libinit$$0000001B          0x080002ce   Section        0  libinit2.o(.ARM.Collect$$libinit$$0000001B)
    .ARM.Collect$$libinit$$0000001D          0x080002ce   Section        0  libinit2.o(.ARM.Collect$$libinit$$0000001D)
    .ARM.Collect$$libinit$$0000001F          0x080002ce   Section        0  libinit2.o(.ARM.Collect$$libinit$$0000001F)
    .ARM.Collect$$libinit$$00000021          0x080002ce   Section        0  libinit2.o(.ARM.Collect$$libinit$$00000021)
    .ARM.Collect$$libinit$$00000023          0x080002ce   Section        0  libinit2.o(.ARM.Collect$$libinit$$00000023)
    .ARM.Collect$$libinit$$00000025          0x080002ce   Section        0  libinit2.o(.ARM.Collect$$libinit$$00000025)
    .ARM.Collect$$libinit$$00000027          0x080002ce   Section        0  libinit2.o(.ARM.Collect$$libinit$$00000027)
    .ARM.Collect$$libinit$$0000002E          0x080002ce   Section        0  libinit2.o(.ARM.Collect$$libinit$$0000002E)
    .ARM.Collect$$libinit$$00000030          0x080002ce   Section        0  libinit2.o(.ARM.Collect$$libinit$$00000030)
    .ARM.Collect$$libinit$$00000032          0x080002ce   Section        0  libinit2.o(.ARM.Collect$$libinit$$00000032)
    .ARM.Collect$$libinit$$00000034          0x080002ce   Section        0  libinit2.o(.ARM.Collect$$libinit$$00000034)
    .ARM.Collect$$libinit$$00000035          0x080002ce   Section        2  libinit2.o(.ARM.Collect$$libinit$$00000035)
    .ARM.Collect$$libshutdown$$00000000      0x080002d0   Section        2  libshutdown.o(.ARM.Collect$$libshutdown$$00000000)
    .ARM.Collect$$libshutdown$$00000002      0x080002d2   Section        0  libshutdown2.o(.ARM.Collect$$libshutdown$$00000002)
    .ARM.Collect$$libshutdown$$00000004      0x080002d2   Section        0  libshutdown2.o(.ARM.Collect$$libshutdown$$00000004)
    .ARM.Collect$$libshutdown$$00000007      0x080002d2   Section        0  libshutdown2.o(.ARM.Collect$$libshutdown$$00000007)
    .ARM.Collect$$libshutdown$$0000000A      0x080002d2   Section        0  libshutdown2.o(.ARM.Collect$$libshutdown$$0000000A)
    .ARM.Collect$$libshutdown$$0000000C      0x080002d2   Section        0  libshutdown2.o(.ARM.Collect$$libshutdown$$0000000C)
    .ARM.Collect$$libshutdown$$0000000F      0x080002d2   Section        0  libshutdown2.o(.ARM.Collect$$libshutdown$$0000000F)
    .ARM.Collect$$libshutdown$$00000010      0x080002d2   Section        2  libshutdown2.o(.ARM.Collect$$libshutdown$$00000010)
    .ARM.Collect$$rtentry$$00000000          0x080002d4   Section        0  __rtentry.o(.ARM.Collect$$rtentry$$00000000)
    .ARM.Collect$$rtentry$$00000002          0x080002d4   Section        0  __rtentry2.o(.ARM.Collect$$rtentry$$00000002)
    .ARM.Collect$$rtentry$$00000004          0x080002d4   Section        6  __rtentry4.o(.ARM.Collect$$rtentry$$00000004)
    .ARM.Collect$$rtentry$$00000009          0x080002da   Section        0  __rtentry2.o(.ARM.Collect$$rtentry$$00000009)
    .ARM.Collect$$rtentry$$0000000A          0x080002da   Section        4  __rtentry2.o(.ARM.Collect$$rtentry$$0000000A)
    .ARM.Collect$$rtentry$$0000000C          0x080002de   Section        0  __rtentry2.o(.ARM.Collect$$rtentry$$0000000C)
    .ARM.Collect$$rtentry$$0000000D          0x080002de   Section        8  __rtentry2.o(.ARM.Collect$$rtentry$$0000000D)
    .ARM.Collect$$rtexit$$00000000           0x080002e6   Section        2  rtexit.o(.ARM.Collect$$rtexit$$00000000)
    .ARM.Collect$$rtexit$$00000002           0x080002e8   Section        0  rtexit2.o(.ARM.Collect$$rtexit$$00000002)
    .ARM.Collect$$rtexit$$00000003           0x080002e8   Section        4  rtexit2.o(.ARM.Collect$$rtexit$$00000003)
    .ARM.Collect$$rtexit$$00000004           0x080002ec   Section        6  rtexit2.o(.ARM.Collect$$rtexit$$00000004)
    $v0                                      0x080002f4   Number         0  startup_stm32f446xx.o(.text)
    .text                                    0x080002f4   Section       64  startup_stm32f446xx.o(.text)
    .text                                    0x08000334   Section        0  sprintf.o(.text)
    .text                                    0x08000360   Section        0  strcpy.o(.text)
    .text                                    0x080003a8   Section        0  strlen.o(.text)
    .text                                    0x080003e6   Section        0  heapauxi.o(.text)
    .text                                    0x080003ec   Section        0  _printf_pad.o(.text)
    .text                                    0x0800043a   Section        0  _printf_truncate.o(.text)
    .text                                    0x0800045e   Section        0  _printf_str.o(.text)
    .text                                    0x080004b0   Section        0  _printf_dec.o(.text)
    .text                                    0x08000528   Section        0  _printf_charcount.o(.text)
    _printf_input_char                       0x08000551   Thumb Code    10  _printf_char_common.o(.text)
    .text                                    0x08000550   Section        0  _printf_char_common.o(.text)
    .text                                    0x08000580   Section        0  _sputc.o(.text)
    .text                                    0x0800058c   Section        0  _printf_wctomb.o(.text)
    .text                                    0x08000648   Section        0  _printf_longlong_dec.o(.text)
    _printf_longlong_oct_internal            0x080006c5   Thumb Code     0  _printf_oct_int_ll.o(.text)
    .text                                    0x080006c4   Section        0  _printf_oct_int_ll.o(.text)
    _printf_hex_common                       0x08000735   Thumb Code     0  _printf_hex_int_ll_ptr.o(.text)
    .text                                    0x08000734   Section        0  _printf_hex_int_ll_ptr.o(.text)
    .text                                    0x080007c8   Section        0  __printf_flags_ss_wp.o(.text)
    .text                                    0x08000950   Section      138  lludiv10.o(.text)
    .text                                    0x080009da   Section        0  _printf_intcommon.o(.text)
    _fp_digits                               0x08000a8d   Thumb Code   432  _printf_fp_dec.o(.text)
    .text                                    0x08000a8c   Section        0  _printf_fp_dec.o(.text)
    .text                                    0x08000ea8   Section        0  _printf_fp_hex.o(.text)
    .text                                    0x080011a4   Section        0  _printf_char.o(.text)
    .text                                    0x080011d0   Section        0  _printf_wchar.o(.text)
    .text                                    0x080011fc   Section        0  _c16rtomb.o(.text)
    .text                                    0x08001244   Section       74  sys_stackheap_outer.o(.text)
    .text                                    0x08001290   Section       16  rt_ctype_table.o(.text)
    .text                                    0x080012a0   Section        8  rt_locale_intlibspace.o(.text)
    .text                                    0x080012a8   Section        0  _printf_fp_infnan.o(.text)
    .text                                    0x08001328   Section        0  bigflt0.o(.text)
    .text                                    0x0800140c   Section        0  exit.o(.text)
    .text                                    0x08001420   Section        8  libspace.o(.text)
    .text                                    0x08001428   Section      124  strcmpv7em.o(.text)
    .text                                    0x080014a4   Section        0  sys_exit.o(.text)
    .text                                    0x080014b0   Section        2  use_no_semi.o(.text)
    .text                                    0x080014b2   Section        0  indicate_semi.o(.text)
    [Anonymous Symbol]                       0x080014b4   Section        0  main.o(.text.I2C1_EV_IRQHandler)
    [Anonymous Symbol]                       0x0800153c   Section        0  main.o(.text.I2C1_SetAddress)
    [Anonymous Symbol]                       0x08001560   Section        0  main.o(.text.I2C_Address)
    [Anonymous Symbol]                       0x0800161c   Section        0  main.o(.text.I2C_ReceiveSlave)
    [Anonymous Symbol]                       0x080016f8   Section        0  main.o(.text.I2C_Send_Master_Slave)
    [Anonymous Symbol]                       0x080017e8   Section        0  main.o(.text.I2C_Start)
    [Anonymous Symbol]                       0x08001850   Section        0  main.o(.text.I2C_Stop)
    [Anonymous Symbol]                       0x08001864   Section        0  main.o(.text.I2C_Write)
    [Anonymous Symbol]                       0x08001914   Section        0  main.o(.text.I2C_config)
    SysTick_Config                           0x08001a01   Thumb Code    82  sys_init.o(.text.SysTick_Config)
    [Anonymous Symbol]                       0x08001a00   Section        0  sys_init.o(.text.SysTick_Config)
    [Anonymous Symbol]                       0x08001a54   Section        0  sys_init.o(.text.SysTick_Handler)
    [Anonymous Symbol]                       0x08001a64   Section        0  system_stm32f4xx.o(.text.SystemInit)
    [Anonymous Symbol]                       0x08001a78   Section        0  usart.o(.text.UART2_Config)
    [Anonymous Symbol]                       0x08001b30   Section        0  usart.o(.text.UART_GetChar)
    [Anonymous Symbol]                       0x08001b54   Section        0  usart.o(.text.UART_SendChar)
    [Anonymous Symbol]                       0x08001b78   Section        0  usart.o(.text.UART_SendString)
    [Anonymous Symbol]                       0x08001ba0   Section        0  main.o(.text.USART2_IRQHandler)
    __NVIC_EnableIRQ                         0x08001bc9   Thumb Code    48  usart.o(.text.__NVIC_EnableIRQ)
    [Anonymous Symbol]                       0x08001bc8   Section        0  usart.o(.text.__NVIC_EnableIRQ)
    __NVIC_EnableIRQ                         0x08001bf9   Thumb Code    48  main.o(.text.__NVIC_EnableIRQ)
    [Anonymous Symbol]                       0x08001bf8   Section        0  main.o(.text.__NVIC_EnableIRQ)
    __NVIC_SetPriority                       0x08001c29   Thumb Code    66  sys_init.o(.text.__NVIC_SetPriority)
    [Anonymous Symbol]                       0x08001c28   Section        0  sys_init.o(.text.__NVIC_SetPriority)
    __NVIC_SetPriority                       0x08001c6d   Thumb Code    66  usart.o(.text.__NVIC_SetPriority)
    [Anonymous Symbol]                       0x08001c6c   Section        0  usart.o(.text.__NVIC_SetPriority)
    [Anonymous Symbol]                       0x08001cb0   Section        0  main.o(.text.getString)
    [Anonymous Symbol]                       0x08001d20   Section        0  main.o(.text.init)
    [Anonymous Symbol]                       0x08001d30   Section        0  clock.o(.text.initClock)
    [Anonymous Symbol]                       0x08001e08   Section        0  main.o(.text.main)
    [Anonymous Symbol]                       0x08001e94   Section        0  sys_init.o(.text.sysInit)
    CL$$btod_d2e                             0x08001ea4   Section       62  btod.o(CL$$btod_d2e)
    CL$$btod_d2e_denorm_low                  0x08001ee2   Section       70  btod.o(CL$$btod_d2e_denorm_low)
    CL$$btod_d2e_norm_op1                    0x08001f28   Section       96  btod.o(CL$$btod_d2e_norm_op1)
    CL$$btod_div_common                      0x08001f88   Section      824  btod.o(CL$$btod_div_common)
    CL$$btod_e2e                             0x080022c0   Section      220  btod.o(CL$$btod_e2e)
    CL$$btod_ediv                            0x0800239c   Section       42  btod.o(CL$$btod_ediv)
    CL$$btod_emul                            0x080023c6   Section       42  btod.o(CL$$btod_emul)
    CL$$btod_mult_common                     0x080023f0   Section      580  btod.o(CL$$btod_mult_common)
    i.__ARM_fpclassify                       0x08002634   Section        0  fpclassify.o(i.__ARM_fpclassify)
    i._is_digit                              0x08002664   Section        0  __printf_wp.o(i._is_digit)
    locale$$code                             0x08002674   Section       44  lc_numeric_c.o(locale$$code)
    locale$$code                             0x080026a0   Section       44  lc_ctype_c.o(locale$$code)
    $v0                                      0x080026cc   Number         0  fpinit.o(x$fpl$fpinit)
    x$fpl$fpinit                             0x080026cc   Section       26  fpinit.o(x$fpl$fpinit)
    $v0                                      0x080026e6   Number         0  printf1.o(x$fpl$printf1)
    x$fpl$printf1                            0x080026e6   Section        4  printf1.o(x$fpl$printf1)
    $v0                                      0x080026ea   Number         0  printf2.o(x$fpl$printf2)
    x$fpl$printf2                            0x080026ea   Section        4  printf2.o(x$fpl$printf2)
    x$fpl$usenofp                            0x080026ee   Section        0  usenofp.o(x$fpl$usenofp)
    initial_mbstate                          0x080026f0   Data           8  _printf_wctomb.o(.constdata)
    .constdata                               0x080026f0   Section        8  _printf_wctomb.o(.constdata)
    uc_hextab                                0x080026f8   Data          20  _printf_hex_int_ll_ptr.o(.constdata)
    .constdata                               0x080026f8   Section       40  _printf_hex_int_ll_ptr.o(.constdata)
    lc_hextab                                0x0800270c   Data          20  _printf_hex_int_ll_ptr.o(.constdata)
    maptable                                 0x08002720   Data          17  __printf_flags_ss_wp.o(.constdata)
    .constdata                               0x08002720   Section       17  __printf_flags_ss_wp.o(.constdata)
    lc_hextab                                0x08002731   Data          19  _printf_fp_hex.o(.constdata)
    .constdata                               0x08002731   Section       38  _printf_fp_hex.o(.constdata)
    uc_hextab                                0x08002744   Data          19  _printf_fp_hex.o(.constdata)
    tenpwrs_x                                0x08002758   Data          60  bigflt0.o(.constdata)
    .constdata                               0x08002758   Section      148  bigflt0.o(.constdata)
    tenpwrs_i                                0x08002794   Data          64  bigflt0.o(.constdata)
    .L.str.7                                 0x080027ec   Data           3  main.o(.rodata.str1.1)
    [Anonymous Symbol]                       0x080027ec   Section        0  main.o(.rodata.str1.1)
    .L.str.8                                 0x080027ef   Data           3  main.o(.rodata.str1.1)
    .L.str.9                                 0x080027f2   Data           3  main.o(.rodata.str1.1)
    .L.str.10                                0x080027f5   Data           3  main.o(.rodata.str1.1)
    .L.str.11                                0x080027f8   Data           3  main.o(.rodata.str1.1)
    .L.str.13                                0x080027fb   Data           7  main.o(.rodata.str1.1)
    .L.str.6                                 0x08002802   Data          26  main.o(.rodata.str1.1)
    .L.str.12                                0x0800281c   Data           8  main.o(.rodata.str1.1)
    .L.str.3                                 0x08002824   Data          16  main.o(.rodata.str1.1)
    .L.str.5                                 0x08002834   Data          17  main.o(.rodata.str1.1)
    .L.str.2                                 0x08002845   Data           9  main.o(.rodata.str1.1)
    .L.str                                   0x0800284c   Data           2  main.o(.rodata.str1.1)
    .L.str.4                                 0x0800284e   Data           3  main.o(.rodata.str1.1)
    .L.str.1                                 0x08002850   Data           1  main.o(.rodata.str1.1)
    locale$$data                             0x08002864   Section       28  lc_numeric_c.o(locale$$data)
    __lcnum_c_name                           0x08002868   Data           2  lc_numeric_c.o(locale$$data)
    __lcnum_c_start                          0x08002870   Data           0  lc_numeric_c.o(locale$$data)
    __lcnum_c_point                          0x0800287c   Data           0  lc_numeric_c.o(locale$$data)
    __lcnum_c_thousands                      0x0800287e   Data           0  lc_numeric_c.o(locale$$data)
    __lcnum_c_grouping                       0x0800287f   Data           0  lc_numeric_c.o(locale$$data)
    __lcnum_c_end                            0x08002880   Data           0  lc_numeric_c.o(locale$$data)
    locale$$data                             0x08002880   Section      272  lc_ctype_c.o(locale$$data)
    __lcctype_c_name                         0x08002884   Data           2  lc_ctype_c.o(locale$$data)
    __lcctype_c_start                        0x0800288c   Data           0  lc_ctype_c.o(locale$$data)
    __lcctype_c_end                          0x08002990   Data           0  lc_ctype_c.o(locale$$data)
    .bss                                     0x20000000   Section       96  libspace.o(.bss)
    msTicks                                  0x200000c4   Data           4  sys_init.o(.bss.msTicks)
    [Anonymous Symbol]                       0x200000c4   Section        0  sys_init.o(.bss.msTicks)
    Heap_Mem                                 0x200000c8   Data         512  startup_stm32f446xx.o(HEAP)
    HEAP                                     0x200000c8   Section      512  startup_stm32f446xx.o(HEAP)
    Stack_Mem                                0x200002c8   Data        1024  startup_stm32f446xx.o(STACK)
    STACK                                    0x200002c8   Section     1024  startup_stm32f446xx.o(STACK)
    __initial_sp                             0x200006c8   Data           0  startup_stm32f446xx.o(STACK)

    Global Symbols

    Symbol Name                              Value     Ov Type        Size  Object(Section)

    BuildAttributes$$THM_ISAv4$E$P$D$K$B$S$7EM$VFPi3$EXTD16$VFPS$VFMA$PE$A:L22UL41UL21$X:L11$S22US41US21$IEEE1$IW$~IW$USESV6$~STKCKD$USESV7$~SHL$OTIME$ROPI$IEEEJ$EBA8$UX$STANDARDLIB$REQ8$PRES8$EABIv2 0x00000000   Number         0  anon$$obj.o ABSOLUTE
    _printf_flags                            0x00000000   Number         0  printf_stubs.o ABSOLUTE
    _printf_return_value                     0x00000000   Number         0  printf_stubs.o ABSOLUTE
    _printf_sizespec                         0x00000000   Number         0  printf_stubs.o ABSOLUTE
    _printf_widthprec                        0x00000000   Number         0  printf_stubs.o ABSOLUTE
    __ARM_exceptions_init                     - Undefined Weak Reference
    __alloca_initialize                       - Undefined Weak Reference
    __arm_preinit_                            - Undefined Weak Reference
    __arm_relocate_pie_                       - Undefined Weak Reference
    __cpp_initialize__aeabi_                  - Undefined Weak Reference
    __cxa_finalize                            - Undefined Weak Reference
    __sigvec_lookup                           - Undefined Weak Reference
    _atexit_init                              - Undefined Weak Reference
    _call_atexit_fns                          - Undefined Weak Reference
    _clock_init                               - Undefined Weak Reference
    _fp_trap_init                             - Undefined Weak Reference
    _fp_trap_shutdown                         - Undefined Weak Reference
    _get_lc_collate                           - Undefined Weak Reference
    _get_lc_monetary                          - Undefined Weak Reference
    _get_lc_time                              - Undefined Weak Reference
    _getenv_init                              - Undefined Weak Reference
    _handle_redirection                       - Undefined Weak Reference
    _init_alloc                               - Undefined Weak Reference
    _init_user_alloc                          - Undefined Weak Reference
    _initio                                   - Undefined Weak Reference
    _printf_mbtowc                            - Undefined Weak Reference
    _printf_wc                                - Undefined Weak Reference
    _rand_init                                - Undefined Weak Reference
    _signal_finish                            - Undefined Weak Reference
    _signal_init                              - Undefined Weak Reference
    _terminate_alloc                          - Undefined Weak Reference
    _terminate_user_alloc                     - Undefined Weak Reference
    _terminateio                              - Undefined Weak Reference
    __Vectors_Size                           0x000001c4   Number         0  startup_stm32f446xx.o ABSOLUTE
    __Vectors                                0x08000000   Data           4  startup_stm32f446xx.o(RESET)
    __Vectors_End                            0x080001c4   Data           0  startup_stm32f446xx.o(RESET)
    __main                                   0x080001c5   Thumb Code     8  __main.o(!!!main)
    __scatterload                            0x080001cd   Thumb Code     0  __scatter.o(!!!scatter)
    __scatterload_rt2                        0x080001cd   Thumb Code    44  __scatter.o(!!!scatter)
    __scatterload_rt2_thumb_only             0x080001cd   Thumb Code     0  __scatter.o(!!!scatter)
    __scatterload_null                       0x080001db   Thumb Code     0  __scatter.o(!!!scatter)
    __scatterload_zeroinit                   0x08000201   Thumb Code    28  __scatter_zi.o(!!handler_zi)
    _printf_n                                0x0800021d   Thumb Code     0  _printf_n.o(.ARM.Collect$$_printf_percent$$00000001)
    _printf_percent                          0x0800021d   Thumb Code     0  _printf_percent.o(.ARM.Collect$$_printf_percent$$00000000)
    _printf_p                                0x08000223   Thumb Code     0  _printf_p.o(.ARM.Collect$$_printf_percent$$00000002)
    _printf_f                                0x08000229   Thumb Code     0  _printf_f.o(.ARM.Collect$$_printf_percent$$00000003)
    _printf_e                                0x0800022f   Thumb Code     0  _printf_e.o(.ARM.Collect$$_printf_percent$$00000004)
    _printf_g                                0x08000235   Thumb Code     0  _printf_g.o(.ARM.Collect$$_printf_percent$$00000005)
    _printf_a                                0x0800023b   Thumb Code     0  _printf_a.o(.ARM.Collect$$_printf_percent$$00000006)
    _printf_ll                               0x08000241   Thumb Code     0  _printf_ll.o(.ARM.Collect$$_printf_percent$$00000007)
    _printf_i                                0x0800024b   Thumb Code     0  _printf_i.o(.ARM.Collect$$_printf_percent$$00000008)
    _printf_d                                0x08000251   Thumb Code     0  _printf_d.o(.ARM.Collect$$_printf_percent$$00000009)
    _printf_u                                0x08000257   Thumb Code     0  _printf_u.o(.ARM.Collect$$_printf_percent$$0000000A)
    _printf_o                                0x0800025d   Thumb Code     0  _printf_o.o(.ARM.Collect$$_printf_percent$$0000000B)
    _printf_x                                0x08000263   Thumb Code     0  _printf_x.o(.ARM.Collect$$_printf_percent$$0000000C)
    _printf_lli                              0x08000269   Thumb Code     0  _printf_lli.o(.ARM.Collect$$_printf_percent$$0000000D)
    _printf_lld                              0x0800026f   Thumb Code     0  _printf_lld.o(.ARM.Collect$$_printf_percent$$0000000E)
    _printf_llu                              0x08000275   Thumb Code     0  _printf_llu.o(.ARM.Collect$$_printf_percent$$0000000F)
    _printf_llo                              0x0800027b   Thumb Code     0  _printf_llo.o(.ARM.Collect$$_printf_percent$$00000010)
    _printf_llx                              0x08000281   Thumb Code     0  _printf_llx.o(.ARM.Collect$$_printf_percent$$00000011)
    _printf_l                                0x08000287   Thumb Code     0  _printf_l.o(.ARM.Collect$$_printf_percent$$00000012)
    _printf_c                                0x08000291   Thumb Code     0  _printf_c.o(.ARM.Collect$$_printf_percent$$00000013)
    _printf_s                                0x08000297   Thumb Code     0  _printf_s.o(.ARM.Collect$$_printf_percent$$00000014)
    _printf_lc                               0x0800029d   Thumb Code     0  _printf_lc.o(.ARM.Collect$$_printf_percent$$00000015)
    _printf_ls                               0x080002a3   Thumb Code     0  _printf_ls.o(.ARM.Collect$$_printf_percent$$00000016)
    _printf_percent_end                      0x080002a9   Thumb Code     0  _printf_percent_end.o(.ARM.Collect$$_printf_percent$$00000017)
    __rt_lib_init                            0x080002ad   Thumb Code     0  libinit.o(.ARM.Collect$$libinit$$00000000)
    __rt_lib_init_fp_1                       0x080002af   Thumb Code     0  libinit2.o(.ARM.Collect$$libinit$$00000001)
    __rt_lib_init_heap_1                     0x080002b3   Thumb Code     0  libinit2.o(.ARM.Collect$$libinit$$0000000C)
    __rt_lib_init_lc_common                  0x080002b3   Thumb Code     0  libinit2.o(.ARM.Collect$$libinit$$00000011)
    __rt_lib_init_preinit_1                  0x080002b3   Thumb Code     0  libinit2.o(.ARM.Collect$$libinit$$00000006)
    __rt_lib_init_rand_1                     0x080002b3   Thumb Code     0  libinit2.o(.ARM.Collect$$libinit$$00000010)
    __rt_lib_init_relocate_pie_1             0x080002b3   Thumb Code     0  libinit2.o(.ARM.Collect$$libinit$$00000004)
    __rt_lib_init_user_alloc_1               0x080002b3   Thumb Code     0  libinit2.o(.ARM.Collect$$libinit$$0000000E)
    __rt_lib_init_lc_collate_1               0x080002b9   Thumb Code     0  libinit2.o(.ARM.Collect$$libinit$$00000013)
    __rt_lib_init_lc_ctype_2                 0x080002b9   Thumb Code     0  libinit2.o(.ARM.Collect$$libinit$$00000014)
    __rt_lib_init_lc_ctype_1                 0x080002c5   Thumb Code     0  libinit2.o(.ARM.Collect$$libinit$$00000015)
    __rt_lib_init_lc_monetary_1              0x080002c5   Thumb Code     0  libinit2.o(.ARM.Collect$$libinit$$00000017)
    __rt_lib_init_lc_numeric_2               0x080002c5   Thumb Code     0  libinit2.o(.ARM.Collect$$libinit$$00000018)
    __rt_lib_init_alloca_1                   0x080002cf   Thumb Code     0  libinit2.o(.ARM.Collect$$libinit$$00000030)
    __rt_lib_init_argv_1                     0x080002cf   Thumb Code     0  libinit2.o(.ARM.Collect$$libinit$$0000002E)
    __rt_lib_init_atexit_1                   0x080002cf   Thumb Code     0  libinit2.o(.ARM.Collect$$libinit$$0000001D)
    __rt_lib_init_clock_1                    0x080002cf   Thumb Code     0  libinit2.o(.ARM.Collect$$libinit$$00000023)
    __rt_lib_init_cpp_1                      0x080002cf   Thumb Code     0  libinit2.o(.ARM.Collect$$libinit$$00000034)
    __rt_lib_init_exceptions_1               0x080002cf   Thumb Code     0  libinit2.o(.ARM.Collect$$libinit$$00000032)
    __rt_lib_init_fp_trap_1                  0x080002cf   Thumb Code     0  libinit2.o(.ARM.Collect$$libinit$$00000021)
    __rt_lib_init_getenv_1                   0x080002cf   Thumb Code     0  libinit2.o(.ARM.Collect$$libinit$$00000025)
    __rt_lib_init_lc_numeric_1               0x080002cf   Thumb Code     0  libinit2.o(.ARM.Collect$$libinit$$00000019)
    __rt_lib_init_lc_time_1                  0x080002cf   Thumb Code     0  libinit2.o(.ARM.Collect$$libinit$$0000001B)
    __rt_lib_init_return                     0x080002cf   Thumb Code     0  libinit2.o(.ARM.Collect$$libinit$$00000035)
    __rt_lib_init_signal_1                   0x080002cf   Thumb Code     0  libinit2.o(.ARM.Collect$$libinit$$0000001F)
    __rt_lib_init_stdio_1                    0x080002cf   Thumb Code     0  libinit2.o(.ARM.Collect$$libinit$$00000027)
    __rt_lib_shutdown                        0x080002d1   Thumb Code     0  libshutdown.o(.ARM.Collect$$libshutdown$$00000000)
    __rt_lib_shutdown_cpp_1                  0x080002d3   Thumb Code     0  libshutdown2.o(.ARM.Collect$$libshutdown$$00000002)
    __rt_lib_shutdown_fp_trap_1              0x080002d3   Thumb Code     0  libshutdown2.o(.ARM.Collect$$libshutdown$$00000007)
    __rt_lib_shutdown_heap_1                 0x080002d3   Thumb Code     0  libshutdown2.o(.ARM.Collect$$libshutdown$$0000000F)
    __rt_lib_shutdown_return                 0x080002d3   Thumb Code     0  libshutdown2.o(.ARM.Collect$$libshutdown$$00000010)
    __rt_lib_shutdown_signal_1               0x080002d3   Thumb Code     0  libshutdown2.o(.ARM.Collect$$libshutdown$$0000000A)
    __rt_lib_shutdown_stdio_1                0x080002d3   Thumb Code     0  libshutdown2.o(.ARM.Collect$$libshutdown$$00000004)
    __rt_lib_shutdown_user_alloc_1           0x080002d3   Thumb Code     0  libshutdown2.o(.ARM.Collect$$libshutdown$$0000000C)
    __rt_entry                               0x080002d5   Thumb Code     0  __rtentry.o(.ARM.Collect$$rtentry$$00000000)
    __rt_entry_presh_1                       0x080002d5   Thumb Code     0  __rtentry2.o(.ARM.Collect$$rtentry$$00000002)
    __rt_entry_sh                            0x080002d5   Thumb Code     0  __rtentry4.o(.ARM.Collect$$rtentry$$00000004)
    __rt_entry_li                            0x080002db   Thumb Code     0  __rtentry2.o(.ARM.Collect$$rtentry$$0000000A)
    __rt_entry_postsh_1                      0x080002db   Thumb Code     0  __rtentry2.o(.ARM.Collect$$rtentry$$00000009)
    __rt_entry_main                          0x080002df   Thumb Code     0  __rtentry2.o(.ARM.Collect$$rtentry$$0000000D)
    __rt_entry_postli_1                      0x080002df   Thumb Code     0  __rtentry2.o(.ARM.Collect$$rtentry$$0000000C)
    __rt_exit                                0x080002e7   Thumb Code     0  rtexit.o(.ARM.Collect$$rtexit$$00000000)
    __rt_exit_ls                             0x080002e9   Thumb Code     0  rtexit2.o(.ARM.Collect$$rtexit$$00000003)
    __rt_exit_prels_1                        0x080002e9   Thumb Code     0  rtexit2.o(.ARM.Collect$$rtexit$$00000002)
    __rt_exit_exit                           0x080002ed   Thumb Code     0  rtexit2.o(.ARM.Collect$$rtexit$$00000004)
    Reset_Handler                            0x080002f5   Thumb Code     8  startup_stm32f446xx.o(.text)
    NMI_Handler                              0x080002fd   Thumb Code     2  startup_stm32f446xx.o(.text)
    HardFault_Handler                        0x080002ff   Thumb Code     2  startup_stm32f446xx.o(.text)
    MemManage_Handler                        0x08000301   Thumb Code     2  startup_stm32f446xx.o(.text)
    BusFault_Handler                         0x08000303   Thumb Code     2  startup_stm32f446xx.o(.text)
    UsageFault_Handler                       0x08000305   Thumb Code     2  startup_stm32f446xx.o(.text)
    SVC_Handler                              0x08000307   Thumb Code     2  startup_stm32f446xx.o(.text)
    DebugMon_Handler                         0x08000309   Thumb Code     2  startup_stm32f446xx.o(.text)
    PendSV_Handler                           0x0800030b   Thumb Code     2  startup_stm32f446xx.o(.text)
    ADC_IRQHandler                           0x0800030f   Thumb Code     0  startup_stm32f446xx.o(.text)
    CAN1_RX0_IRQHandler                      0x0800030f   Thumb Code     0  startup_stm32f446xx.o(.text)
    CAN1_RX1_IRQHandler                      0x0800030f   Thumb Code     0  startup_stm32f446xx.o(.text)
    CAN1_SCE_IRQHandler                      0x0800030f   Thumb Code     0  startup_stm32f446xx.o(.text)
    CAN1_TX_IRQHandler                       0x0800030f   Thumb Code     0  startup_stm32f446xx.o(.text)
    CAN2_RX0_IRQHandler                      0x0800030f   Thumb Code     0  startup_stm32f446xx.o(.text)
    CAN2_RX1_IRQHandler                      0x0800030f   Thumb Code     0  startup_stm32f446xx.o(.text)
    CAN2_SCE_IRQHandler                      0x0800030f   Thumb Code     0  startup_stm32f446xx.o(.text)
    CAN2_TX_IRQHandler                       0x0800030f   Thumb Code     0  startup_stm32f446xx.o(.text)
    CEC_IRQHandler                           0x0800030f   Thumb Code     0  startup_stm32f446xx.o(.text)
    DCMI_IRQHandler                          0x0800030f   Thumb Code     0  startup_stm32f446xx.o(.text)
    DMA1_Stream0_IRQHandler                  0x0800030f   Thumb Code     0  startup_stm32f446xx.o(.text)
    DMA1_Stream1_IRQHandler                  0x0800030f   Thumb Code     0  startup_stm32f446xx.o(.text)
    DMA1_Stream2_IRQHandler                  0x0800030f   Thumb Code     0  startup_stm32f446xx.o(.text)
    DMA1_Stream3_IRQHandler                  0x0800030f   Thumb Code     0  startup_stm32f446xx.o(.text)
    DMA1_Stream4_IRQHandler                  0x0800030f   Thumb Code     0  startup_stm32f446xx.o(.text)
    DMA1_Stream5_IRQHandler                  0x0800030f   Thumb Code     0  startup_stm32f446xx.o(.text)
    DMA1_Stream6_IRQHandler                  0x0800030f   Thumb Code     0  startup_stm32f446xx.o(.text)
    DMA1_Stream7_IRQHandler                  0x0800030f   Thumb Code     0  startup_stm32f446xx.o(.text)
    DMA2_Stream0_IRQHandler                  0x0800030f   Thumb Code     0  startup_stm32f446xx.o(.text)
    DMA2_Stream1_IRQHandler                  0x0800030f   Thumb Code     0  startup_stm32f446xx.o(.text)
    DMA2_Stream2_IRQHandler                  0x0800030f   Thumb Code     0  startup_stm32f446xx.o(.text)
    DMA2_Stream3_IRQHandler                  0x0800030f   Thumb Code     0  startup_stm32f446xx.o(.text)
    DMA2_Stream4_IRQHandler                  0x0800030f   Thumb Code     0  startup_stm32f446xx.o(.text)
    DMA2_Stream5_IRQHandler                  0x0800030f   Thumb Code     0  startup_stm32f446xx.o(.text)
    DMA2_Stream6_IRQHandler                  0x0800030f   Thumb Code     0  startup_stm32f446xx.o(.text)
    DMA2_Stream7_IRQHandler                  0x0800030f   Thumb Code     0  startup_stm32f446xx.o(.text)
    EXTI0_IRQHandler                         0x0800030f   Thumb Code     0  startup_stm32f446xx.o(.text)
    EXTI15_10_IRQHandler                     0x0800030f   Thumb Code     0  startup_stm32f446xx.o(.text)
    EXTI1_IRQHandler                         0x0800030f   Thumb Code     0  startup_stm32f446xx.o(.text)
    EXTI2_IRQHandler                         0x0800030f   Thumb Code     0  startup_stm32f446xx.o(.text)
    EXTI3_IRQHandler                         0x0800030f   Thumb Code     0  startup_stm32f446xx.o(.text)
    EXTI4_IRQHandler                         0x0800030f   Thumb Code     0  startup_stm32f446xx.o(.text)
    EXTI9_5_IRQHandler                       0x0800030f   Thumb Code     0  startup_stm32f446xx.o(.text)
    FLASH_IRQHandler                         0x0800030f   Thumb Code     0  startup_stm32f446xx.o(.text)
    FMC_IRQHandler                           0x0800030f   Thumb Code     0  startup_stm32f446xx.o(.text)
    FMPI2C1_ER_IRQHandler                    0x0800030f   Thumb Code     0  startup_stm32f446xx.o(.text)
    FMPI2C1_EV_IRQHandler                    0x0800030f   Thumb Code     0  startup_stm32f446xx.o(.text)
    FPU_IRQHandler                           0x0800030f   Thumb Code     0  startup_stm32f446xx.o(.text)
    I2C1_ER_IRQHandler                       0x0800030f   Thumb Code     0  startup_stm32f446xx.o(.text)
    I2C2_ER_IRQHandler                       0x0800030f   Thumb Code     0  startup_stm32f446xx.o(.text)
    I2C2_EV_IRQHandler                       0x0800030f   Thumb Code     0  startup_stm32f446xx.o(.text)
    I2C3_ER_IRQHandler                       0x0800030f   Thumb Code     0  startup_stm32f446xx.o(.text)
    I2C3_EV_IRQHandler                       0x0800030f   Thumb Code     0  startup_stm32f446xx.o(.text)
    OTG_FS_IRQHandler                        0x0800030f   Thumb Code     0  startup_stm32f446xx.o(.text)
    OTG_FS_WKUP_IRQHandler                   0x0800030f   Thumb Code     0  startup_stm32f446xx.o(.text)
    OTG_HS_EP1_IN_IRQHandler                 0x0800030f   Thumb Code     0  startup_stm32f446xx.o(.text)
    OTG_HS_EP1_OUT_IRQHandler                0x0800030f   Thumb Code     0  startup_stm32f446xx.o(.text)
    OTG_HS_IRQHandler                        0x0800030f   Thumb Code     0  startup_stm32f446xx.o(.text)
    OTG_HS_WKUP_IRQHandler                   0x0800030f   Thumb Code     0  startup_stm32f446xx.o(.text)
    PVD_IRQHandler                           0x0800030f   Thumb Code     0  startup_stm32f446xx.o(.text)
    QUADSPI_IRQHandler                       0x0800030f   Thumb Code     0  startup_stm32f446xx.o(.text)
    RCC_IRQHandler                           0x0800030f   Thumb Code     0  startup_stm32f446xx.o(.text)
    RTC_Alarm_IRQHandler                     0x0800030f   Thumb Code     0  startup_stm32f446xx.o(.text)
    RTC_WKUP_IRQHandler                      0x0800030f   Thumb Code     0  startup_stm32f446xx.o(.text)
    SAI1_IRQHandler                          0x0800030f   Thumb Code     0  startup_stm32f446xx.o(.text)
    SAI2_IRQHandler                          0x0800030f   Thumb Code     0  startup_stm32f446xx.o(.text)
    SDIO_IRQHandler                          0x0800030f   Thumb Code     0  startup_stm32f446xx.o(.text)
    SPDIF_RX_IRQHandler                      0x0800030f   Thumb Code     0  startup_stm32f446xx.o(.text)
    SPI1_IRQHandler                          0x0800030f   Thumb Code     0  startup_stm32f446xx.o(.text)
    SPI2_IRQHandler                          0x0800030f   Thumb Code     0  startup_stm32f446xx.o(.text)
    SPI3_IRQHandler                          0x0800030f   Thumb Code     0  startup_stm32f446xx.o(.text)
    SPI4_IRQHandler                          0x0800030f   Thumb Code     0  startup_stm32f446xx.o(.text)
    TAMP_STAMP_IRQHandler                    0x0800030f   Thumb Code     0  startup_stm32f446xx.o(.text)
    TIM1_BRK_TIM9_IRQHandler                 0x0800030f   Thumb Code     0  startup_stm32f446xx.o(.text)
    TIM1_CC_IRQHandler                       0x0800030f   Thumb Code     0  startup_stm32f446xx.o(.text)
    TIM1_TRG_COM_TIM11_IRQHandler            0x0800030f   Thumb Code     0  startup_stm32f446xx.o(.text)
    TIM1_UP_TIM10_IRQHandler                 0x0800030f   Thumb Code     0  startup_stm32f446xx.o(.text)
    TIM2_IRQHandler                          0x0800030f   Thumb Code     0  startup_stm32f446xx.o(.text)
    TIM3_IRQHandler                          0x0800030f   Thumb Code     0  startup_stm32f446xx.o(.text)
    TIM4_IRQHandler                          0x0800030f   Thumb Code     0  startup_stm32f446xx.o(.text)
    TIM5_IRQHandler                          0x0800030f   Thumb Code     0  startup_stm32f446xx.o(.text)
    TIM6_DAC_IRQHandler                      0x0800030f   Thumb Code     0  startup_stm32f446xx.o(.text)
    TIM7_IRQHandler                          0x0800030f   Thumb Code     0  startup_stm32f446xx.o(.text)
    TIM8_BRK_TIM12_IRQHandler                0x0800030f   Thumb Code     0  startup_stm32f446xx.o(.text)
    TIM8_CC_IRQHandler                       0x0800030f   Thumb Code     0  startup_stm32f446xx.o(.text)
    TIM8_TRG_COM_TIM14_IRQHandler            0x0800030f   Thumb Code     0  startup_stm32f446xx.o(.text)
    TIM8_UP_TIM13_IRQHandler                 0x0800030f   Thumb Code     0  startup_stm32f446xx.o(.text)
    UART4_IRQHandler                         0x0800030f   Thumb Code     0  startup_stm32f446xx.o(.text)
    UART5_IRQHandler                         0x0800030f   Thumb Code     0  startup_stm32f446xx.o(.text)
    USART1_IRQHandler                        0x0800030f   Thumb Code     0  startup_stm32f446xx.o(.text)
    USART3_IRQHandler                        0x0800030f   Thumb Code     0  startup_stm32f446xx.o(.text)
    USART6_IRQHandler                        0x0800030f   Thumb Code     0  startup_stm32f446xx.o(.text)
    WWDG_IRQHandler                          0x0800030f   Thumb Code     0  startup_stm32f446xx.o(.text)
    __user_initial_stackheap                 0x08000311   Thumb Code     0  startup_stm32f446xx.o(.text)
    sprintf                                  0x08000335   Thumb Code    38  sprintf.o(.text)
    strcpy                                   0x08000361   Thumb Code    72  strcpy.o(.text)
    strlen                                   0x080003a9   Thumb Code    62  strlen.o(.text)
    __use_two_region_memory                  0x080003e7   Thumb Code     2  heapauxi.o(.text)
    __rt_heap_escrow$2region                 0x080003e9   Thumb Code     2  heapauxi.o(.text)
    __rt_heap_expand$2region                 0x080003eb   Thumb Code     2  heapauxi.o(.text)
    _printf_pre_padding                      0x080003ed   Thumb Code    44  _printf_pad.o(.text)
    _printf_post_padding                     0x08000419   Thumb Code    34  _printf_pad.o(.text)
    _printf_truncate_signed                  0x0800043b   Thumb Code    18  _printf_truncate.o(.text)
    _printf_truncate_unsigned                0x0800044d   Thumb Code    18  _printf_truncate.o(.text)
    _printf_str                              0x0800045f   Thumb Code    82  _printf_str.o(.text)
    _printf_int_dec                          0x080004b1   Thumb Code   104  _printf_dec.o(.text)
    _printf_charcount                        0x08000529   Thumb Code    40  _printf_charcount.o(.text)
    _printf_char_common                      0x0800055b   Thumb Code    32  _printf_char_common.o(.text)
    _sputc                                   0x08000581   Thumb Code    10  _sputc.o(.text)
    _printf_wctomb                           0x0800058d   Thumb Code   182  _printf_wctomb.o(.text)
    _printf_longlong_dec                     0x08000649   Thumb Code   108  _printf_longlong_dec.o(.text)
    _printf_longlong_oct                     0x080006c5   Thumb Code    68  _printf_oct_int_ll.o(.text)
    _printf_int_oct                          0x08000709   Thumb Code    24  _printf_oct_int_ll.o(.text)
    _printf_ll_oct                           0x08000721   Thumb Code    12  _printf_oct_int_ll.o(.text)
    _printf_longlong_hex                     0x08000735   Thumb Code    86  _printf_hex_int_ll_ptr.o(.text)
    _printf_int_hex                          0x0800078b   Thumb Code    28  _printf_hex_int_ll_ptr.o(.text)
    _printf_ll_hex                           0x080007a7   Thumb Code    12  _printf_hex_int_ll_ptr.o(.text)
    _printf_hex_ptr                          0x080007b3   Thumb Code    18  _printf_hex_int_ll_ptr.o(.text)
    __printf                                 0x080007c9   Thumb Code   388  __printf_flags_ss_wp.o(.text)
    _ll_udiv10                               0x08000951   Thumb Code   138  lludiv10.o(.text)
    _printf_int_common                       0x080009db   Thumb Code   178  _printf_intcommon.o(.text)
    _printf_fp_dec_real                      0x08000c3d   Thumb Code   620  _printf_fp_dec.o(.text)
    _printf_fp_hex_real                      0x08000ea9   Thumb Code   756  _printf_fp_hex.o(.text)
    _printf_cs_common                        0x080011a5   Thumb Code    20  _printf_char.o(.text)
    _printf_char                             0x080011b9   Thumb Code    16  _printf_char.o(.text)
    _printf_string                           0x080011c9   Thumb Code     8  _printf_char.o(.text)
    _printf_lcs_common                       0x080011d1   Thumb Code    20  _printf_wchar.o(.text)
    _printf_wchar                            0x080011e5   Thumb Code    16  _printf_wchar.o(.text)
    _printf_wstring                          0x080011f5   Thumb Code     8  _printf_wchar.o(.text)
    _c16rtomb                                0x080011fd   Thumb Code    72  _c16rtomb.o(.text)
    _wcrtomb                                 0x080011fd   Thumb Code     0  _c16rtomb.o(.text)
    __user_setup_stackheap                   0x08001245   Thumb Code    74  sys_stackheap_outer.o(.text)
    __rt_ctype_table                         0x08001291   Thumb Code    16  rt_ctype_table.o(.text)
    __rt_locale                              0x080012a1   Thumb Code     8  rt_locale_intlibspace.o(.text)
    _printf_fp_infnan                        0x080012a9   Thumb Code   112  _printf_fp_infnan.o(.text)
    _btod_etento                             0x08001329   Thumb Code   224  bigflt0.o(.text)
    exit                                     0x0800140d   Thumb Code    18  exit.o(.text)
    __user_libspace                          0x08001421   Thumb Code     8  libspace.o(.text)
    __user_perproc_libspace                  0x08001421   Thumb Code     0  libspace.o(.text)
    __user_perthread_libspace                0x08001421   Thumb Code     0  libspace.o(.text)
    strcmp                                   0x08001429   Thumb Code   124  strcmpv7em.o(.text)
    _sys_exit                                0x080014a5   Thumb Code     8  sys_exit.o(.text)
    __I$use$semihosting                      0x080014b1   Thumb Code     0  use_no_semi.o(.text)
    __use_no_semihosting_swi                 0x080014b1   Thumb Code     2  use_no_semi.o(.text)
    __semihosting_library_function           0x080014b3   Thumb Code     0  indicate_semi.o(.text)
    I2C1_EV_IRQHandler                       0x080014b5   Thumb Code   134  main.o(.text.I2C1_EV_IRQHandler)
    I2C1_SetAddress                          0x0800153d   Thumb Code    34  main.o(.text.I2C1_SetAddress)
    I2C_Address                              0x08001561   Thumb Code   186  main.o(.text.I2C_Address)
    I2C_ReceiveSlave                         0x0800161d   Thumb Code   218  main.o(.text.I2C_ReceiveSlave)
    I2C_Send_Master_Slave                    0x080016f9   Thumb Code   240  main.o(.text.I2C_Send_Master_Slave)
    I2C_Start                                0x080017e9   Thumb Code   102  main.o(.text.I2C_Start)
    I2C_Stop                                 0x08001851   Thumb Code    20  main.o(.text.I2C_Stop)
    I2C_Write                                0x08001865   Thumb Code   174  main.o(.text.I2C_Write)
    I2C_config                               0x08001915   Thumb Code   234  main.o(.text.I2C_config)
    SysTick_Handler                          0x08001a55   Thumb Code    16  sys_init.o(.text.SysTick_Handler)
    SystemInit                               0x08001a65   Thumb Code    18  system_stm32f4xx.o(.text.SystemInit)
    UART2_Config                             0x08001a79   Thumb Code   184  usart.o(.text.UART2_Config)
    UART_GetChar                             0x08001b31   Thumb Code    36  usart.o(.text.UART_GetChar)
    UART_SendChar                            0x08001b55   Thumb Code    36  usart.o(.text.UART_SendChar)
    UART_SendString                          0x08001b79   Thumb Code    40  usart.o(.text.UART_SendString)
    USART2_IRQHandler                        0x08001ba1   Thumb Code    40  main.o(.text.USART2_IRQHandler)
    getString                                0x08001cb1   Thumb Code   112  main.o(.text.getString)
    init                                     0x08001d21   Thumb Code    16  main.o(.text.init)
    initClock                                0x08001d31   Thumb Code   214  clock.o(.text.initClock)
    main                                     0x08001e09   Thumb Code   138  main.o(.text.main)
    sysInit                                  0x08001e95   Thumb Code    16  sys_init.o(.text.sysInit)
    _btod_d2e                                0x08001ea5   Thumb Code    62  btod.o(CL$$btod_d2e)
    _d2e_denorm_low                          0x08001ee3   Thumb Code    70  btod.o(CL$$btod_d2e_denorm_low)
    _d2e_norm_op1                            0x08001f29   Thumb Code    96  btod.o(CL$$btod_d2e_norm_op1)
    __btod_div_common                        0x08001f89   Thumb Code   696  btod.o(CL$$btod_div_common)
    _e2e                                     0x080022c1   Thumb Code   220  btod.o(CL$$btod_e2e)
    _btod_ediv                               0x0800239d   Thumb Code    42  btod.o(CL$$btod_ediv)
    _btod_emul                               0x080023c7   Thumb Code    42  btod.o(CL$$btod_emul)
    __btod_mult_common                       0x080023f1   Thumb Code   580  btod.o(CL$$btod_mult_common)
    __ARM_fpclassify                         0x08002635   Thumb Code    48  fpclassify.o(i.__ARM_fpclassify)
    _is_digit                                0x08002665   Thumb Code    14  __printf_wp.o(i._is_digit)
    _get_lc_numeric                          0x08002675   Thumb Code    44  lc_numeric_c.o(locale$$code)
    _get_lc_ctype                            0x080026a1   Thumb Code    44  lc_ctype_c.o(locale$$code)
    _fp_init                                 0x080026cd   Thumb Code    26  fpinit.o(x$fpl$fpinit)
    __fplib_config_fpu_vfp                   0x080026e5   Thumb Code     0  fpinit.o(x$fpl$fpinit)
    __fplib_config_pureend_doubles           0x080026e5   Thumb Code     0  fpinit.o(x$fpl$fpinit)
    _printf_fp_dec                           0x080026e7   Thumb Code     4  printf1.o(x$fpl$printf1)
    _printf_fp_hex                           0x080026eb   Thumb Code     4  printf2.o(x$fpl$printf2)
    __I$use$fp                               0x080026ee   Number         0  usenofp.o(x$fpl$usenofp)
    Region$$Table$$Base                      0x08002854   Number         0  anon$$obj.o(Region$$Table)
    Region$$Table$$Limit                     0x08002864   Number         0  anon$$obj.o(Region$$Table)
    __ctype                                  0x0800288d   Data           0  lc_ctype_c.o(locale$$data)
    __libspace_start                         0x20000000   Data          96  libspace.o(.bss)
    __temporary_stack_top$libspace           0x20000060   Data           0  libspace.o(.bss)
    input                                    0x20000060   Data         100  main.o(.bss.input)



==============================================================================

Memory Map of the image

  Image Entry point : 0x080002f5

  Load Region LR_1 (Base: 0x08000000, Size: 0x00002990, Max: 0xffffffff, ABSOLUTE)

    Execution Region ER_RO (Exec base: 0x08000000, Load base: 0x08000000, Size: 0x00002990, Max: 0xffffffff, ABSOLUTE)

    Exec Addr    Load Addr    Size         Type   Attr      Idx    E Section Name        Object

    0x08000000   0x08000000   0x000001c4   Data   RO          116    RESET               startup_stm32f446xx.o
    0x080001c4   0x080001c4   0x00000008   Code   RO          147  * !!!main             c_w.l(__main.o)
    0x080001cc   0x080001cc   0x00000034   Code   RO          484    !!!scatter          c_w.l(__scatter.o)
    0x08000200   0x08000200   0x0000001c   Code   RO          486    !!handler_zi        c_w.l(__scatter_zi.o)
    0x0800021c   0x0800021c   0x00000000   Code   RO          231    .ARM.Collect$$_printf_percent$$00000000  c_w.l(_printf_percent.o)
    0x0800021c   0x0800021c   0x00000006   Code   RO          220    .ARM.Collect$$_printf_percent$$00000001  c_w.l(_printf_n.o)
    0x08000222   0x08000222   0x00000006   Code   RO          222    .ARM.Collect$$_printf_percent$$00000002  c_w.l(_printf_p.o)
    0x08000228   0x08000228   0x00000006   Code   RO          227    .ARM.Collect$$_printf_percent$$00000003  c_w.l(_printf_f.o)
    0x0800022e   0x0800022e   0x00000006   Code   RO          228    .ARM.Collect$$_printf_percent$$00000004  c_w.l(_printf_e.o)
    0x08000234   0x08000234   0x00000006   Code   RO          229    .ARM.Collect$$_printf_percent$$00000005  c_w.l(_printf_g.o)
    0x0800023a   0x0800023a   0x00000006   Code   RO          230    .ARM.Collect$$_printf_percent$$00000006  c_w.l(_printf_a.o)
    0x08000240   0x08000240   0x0000000a   Code   RO          235    .ARM.Collect$$_printf_percent$$00000007  c_w.l(_printf_ll.o)
    0x0800024a   0x0800024a   0x00000006   Code   RO          224    .ARM.Collect$$_printf_percent$$00000008  c_w.l(_printf_i.o)
    0x08000250   0x08000250   0x00000006   Code   RO          225    .ARM.Collect$$_printf_percent$$00000009  c_w.l(_printf_d.o)
    0x08000256   0x08000256   0x00000006   Code   RO          226    .ARM.Collect$$_printf_percent$$0000000A  c_w.l(_printf_u.o)
    0x0800025c   0x0800025c   0x00000006   Code   RO          223    .ARM.Collect$$_printf_percent$$0000000B  c_w.l(_printf_o.o)
    0x08000262   0x08000262   0x00000006   Code   RO          221    .ARM.Collect$$_printf_percent$$0000000C  c_w.l(_printf_x.o)
    0x08000268   0x08000268   0x00000006   Code   RO          232    .ARM.Collect$$_printf_percent$$0000000D  c_w.l(_printf_lli.o)
    0x0800026e   0x0800026e   0x00000006   Code   RO          233    .ARM.Collect$$_printf_percent$$0000000E  c_w.l(_printf_lld.o)
    0x08000274   0x08000274   0x00000006   Code   RO          234    .ARM.Collect$$_printf_percent$$0000000F  c_w.l(_printf_llu.o)
    0x0800027a   0x0800027a   0x00000006   Code   RO          239    .ARM.Collect$$_printf_percent$$00000010  c_w.l(_printf_llo.o)
    0x08000280   0x08000280   0x00000006   Code   RO          240    .ARM.Collect$$_printf_percent$$00000011  c_w.l(_printf_llx.o)
    0x08000286   0x08000286   0x0000000a   Code   RO          236    .ARM.Collect$$_printf_percent$$00000012  c_w.l(_printf_l.o)
    0x08000290   0x08000290   0x00000006   Code   RO          218    .ARM.Collect$$_printf_percent$$00000013  c_w.l(_printf_c.o)
    0x08000296   0x08000296   0x00000006   Code   RO          219    .ARM.Collect$$_printf_percent$$00000014  c_w.l(_printf_s.o)
    0x0800029c   0x0800029c   0x00000006   Code   RO          237    .ARM.Collect$$_printf_percent$$00000015  c_w.l(_printf_lc.o)
    0x080002a2   0x080002a2   0x00000006   Code   RO          238    .ARM.Collect$$_printf_percent$$00000016  c_w.l(_printf_ls.o)
    0x080002a8   0x080002a8   0x00000004   Code   RO          281    .ARM.Collect$$_printf_percent$$00000017  c_w.l(_printf_percent_end.o)
    0x080002ac   0x080002ac   0x00000002   Code   RO          332    .ARM.Collect$$libinit$$00000000  c_w.l(libinit.o)
    0x080002ae   0x080002ae   0x00000004   Code   RO          350    .ARM.Collect$$libinit$$00000001  c_w.l(libinit2.o)
    0x080002b2   0x080002b2   0x00000000   Code   RO          353    .ARM.Collect$$libinit$$00000004  c_w.l(libinit2.o)
    0x080002b2   0x080002b2   0x00000000   Code   RO          355    .ARM.Collect$$libinit$$00000006  c_w.l(libinit2.o)
    0x080002b2   0x080002b2   0x00000000   Code   RO          358    .ARM.Collect$$libinit$$0000000C  c_w.l(libinit2.o)
    0x080002b2   0x080002b2   0x00000000   Code   RO          360    .ARM.Collect$$libinit$$0000000E  c_w.l(libinit2.o)
    0x080002b2   0x080002b2   0x00000000   Code   RO          362    .ARM.Collect$$libinit$$00000010  c_w.l(libinit2.o)
    0x080002b2   0x080002b2   0x00000006   Code   RO          363    .ARM.Collect$$libinit$$00000011  c_w.l(libinit2.o)
    0x080002b8   0x080002b8   0x00000000   Code   RO          365    .ARM.Collect$$libinit$$00000013  c_w.l(libinit2.o)
    0x080002b8   0x080002b8   0x0000000c   Code   RO          366    .ARM.Collect$$libinit$$00000014  c_w.l(libinit2.o)
    0x080002c4   0x080002c4   0x00000000   Code   RO          367    .ARM.Collect$$libinit$$00000015  c_w.l(libinit2.o)
    0x080002c4   0x080002c4   0x00000000   Code   RO          369    .ARM.Collect$$libinit$$00000017  c_w.l(libinit2.o)
    0x080002c4   0x080002c4   0x0000000a   Code   RO          370    .ARM.Collect$$libinit$$00000018  c_w.l(libinit2.o)
    0x080002ce   0x080002ce   0x00000000   Code   RO          371    .ARM.Collect$$libinit$$00000019  c_w.l(libinit2.o)
    0x080002ce   0x080002ce   0x00000000   Code   RO          373    .ARM.Collect$$libinit$$0000001B  c_w.l(libinit2.o)
    0x080002ce   0x080002ce   0x00000000   Code   RO          375    .ARM.Collect$$libinit$$0000001D  c_w.l(libinit2.o)
    0x080002ce   0x080002ce   0x00000000   Code   RO          377    .ARM.Collect$$libinit$$0000001F  c_w.l(libinit2.o)
    0x080002ce   0x080002ce   0x00000000   Code   RO          379    .ARM.Collect$$libinit$$00000021  c_w.l(libinit2.o)
    0x080002ce   0x080002ce   0x00000000   Code   RO          381    .ARM.Collect$$libinit$$00000023  c_w.l(libinit2.o)
    0x080002ce   0x080002ce   0x00000000   Code   RO          383    .ARM.Collect$$libinit$$00000025  c_w.l(libinit2.o)
    0x080002ce   0x080002ce   0x00000000   Code   RO          385    .ARM.Collect$$libinit$$00000027  c_w.l(libinit2.o)
    0x080002ce   0x080002ce   0x00000000   Code   RO          389    .ARM.Collect$$libinit$$0000002E  c_w.l(libinit2.o)
    0x080002ce   0x080002ce   0x00000000   Code   RO          391    .ARM.Collect$$libinit$$00000030  c_w.l(libinit2.o)
    0x080002ce   0x080002ce   0x00000000   Code   RO          393    .ARM.Collect$$libinit$$00000032  c_w.l(libinit2.o)
    0x080002ce   0x080002ce   0x00000000   Code   RO          395    .ARM.Collect$$libinit$$00000034  c_w.l(libinit2.o)
    0x080002ce   0x080002ce   0x00000002   Code   RO          396    .ARM.Collect$$libinit$$00000035  c_w.l(libinit2.o)
    0x080002d0   0x080002d0   0x00000002   Code   RO          420    .ARM.Collect$$libshutdown$$00000000  c_w.l(libshutdown.o)
    0x080002d2   0x080002d2   0x00000000   Code   RO          435    .ARM.Collect$$libshutdown$$00000002  c_w.l(libshutdown2.o)
    0x080002d2   0x080002d2   0x00000000   Code   RO          437    .ARM.Collect$$libshutdown$$00000004  c_w.l(libshutdown2.o)
    0x080002d2   0x080002d2   0x00000000   Code   RO          440    .ARM.Collect$$libshutdown$$00000007  c_w.l(libshutdown2.o)
    0x080002d2   0x080002d2   0x00000000   Code   RO          443    .ARM.Collect$$libshutdown$$0000000A  c_w.l(libshutdown2.o)
    0x080002d2   0x080002d2   0x00000000   Code   RO          445    .ARM.Collect$$libshutdown$$0000000C  c_w.l(libshutdown2.o)
    0x080002d2   0x080002d2   0x00000000   Code   RO          448    .ARM.Collect$$libshutdown$$0000000F  c_w.l(libshutdown2.o)
    0x080002d2   0x080002d2   0x00000002   Code   RO          449    .ARM.Collect$$libshutdown$$00000010  c_w.l(libshutdown2.o)
    0x080002d4   0x080002d4   0x00000000   Code   RO          149    .ARM.Collect$$rtentry$$00000000  c_w.l(__rtentry.o)
    0x080002d4   0x080002d4   0x00000000   Code   RO          250    .ARM.Collect$$rtentry$$00000002  c_w.l(__rtentry2.o)
    0x080002d4   0x080002d4   0x00000006   Code   RO          262    .ARM.Collect$$rtentry$$00000004  c_w.l(__rtentry4.o)
    0x080002da   0x080002da   0x00000000   Code   RO          252    .ARM.Collect$$rtentry$$00000009  c_w.l(__rtentry2.o)
    0x080002da   0x080002da   0x00000004   Code   RO          253    .ARM.Collect$$rtentry$$0000000A  c_w.l(__rtentry2.o)
    0x080002de   0x080002de   0x00000000   Code   RO          255    .ARM.Collect$$rtentry$$0000000C  c_w.l(__rtentry2.o)
    0x080002de   0x080002de   0x00000008   Code   RO          256    .ARM.Collect$$rtentry$$0000000D  c_w.l(__rtentry2.o)
    0x080002e6   0x080002e6   0x00000002   Code   RO          341    .ARM.Collect$$rtexit$$00000000  c_w.l(rtexit.o)
    0x080002e8   0x080002e8   0x00000000   Code   RO          398    .ARM.Collect$$rtexit$$00000002  c_w.l(rtexit2.o)
    0x080002e8   0x080002e8   0x00000004   Code   RO          399    .ARM.Collect$$rtexit$$00000003  c_w.l(rtexit2.o)
    0x080002ec   0x080002ec   0x00000006   Code   RO          400    .ARM.Collect$$rtexit$$00000004  c_w.l(rtexit2.o)
    0x080002f2   0x080002f2   0x00000002   PAD
    0x080002f4   0x080002f4   0x00000040   Code   RO          117  * .text               startup_stm32f446xx.o
    0x08000334   0x08000334   0x0000002c   Code   RO          139    .text               c_w.l(sprintf.o)
    0x08000360   0x08000360   0x00000048   Code   RO          141    .text               c_w.l(strcpy.o)
    0x080003a8   0x080003a8   0x0000003e   Code   RO          143    .text               c_w.l(strlen.o)
    0x080003e6   0x080003e6   0x00000006   Code   RO          145    .text               c_w.l(heapauxi.o)
    0x080003ec   0x080003ec   0x0000004e   Code   RO          152    .text               c_w.l(_printf_pad.o)
    0x0800043a   0x0800043a   0x00000024   Code   RO          154    .text               c_w.l(_printf_truncate.o)
    0x0800045e   0x0800045e   0x00000052   Code   RO          156    .text               c_w.l(_printf_str.o)
    0x080004b0   0x080004b0   0x00000078   Code   RO          158    .text               c_w.l(_printf_dec.o)
    0x08000528   0x08000528   0x00000028   Code   RO          160    .text               c_w.l(_printf_charcount.o)
    0x08000550   0x08000550   0x00000030   Code   RO          162    .text               c_w.l(_printf_char_common.o)
    0x08000580   0x08000580   0x0000000a   Code   RO          164    .text               c_w.l(_sputc.o)
    0x0800058a   0x0800058a   0x00000002   PAD
    0x0800058c   0x0800058c   0x000000bc   Code   RO          166    .text               c_w.l(_printf_wctomb.o)
    0x08000648   0x08000648   0x0000007c   Code   RO          169    .text               c_w.l(_printf_longlong_dec.o)
    0x080006c4   0x080006c4   0x00000070   Code   RO          175    .text               c_w.l(_printf_oct_int_ll.o)
    0x08000734   0x08000734   0x00000094   Code   RO          195    .text               c_w.l(_printf_hex_int_ll_ptr.o)
    0x080007c8   0x080007c8   0x00000188   Code   RO          215    .text               c_w.l(__printf_flags_ss_wp.o)
    0x08000950   0x08000950   0x0000008a   Code   RO          264    .text               c_w.l(lludiv10.o)
    0x080009da   0x080009da   0x000000b2   Code   RO          266    .text               c_w.l(_printf_intcommon.o)
    0x08000a8c   0x08000a8c   0x0000041c   Code   RO          268    .text               c_w.l(_printf_fp_dec.o)
    0x08000ea8   0x08000ea8   0x000002fc   Code   RO          272    .text               c_w.l(_printf_fp_hex.o)
    0x080011a4   0x080011a4   0x0000002c   Code   RO          277    .text               c_w.l(_printf_char.o)
    0x080011d0   0x080011d0   0x0000002c   Code   RO          279    .text               c_w.l(_printf_wchar.o)
    0x080011fc   0x080011fc   0x00000048   Code   RO          282    .text               c_w.l(_c16rtomb.o)
    0x08001244   0x08001244   0x0000004a   Code   RO          284    .text               c_w.l(sys_stackheap_outer.o)
    0x0800128e   0x0800128e   0x00000002   PAD
    0x08001290   0x08001290   0x00000010   Code   RO          286    .text               c_w.l(rt_ctype_table.o)
    0x080012a0   0x080012a0   0x00000008   Code   RO          291    .text               c_w.l(rt_locale_intlibspace.o)
    0x080012a8   0x080012a8   0x00000080   Code   RO          293    .text               c_w.l(_printf_fp_infnan.o)
    0x08001328   0x08001328   0x000000e4   Code   RO          295    .text               c_w.l(bigflt0.o)
    0x0800140c   0x0800140c   0x00000012   Code   RO          325    .text               c_w.l(exit.o)
    0x0800141e   0x0800141e   0x00000002   PAD
    0x08001420   0x08001420   0x00000008   Code   RO          338    .text               c_w.l(libspace.o)
    0x08001428   0x08001428   0x0000007c   Code   RO          348    .text               c_w.l(strcmpv7em.o)
    0x080014a4   0x080014a4   0x0000000c   Code   RO          410    .text               c_w.l(sys_exit.o)
    0x080014b0   0x080014b0   0x00000002   Code   RO          425    .text               c_w.l(use_no_semi.o)
    0x080014b2   0x080014b2   0x00000000   Code   RO          427    .text               c_w.l(indicate_semi.o)
    0x080014b2   0x080014b2   0x00000002   PAD
    0x080014b4   0x080014b4   0x00000086   Code   RO           80    .text.I2C1_EV_IRQHandler  main.o
    0x0800153a   0x0800153a   0x00000002   PAD
    0x0800153c   0x0800153c   0x00000022   Code   RO           92    .text.I2C1_SetAddress  main.o
    0x0800155e   0x0800155e   0x00000002   PAD
    0x08001560   0x08001560   0x000000ba   Code   RO           86    .text.I2C_Address   main.o
    0x0800161a   0x0800161a   0x00000002   PAD
    0x0800161c   0x0800161c   0x000000da   Code   RO           78    .text.I2C_ReceiveSlave  main.o
    0x080016f6   0x080016f6   0x00000002   PAD
    0x080016f8   0x080016f8   0x000000f0   Code   RO           94    .text.I2C_Send_Master_Slave  main.o
    0x080017e8   0x080017e8   0x00000066   Code   RO           84    .text.I2C_Start     main.o
    0x0800184e   0x0800184e   0x00000002   PAD
    0x08001850   0x08001850   0x00000014   Code   RO           90    .text.I2C_Stop      main.o
    0x08001864   0x08001864   0x000000ae   Code   RO           88    .text.I2C_Write     main.o
    0x08001912   0x08001912   0x00000002   PAD
    0x08001914   0x08001914   0x000000ea   Code   RO           96    .text.I2C_config    main.o
    0x080019fe   0x080019fe   0x00000002   PAD
    0x08001a00   0x08001a00   0x00000052   Code   RO           27    .text.SysTick_Config  sys_init.o
    0x08001a52   0x08001a52   0x00000002   PAD
    0x08001a54   0x08001a54   0x00000010   Code   RO           23    .text.SysTick_Handler  sys_init.o
    0x08001a64   0x08001a64   0x00000012   Code   RO          124    .text.SystemInit    system_stm32f4xx.o
    0x08001a76   0x08001a76   0x00000002   PAD
    0x08001a78   0x08001a78   0x000000b8   Code   RO           57    .text.UART2_Config  usart.o
    0x08001b30   0x08001b30   0x00000024   Code   RO           49    .text.UART_GetChar  usart.o
    0x08001b54   0x08001b54   0x00000024   Code   RO           45    .text.UART_SendChar  usart.o
    0x08001b78   0x08001b78   0x00000028   Code   RO           53    .text.UART_SendString  usart.o
    0x08001ba0   0x08001ba0   0x00000028   Code   RO           76    .text.USART2_IRQHandler  main.o
    0x08001bc8   0x08001bc8   0x00000030   Code   RO           61    .text.__NVIC_EnableIRQ  usart.o
    0x08001bf8   0x08001bf8   0x00000030   Code   RO           98    .text.__NVIC_EnableIRQ  main.o
    0x08001c28   0x08001c28   0x00000042   Code   RO           33    .text.__NVIC_SetPriority  sys_init.o
    0x08001c6a   0x08001c6a   0x00000002   PAD
    0x08001c6c   0x08001c6c   0x00000042   Code   RO           59    .text.__NVIC_SetPriority  usart.o
    0x08001cae   0x08001cae   0x00000002   PAD
    0x08001cb0   0x08001cb0   0x00000070   Code   RO           74    .text.getString     main.o
    0x08001d20   0x08001d20   0x00000010   Code   RO          100    .text.init          main.o
    0x08001d30   0x08001d30   0x000000d6   Code   RO            2    .text.initClock     clock.o
    0x08001e06   0x08001e06   0x00000002   PAD
    0x08001e08   0x08001e08   0x0000008a   Code   RO          102    .text.main          main.o
    0x08001e92   0x08001e92   0x00000002   PAD
    0x08001e94   0x08001e94   0x00000010   Code   RO           25    .text.sysInit       sys_init.o
    0x08001ea4   0x08001ea4   0x0000003e   Code   RO          298    CL$$btod_d2e        c_w.l(btod.o)
    0x08001ee2   0x08001ee2   0x00000046   Code   RO          300    CL$$btod_d2e_denorm_low  c_w.l(btod.o)
    0x08001f28   0x08001f28   0x00000060   Code   RO          299    CL$$btod_d2e_norm_op1  c_w.l(btod.o)
    0x08001f88   0x08001f88   0x00000338   Code   RO          308    CL$$btod_div_common  c_w.l(btod.o)
    0x080022c0   0x080022c0   0x000000dc   Code   RO          305    CL$$btod_e2e        c_w.l(btod.o)
    0x0800239c   0x0800239c   0x0000002a   Code   RO          302    CL$$btod_ediv       c_w.l(btod.o)
    0x080023c6   0x080023c6   0x0000002a   Code   RO          301    CL$$btod_emul       c_w.l(btod.o)
    0x080023f0   0x080023f0   0x00000244   Code   RO          307    CL$$btod_mult_common  c_w.l(btod.o)
    0x08002634   0x08002634   0x00000030   Code   RO          336    i.__ARM_fpclassify  m_wm.l(fpclassify.o)
    0x08002664   0x08002664   0x0000000e   Code   RO          208    i._is_digit         c_w.l(__printf_wp.o)
    0x08002672   0x08002672   0x00000002   PAD
    0x08002674   0x08002674   0x0000002c   Code   RO          323    locale$$code        c_w.l(lc_numeric_c.o)
    0x080026a0   0x080026a0   0x0000002c   Code   RO          346    locale$$code        c_w.l(lc_ctype_c.o)
    0x080026cc   0x080026cc   0x0000001a   Code   RO          408    x$fpl$fpinit        fz_wm.l(fpinit.o)
    0x080026e6   0x080026e6   0x00000004   Code   RO          241    x$fpl$printf1       fz_wm.l(printf1.o)
    0x080026ea   0x080026ea   0x00000004   Code   RO          243    x$fpl$printf2       fz_wm.l(printf2.o)
    0x080026ee   0x080026ee   0x00000000   Code   RO          335    x$fpl$usenofp       fz_wm.l(usenofp.o)
    0x080026ee   0x080026ee   0x00000002   PAD
    0x080026f0   0x080026f0   0x00000008   Data   RO          167    .constdata          c_w.l(_printf_wctomb.o)
    0x080026f8   0x080026f8   0x00000028   Data   RO          196    .constdata          c_w.l(_printf_hex_int_ll_ptr.o)
    0x08002720   0x08002720   0x00000011   Data   RO          216    .constdata          c_w.l(__printf_flags_ss_wp.o)
    0x08002731   0x08002731   0x00000026   Data   RO          273    .constdata          c_w.l(_printf_fp_hex.o)
    0x08002757   0x08002757   0x00000001   PAD
    0x08002758   0x08002758   0x00000094   Data   RO          296    .constdata          c_w.l(bigflt0.o)
    0x080027ec   0x080027ec   0x00000065   Data   RO          106    .rodata.str1.1      main.o
    0x08002851   0x08002851   0x00000003   PAD
    0x08002854   0x08002854   0x00000010   Data   RO          483    Region$$Table       anon$$obj.o
    0x08002864   0x08002864   0x0000001c   Data   RO          322    locale$$data        c_w.l(lc_numeric_c.o)
    0x08002880   0x08002880   0x00000110   Data   RO          345    locale$$data        c_w.l(lc_ctype_c.o)


    Execution Region ER_RW (Exec base: 0x20000000, Load base: 0x08002990, Size: 0x00000000, Max: 0xffffffff, ABSOLUTE)

    **** No section assigned to this execution region ****


    Execution Region ER_ZI (Exec base: 0x20000000, Load base: 0x08002990, Size: 0x000006c8, Max: 0xffffffff, ABSOLUTE)

    Exec Addr    Load Addr    Size         Type   Attr      Idx    E Section Name        Object

    0x20000000        -       0x00000060   Zero   RW          339    .bss                c_w.l(libspace.o)
    0x20000060        -       0x00000064   Zero   RW          105    .bss.input          main.o
    0x200000c4        -       0x00000004   Zero   RW           35    .bss.msTicks        sys_init.o
    0x200000c8        -       0x00000200   Zero   RW          115    HEAP                startup_stm32f446xx.o
    0x200002c8        -       0x00000400   Zero   RW          114    STACK               startup_stm32f446xx.o


==============================================================================

Image component sizes


      Code (inc. data)   RO Data    RW Data    ZI Data      Debug   Object Name

       214          0          0          0          0       1761   clock.o
      1696          0        101          0        100       7790   main.o
        64         26        452          0       1536        876   startup_stm32f446xx.o
       180          0          0          0          4       4647   sys_init.o
        18          0          0          0          0       2727   system_stm32f4xx.o
       410          0          0          0          0       6955   usart.o

    ----------------------------------------------------------------------
      2608         26        572          0       1640      24756   Object Totals
         0          0         16          0          0          0   (incl. Generated)
        26          0          3          0          0          0   (incl. Padding)

    ----------------------------------------------------------------------

      Code (inc. data)   RO Data    RW Data    ZI Data      Debug   Library Member Name

         8          0          0          0          0         68   __main.o
       392          4         17          0          0         92   __printf_flags_ss_wp.o
        14          0          0          0          0         68   __printf_wp.o
         0          0          0          0          0          0   __rtentry.o
        12          0          0          0          0          0   __rtentry2.o
         6          0          0          0          0          0   __rtentry4.o
        52          8          0          0          0          0   __scatter.o
        28          0          0          0          0          0   __scatter_zi.o
        72          0          0          0          0         96   _c16rtomb.o
         6          0          0          0          0          0   _printf_a.o
         6          0          0          0          0          0   _printf_c.o
        44          0          0          0          0        108   _printf_char.o
        48          6          0          0          0         96   _printf_char_common.o
        40          0          0          0          0         68   _printf_charcount.o
         6          0          0          0          0          0   _printf_d.o
       120         16          0          0          0         92   _printf_dec.o
         6          0          0          0          0          0   _printf_e.o
         6          0          0          0          0          0   _printf_f.o
      1052          0          0          0          0        148   _printf_fp_dec.o
       764          8         38          0          0        100   _printf_fp_hex.o
       128         16          0          0          0         84   _printf_fp_infnan.o
         6          0          0          0          0          0   _printf_g.o
       148          4         40          0          0        160   _printf_hex_int_ll_ptr.o
         6          0          0          0          0          0   _printf_i.o
       178          0          0          0          0         88   _printf_intcommon.o
        10          0          0          0          0          0   _printf_l.o
         6          0          0          0          0          0   _printf_lc.o
        10          0          0          0          0          0   _printf_ll.o
         6          0          0          0          0          0   _printf_lld.o
         6          0          0          0          0          0   _printf_lli.o
         6          0          0          0          0          0   _printf_llo.o
         6          0          0          0          0          0   _printf_llu.o
         6          0          0          0          0          0   _printf_llx.o
       124         16          0          0          0         92   _printf_longlong_dec.o
         6          0          0          0          0          0   _printf_ls.o
         6          0          0          0          0          0   _printf_n.o
         6          0          0          0          0          0   _printf_o.o
       112          8          0          0          0        124   _printf_oct_int_ll.o
         6          0          0          0          0          0   _printf_p.o
        78          0          0          0          0        108   _printf_pad.o
         0          0          0          0          0          0   _printf_percent.o
         4          0          0          0          0          0   _printf_percent_end.o
         6          0          0          0          0          0   _printf_s.o
        82          0          0          0          0         80   _printf_str.o
        36          0          0          0          0         84   _printf_truncate.o
         6          0          0          0          0          0   _printf_u.o
        44          0          0          0          0        108   _printf_wchar.o
       188          6          8          0          0         92   _printf_wctomb.o
         6          0          0          0          0          0   _printf_x.o
        10          0          0          0          0         68   _sputc.o
       228          4        148          0          0         96   bigflt0.o
      1936        128          0          0          0        668   btod.o
        18          0          0          0          0         80   exit.o
         6          0          0          0          0        152   heapauxi.o
         0          0          0          0          0          0   indicate_semi.o
        44         10        272          0          0         76   lc_ctype_c.o
        44         10         28          0          0         76   lc_numeric_c.o
         2          0          0          0          0          0   libinit.o
        34          0          0          0          0          0   libinit2.o
         2          0          0          0          0          0   libshutdown.o
         2          0          0          0          0          0   libshutdown2.o
         8          4          0          0         96         68   libspace.o
       138          0          0          0          0         80   lludiv10.o
        16          4          0          0          0         76   rt_ctype_table.o
         8          4          0          0          0         68   rt_locale_intlibspace.o
         2          0          0          0          0          0   rtexit.o
        10          0          0          0          0          0   rtexit2.o
        44          6          0          0          0         84   sprintf.o
       124          0          0          0          0         88   strcmpv7em.o
        72          0          0          0          0         80   strcpy.o
        62          0          0          0          0         76   strlen.o
        12          4          0          0          0         68   sys_exit.o
        74          0          0          0          0         80   sys_stackheap_outer.o
         2          0          0          0          0         68   use_no_semi.o
        26          0          0          0          0        116   fpinit.o
         4          0          0          0          0        116   printf1.o
         4          0          0          0          0        116   printf2.o
         0          0          0          0          0          0   usenofp.o
        48          0          0          0          0        124   fpclassify.o

    ----------------------------------------------------------------------
      6908        266        552          0         96       4480   Library Totals
        14          0          1          0          0          0   (incl. Padding)

    ----------------------------------------------------------------------

      Code (inc. data)   RO Data    RW Data    ZI Data      Debug   Library Name

      6812        266        551          0         96       4008   c_w.l
        34          0          0          0          0        348   fz_wm.l
        48          0          0          0          0        124   m_wm.l

    ----------------------------------------------------------------------
      6908        266        552          0         96       4480   Library Totals

    ----------------------------------------------------------------------

==============================================================================


      Code (inc. data)   RO Data    RW Data    ZI Data      Debug   

      9516        292       1124          0       1736      26756   Grand Totals
      9516        292       1124          0       1736      26756   ELF Image Totals
      9516        292       1124          0          0          0   ROM Totals

==============================================================================

    Total RO  Size (Code + RO Data)                10640 (  10.39kB)
    Total RW  Size (RW Data + ZI Data)              1736 (   1.70kB)
    Total ROM Size (Code + RO Data + RW Data)      10640 (  10.39kB)

==============================================================================

