<html>
<body>
<pre>
<h1>µVision Build Log</h1>
<h2>Tool Versions:</h2>
IDE-Version: µVision V5.38.0.0
Copyright (C) 2022 ARM Ltd and ARM Germany GmbH. All rights reserved.
License Information: Anika Tabassum, CSEDU, LIC=----
 
Tool Versions:
Toolchain:       MDK-Lite  Version: 5.38.0.0
Toolchain Path:  C:\Keil_v5\ARM\ARMCLANG\Bin
C Compiler:      ArmClang.exe V6.19
Assembler:       Armasm.exe V6.19
Linker/Locator:  ArmLink.exe V6.19
Library Manager: ArmAr.exe V6.19
Hex Converter:   FromElf.exe V6.19
CPU DLL:         SARMCM3.DLL V5.38.0.0
Dialog DLL:      DCM.DLL V1.17.5.0
Target DLL:      STLink\ST-LINKIII-KEIL_SWO.dll V3.1.0.0
Dialog DLL:      TCM.DLL V1.56.4.0
 
<h2>Project:</h2>
C:\Users\HP\Downloads\traffic lights(1)\traffic lights\traffic lights\test.uvprojx
Project File Date:  02/15/2023

<h2>Output:</h2>
*** Using Compiler 'V6.19', folder: 'C:\Keil_v5\ARM\ARMCLANG\Bin'
Build target 'Target 1'
compiling main.c...
main.c(2): warning: In file included from...
./CLOCK.h(39): warning: // comments are not allowed in this language [-Wcomment]
#define PLL_P 0 //0 to the sixteenth position (PLL=2)
                ^
main.c(10): warning: variable declaration in for loop is a C99-specific feature [-Wc99-extensions]
        for (int i=0;i<tmp;i++)
             ^
main.c(10): warning: GCC does not allow variable declarations in for loop initializers before C99 [-Wgcc-compat]
main.c(7): warning: no previous prototype for function 'GPIOA_delay' [-Wmissing-prototypes]
void GPIOA_delay(int time)
     ^
main.c(7): note: declare 'static' if the function is not intended to be used outside of this translation unit
void GPIOA_delay(int time)
^
static 
main.c(38): warning: variable declaration in for loop is a C99-specific feature [-Wc99-extensions]
        for (int i=0;i<tmp;i++)
             ^
main.c(38): warning: GCC does not allow variable declarations in for loop initializers before C99 [-Wgcc-compat]
main.c(35): warning: no previous prototype for function 'GPIOB_delay' [-Wmissing-prototypes]
void GPIOB_delay(int time)
     ^
main.c(35): note: declare 'static' if the function is not intended to be used outside of this translation unit
void GPIOB_delay(int time)
^
static 
main.c(72): warning: // comments are not allowed in this language [-Wcomment]
                        //A left white
                        ^
main.c(67): warning: no previous prototype for function 'right_left_stop' [-Wmissing-prototypes]
void right_left_stop(int left,int right,GPIO_PinState pinstate)
     ^
main.c(67): note: declare 'static' if the function is not intended to be used outside of this translation unit
void right_left_stop(int left,int right,GPIO_PinState pinstate)
^
static 
main.c(98): warning: no previous prototype for function 'upper_lower_stop' [-Wmissing-prototypes]
void upper_lower_stop(int up,int down,GPIO_PinState pinstate)
     ^
main.c(98): note: declare 'static' if the function is not intended to be used outside of this translation unit
void upper_lower_stop(int up,int down,GPIO_PinState pinstate)
^
static 
main.c(135): warning: mixing declarations and code is a C99 extension [-Wdeclaration-after-statement]
        GPIO_InitTypeDef InitDef;
                         ^
11 warnings generated.
linking...
Program Size: Code=2700 RO-data=468 RW-data=0 ZI-data=1864  
".\Objects\test.axf" - 0 Error(s), 11 Warning(s).

<h2>Software Packages used:</h2>

Package Vendor: ARM
                http://www.keil.com/pack/ARM.CMSIS.5.9.0.pack
                ARM.CMSIS.5.9.0
                CMSIS (Common Microcontroller Software Interface Standard)
   * Component: CORE Version: 5.6.0

Package Vendor: Keil
                https://www.keil.com/pack/Keil.STM32F4xx_DFP.2.17.0.pack
                Keil.STM32F4xx_DFP.2.17.0
                STMicroelectronics STM32F4 Series Device Support, Drivers and Examples
   * Component: Startup Version: 2.6.3

<h2>Collection of Component include folders:</h2>
  ./RTE/_Target_1
  C:/Users/HP/AppData/Local/Arm/Packs/ARM/CMSIS/5.9.0/CMSIS/Core/Include
  C:/Users/HP/AppData/Local/Arm/Packs/Keil/STM32F4xx_DFP/2.17.0/Drivers/CMSIS/Device/ST/STM32F4xx/Include

<h2>Collection of Component Files used:</h2>

   * Component: ARM::CMSIS:CORE:5.6.0

   * Component: Keil::Device:Startup:2.6.3
      Source file:   Drivers/CMSIS/Device/ST/STM32F4xx/Source/Templates/arm/startup_stm32f446xx.s
      Source file:   Drivers/CMSIS/Device/ST/STM32F4xx/Source/Templates/system_stm32f4xx.c
      Source file:   MDK/Device/Source/ARM/STM32F4xx_OTP.s
      Source file:   MDK/Device/Source/ARM/STM32F446xx_OPT.s
      Include file:  Drivers/CMSIS/Device/ST/STM32F4xx/Include/stm32f4xx.h
Build Time Elapsed:  00:00:01
</pre>
</body>
</html>
