<html>
<body>
<pre>
<h1>µVision Build Log</h1>
<h2>Tool Versions:</h2>
IDE-Version: µVision V5.38.0.0
Copyright (C) 2022 ARM Ltd and ARM Germany GmbH. All rights reserved.
License Information: Anika Tabassum, CSEDU, LIC=----
 
Tool Versions:
Toolchain:       MDK-Lite  Version: 5.38.0.0
Toolchain Path:  C:\Keil_v5\ARM\ARMCLANG\Bin
C Compiler:      ArmClang.exe V6.19
Assembler:       Armasm.exe V6.19
Linker/Locator:  ArmLink.exe V6.19
Library Manager: ArmAr.exe V6.19
Hex Converter:   FromElf.exe V6.19
CPU DLL:         SARMCM3.DLL V5.38.0.0
Dialog DLL:      DCM.DLL V1.17.5.0
Target DLL:      STLink\ST-LINKIII-KEIL_SWO.dll V3.1.0.0
Dialog DLL:      TCM.DLL V1.56.4.0
 
<h2>Project:</h2>
C:\Users\User\Downloads\SPI and I2C_roll07_roll61\SPI\SPI.uvprojx
Project File Date:  05/09/2023

<h2>Output:</h2>
*** Using Compiler 'V6.19', folder: 'C:\Keil_v5\ARM\ARMCLANG\Bin'
Build target 'Target 1'
main.c(2): warning: In file included from...
./USART.h(49): warning: // comments are not allowed in this language [-Wcomment]
// USART 2 Configuration
^
main.c(8): warning: no previous extern declaration for non-static variable 'input_idx' [-Wmissing-variable-declarations]
int input_idx = 0;
    ^
main.c(8): note: declare 'static' if the variable is not intended to be used outside of this translation unit
int input_idx = 0;
^
main.c(22): warning: no previous prototype for function 'getString' [-Wmissing-prototypes]
void getString(void){
     ^
main.c(22): note: declare 'static' if the function is not intended to be used outside of this translation unit
void getString(void){
^
static 
main.c(36): warning: // comments are not allowed in this language [-Wcomment]
        RCC->APB1ENR |= (1<<0); //peripheral clock enable register (RCC_AHB1ENR)
                                ^
main.c(34): warning: no previous prototype for function 'TIM2Config' [-Wmissing-prototypes]
void TIM2Config(void)
     ^
main.c(34): note: declare 'static' if the function is not intended to be used outside of this translation unit
void TIM2Config(void)
^
static 
main.c(47): warning: no previous prototype for function 'TIM5Config' [-Wmissing-prototypes]
void TIM5Config(void)
     ^
main.c(47): note: declare 'static' if the function is not intended to be used outside of this translation unit
void TIM5Config(void)
^
static 
main.c(60): warning: no previous prototype for function 'delay' [-Wmissing-prototypes]
void delay(int ms)
     ^
main.c(60): note: declare 'static' if the function is not intended to be used outside of this translation unit
void delay(int ms)
^
static 
main.c(64): warning: comparison of integers of different signs: 'volatile uint32_t' (aka 'volatile unsigned int') and 'int' [-Wsign-compare]
        while(TIM5 -> CNT <= ms){
              ~~~~~~~~~~~ ^  ~~
main.c(66): warning: comparison of integers of different signs: 'volatile uint32_t' (aka 'volatile unsigned int') and 'int' [-Wsign-compare]
                if(TIM2->CNT > monitor*2){
                   ~~~~~~~~~ ^ ~~~~~~~~~
main.c(90): warning: implicit conversion changes signedness: 'int' to 'unsigned int' [-Wsign-conversion]
        SPI1 -> CR1 &= ~(1<<7); //MSB first
                    ~~ ^~~~~~~
main.c(91): warning: implicit conversion changes signedness: 'int' to 'unsigned int' [-Wsign-conversion]
        SPI1 -> CR1 &= ~(1<<11); //DFF = 0 how many bits= 8 bits and if 1 - 16 bits
                    ~~ ^~~~~~~~
main.c(97): warning: implicit conversion changes signedness: 'int' to 'unsigned int' [-Wsign-conversion]
                SPI1 -> CR1 &= ~(1<<10); //RXONLY = 1
                            ~~ ^~~~~~~~
main.c(102): warning: implicit conversion changes signedness: 'int' to 'unsigned int' [-Wsign-conversion]
                SPI1 -> CR1 &= ~(1<<10); //RXONLY = 1
                            ~~ ^~~~~~~~
main.c(103): warning: implicit conversion changes signedness: 'int' to 'unsigned int' [-Wsign-conversion]
                SPI1 -> CR1 &= ~(1<<2); //Slave mode
                            ~~ ^~~~~~~
main.c(76): warning: no previous prototype for function 'SPI_Config' [-Wmissing-prototypes]
void SPI_Config(int master)
     ^
main.c(76): note: declare 'static' if the function is not intended to be used outside of this translation unit
void SPI_Config(int master)
^
static 
main.c(111): warning: variable declaration in for loop is a C99-specific feature [-Wc99-extensions]
        for(int i = 0; i < strlen(input); i++){
            ^
main.c(111): warning: GCC does not allow variable declarations in for loop initializers before C99 [-Wgcc-compat]
main.c(120): warning: mixing declarations and code is a C99 extension [-Wdeclaration-after-statement]
        int temp = (uint8_t)SPI1->DR;
            ^
main.c(120): warning: variable 'temp' set but not used [-Wunused-but-set-variable]
main.c(109): warning: no previous prototype for function 'SPI_Send' [-Wmissing-prototypes]
void SPI_Send(void)
     ^
main.c(109): note: declare 'static' if the function is not intended to be used outside of this translation unit
void SPI_Send(void)
^
static 
main.c(111): warning: comparison of integers of different signs: 'int' and 'unsigned int' [-Wsign-compare]
        for(int i = 0; i < strlen(input); i++){
                       ~ ^ ~~~~~~~~~~~~~
main.c(131): warning: implicit conversion loses integer precision: 'volatile uint32_t' (aka 'volatile unsigned int') to 'char' [-Wimplicit-int-conversion]
                ch = SPI1 -> DR;
                   ~ ~~~~~~~~^~
main.c(124): warning: no previous prototype for function 'SPI_Receive' [-Wmissing-prototypes]
void SPI_Receive(void)
     ^
main.c(124): note: declare 'static' if the function is not intended to be used outside of this translation unit
void SPI_Receive(void)
^
static 
main.c(140): warning: implicit conversion changes signedness: 'int' to 'unsigned int' [-Wsign-conversion]
        SPI1 -> CR2 &= ~( 1<<6 );
                    ~~ ^~~~~~~~~
main.c(139): warning: no previous prototype for function 'SPI1_IRQHandler' [-Wmissing-prototypes]
void SPI1_IRQHandler(void){
     ^
main.c(139): note: declare 'static' if the function is not intended to be used outside of this translation unit
void SPI1_IRQHandler(void){
^
static 
main.c(152): warning: no previous prototype for function 'USART2_IRQHandler' [-Wmissing-prototypes]
void USART2_IRQHandler(void){
     ^
main.c(152): note: declare 'static' if the function is not intended to be used outside of this translation unit
void USART2_IRQHandler(void){
^
static 
main.c(166): warning: implicit declaration of function 'GPIOInit' [-Wimplicit-function-declaration]
        GPIOInit(GPIOC,&InitDef);
        ^
main.c(163): warning: mixing declarations and code is a C99 extension [-Wdeclaration-after-statement]
        GPIO_InitTypeDef InitDef;
                         ^
main.c(160): warning: no previous prototype for function 'GPIO_Config' [-Wmissing-prototypes]
void GPIO_Config(void)
     ^
main.c(160): note: declare 'static' if the function is not intended to be used outside of this translation unit
void GPIO_Config(void)
^
static 
main.c(169): warning: no previous prototype for function 'config_traffic' [-Wmissing-prototypes]
void config_traffic(int no,char color,int delay)
     ^
main.c(169): note: declare 'static' if the function is not intended to be used outside of this translation unit
void config_traffic(int no,char color,int delay)
^
static 
main.c(196): warning: no previous prototype for function 'send_traffic_1' [-Wmissing-prototypes]
void send_traffic_1(int g,int y,int r,int ux)
     ^
main.c(196): note: declare 'static' if the function is not intended to be used outside of this translation unit
void send_traffic_1(int g,int y,int r,int ux)
^
static 
main.c(206): warning: no previous prototype for function 'send_traffic_2' [-Wmissing-prototypes]
void send_traffic_2(int g,int y,int r,int ux)
     ^
main.c(206): note: declare 'static' if the function is not intended to be used outside of this translation unit
void send_traffic_2(int g,int y,int r,int ux)
^
static 
main.c(215): warning: no previous prototype for function 'send_traffic_monitor' [-Wmissing-prototypes]
void send_traffic_monitor(int m)
     ^
main.c(215): note: declare 'static' if the function is not intended to be used outside of this translation unit
void send_traffic_monitor(int m)
^
static 
main.c(227): warning: implicit conversion changes signedness: 'unsigned int' to 'int' [-Wsign-conversion]
        int l = strlen(input);
            ~   ^~~~~~~~~~~~~
main.c(273): warning: no previous extern declaration for non-static variable 'sz' [-Wmissing-variable-declarations]
int sz = 0;
    ^
main.c(273): note: declare 'static' if the variable is not intended to be used outside of this translation unit
int sz = 0;
^
main.c(276): warning: no previous prototype for function 'add_state' [-Wmissing-prototypes]
void add_state(int k)
     ^
main.c(276): note: declare 'static' if the function is not intended to be used outside of this translation unit
void add_state(int k)
^
static 
main.c(284): warning: variable declaration in for loop is a C99-specific feature [-Wc99-extensions]
        for( int i = 0; i < sz; i++ ){
             ^
main.c(284): warning: GCC does not allow variable declarations in for loop initializers before C99 [-Wgcc-compat]
main.c(331): warning: variable declaration in for loop is a C99-specific feature [-Wc99-extensions]
                for( int i = 0; i < 2; i++ ) arra[i] = arra[i+1];
                     ^
main.c(331): warning: GCC does not allow variable declarations in for loop initializers before C99 [-Wgcc-compat]
main.c(339): warning: implicit declaration of function 'initClock' [-Wimplicit-function-declaration]
        initClock();
        ^
main.c(337): warning: no previous prototype for function 'init' [-Wmissing-prototypes]
void init(void)
     ^
main.c(337): note: declare 'static' if the function is not intended to be used outside of this translation unit
void init(void)
^
static 
main.c(347): warning: no previous prototype for function 'Traffic_loop' [-Wmissing-prototypes]
void Traffic_loop(void)
     ^
main.c(347): note: declare 'static' if the function is not intended to be used outside of this translation unit
void Traffic_loop(void)
^
static 
main.c(348): warning: function 'Traffic_loop' could be declared with attribute 'noreturn' [-Wmissing-noreturn]
{
^
main.c(423): warning: mixing declarations and code is a C99 extension [-Wdeclaration-after-statement]
        int master = 0;
            ^
main.c(9): warning: no previous extern declaration for non-static variable 'input' [-Wmissing-variable-declarations]
char input[100];
     ^
main.c(9): note: declare 'static' if the variable is not intended to be used outside of this translation unit
char input[100];
^
46 warnings generated.
compiling main.c...
linking...
Program Size: Code=19420 RO-data=1436 RW-data=32 ZI-data=2184  
".\Objects\SPI.axf" - 0 Error(s), 46 Warning(s).

<h2>Software Packages used:</h2>

Package Vendor: ARM
                http://www.keil.com/pack/ARM.CMSIS.5.9.0.pack
                ARM.CMSIS.5.9.0
                CMSIS (Common Microcontroller Software Interface Standard)
   * Component: CORE Version: 5.6.0

Package Vendor: Keil
                https://www.keil.com/pack/Keil.STM32F4xx_DFP.2.17.0.pack
                Keil.STM32F4xx_DFP.2.17.0
                STMicroelectronics STM32F4 Series Device Support, Drivers and Examples
   * Component: Startup Version: 2.6.3

<h2>Collection of Component include folders:</h2>
  ./RTE/_Target_1
  C:/Users/User/AppData/Local/Arm/Packs/ARM/CMSIS/5.9.0/CMSIS/Core/Include
  C:/Users/User/AppData/Local/Arm/Packs/Keil/STM32F4xx_DFP/2.17.0/Drivers/CMSIS/Device/ST/STM32F4xx/Include

<h2>Collection of Component Files used:</h2>

   * Component: ARM::CMSIS:CORE:5.6.0

   * Component: Keil::Device:Startup:2.6.3
      Source file:   MDK/Device/Source/ARM/STM32F4xx_OTP.s
      Include file:  Drivers/CMSIS/Device/ST/STM32F4xx/Include/stm32f4xx.h
      Source file:   MDK/Device/Source/ARM/STM32F446xx_OPT.s
      Source file:   Drivers/CMSIS/Device/ST/STM32F4xx/Source/Templates/arm/startup_stm32f446xx.s
      Source file:   Drivers/CMSIS/Device/ST/STM32F4xx/Source/Templates/system_stm32f4xx.c
Build Time Elapsed:  00:00:00
</pre>
</body>
</html>
