Component: Arm Compiler for Embedded 6.19 Tool: armlink [5e73cb00]

==============================================================================

Section Cross References

    main.o(.text.traffic_config) refers to main.o(.bss.g1_delay) for g1_delay
    main.o(.text.traffic_config) refers to main.o(.bss.y1_delay) for y1_delay
    main.o(.text.traffic_config) refers to main.o(.bss.r1_delay) for r1_delay
    main.o(.text.traffic_config) refers to main.o(.bss.extra2) for extra2
    main.o(.text.traffic_config) refers to main.o(.bss.input) for input
    main.o(.text.traffic_config) refers to main.o(.rodata.str1.1) for .L.str
    main.o(.text.traffic_config) refers to sprintf.o(.text) for sprintf
    main.o(.text.traffic_config) refers to main.o(.bss.g2_delay) for g2_delay
    main.o(.text.traffic_config) refers to main.o(.bss.y2_delay) for y2_delay
    main.o(.text.traffic_config) refers to main.o(.bss.r2_delay) for r2_delay
    main.o(.text.traffic_config) refers to main.o(.bss.extra1) for extra1
    main.o(.text.traffic_config) refers to main.o(.text.transmit_data) for transmit_data
    main.o(.text.traffic_config) refers to main.o(.bss.output) for output
    main.o(.text.traffic_config) refers to usart.o(.text.UART_SendString) for UART_SendString
    main.o(.text.traffic_config) refers to strcpy.o(.text) for strcpy
    main.o(.ARM.exidx.text.traffic_config) refers to main.o(.text.traffic_config) for [Anonymous Symbol]
    main.o(.text.transmit_data) refers to main.o(.bss.k) for k
    main.o(.text.transmit_data) refers to main.o(.bss.input) for input
    main.o(.text.transmit_data) refers to strlen.o(.text) for strlen
    main.o(.text.transmit_data) refers to sys_init.o(.text.ms_delay) for ms_delay
    main.o(.text.transmit_data) refers to main.o(.bss.output) for output
    main.o(.text.transmit_data) refers to main.o(.rodata.str1.1) for .L.str.2
    main.o(.text.transmit_data) refers to strcpy.o(.text) for strcpy
    main.o(.ARM.exidx.text.transmit_data) refers to main.o(.text.transmit_data) for [Anonymous Symbol]
    main.o(.text.monitor_time) refers to main.o(.bss.interval) for interval
    main.o(.text.monitor_time) refers to main.o(.bss.input) for input
    main.o(.text.monitor_time) refers to main.o(.rodata.str1.1) for .L.str.3
    main.o(.text.monitor_time) refers to sprintf.o(.text) for sprintf
    main.o(.text.monitor_time) refers to main.o(.text.transmit_data) for transmit_data
    main.o(.text.monitor_time) refers to main.o(.bss.output) for output
    main.o(.text.monitor_time) refers to usart.o(.text.UART_SendString) for UART_SendString
    main.o(.text.monitor_time) refers to strcpy.o(.text) for strcpy
    main.o(.ARM.exidx.text.monitor_time) refers to main.o(.text.monitor_time) for [Anonymous Symbol]
    main.o(.text.processString) refers to main.o(.text.transmit_data) for transmit_data
    main.o(.text.processString) refers to main.o(.bss.output) for output
    main.o(.text.processString) refers to strcpy.o(.text) for strcpy
    main.o(.text.processString) refers to main.o(.bss.extra) for extra
    main.o(.text.processString) refers to main.o(.bss.delay3) for delay3
    main.o(.text.processString) refers to main.o(.bss.delay2) for delay2
    main.o(.text.processString) refers to main.o(.rodata.str1.1) for .L.str.4
    main.o(.text.processString) refers to main.o(.bss.light) for light
    main.o(.text.processString) refers to main.o(.bss.delay1) for delay1
    main.o(.text.processString) refers to sscanf.o(.text) for sscanf
    main.o(.text.processString) refers to main.o(.bss.g1_delay) for g1_delay
    main.o(.text.processString) refers to main.o(.bss.y1_delay) for y1_delay
    main.o(.text.processString) refers to main.o(.bss.r1_delay) for r1_delay
    main.o(.text.processString) refers to main.o(.bss.extra2) for extra2
    main.o(.text.processString) refers to main.o(.bss.g2_delay) for g2_delay
    main.o(.text.processString) refers to main.o(.bss.y2_delay) for y2_delay
    main.o(.text.processString) refers to main.o(.bss.r2_delay) for r2_delay
    main.o(.text.processString) refers to main.o(.bss.extra1) for extra1
    main.o(.text.processString) refers to main.o(.bss.interval) for interval
    main.o(.text.processString) refers to strlen.o(.text) for strlen
    main.o(.text.processString) refers to main.o(.text.traffic_config) for traffic_config
    main.o(.text.processString) refers to main.o(.text.monitor_time) for monitor_time
    main.o(.text.processString) refers to main.o(.bss.input) for input
    main.o(.ARM.exidx.text.processString) refers to main.o(.text.processString) for [Anonymous Symbol]
    main.o(.text.traffic_status) refers to gpio.o(.text.GPIO_ReadPin) for GPIO_ReadPin
    main.o(.text.traffic_status) refers to main.o(.rodata.str1.1) for .L.str.7
    main.o(.text.traffic_status) refers to strcpy.o(.text) for strcpy
    main.o(.text.traffic_status) refers to main.o(.bss.time_count) for time_count
[...]
    i.__hardfp___mathlib_tofloat             0x08004560   Section        0  narrow.o(i.__hardfp___mathlib_tofloat)
    i.__hardfp_ldexp                         0x08004658   Section        0  ldexp.o(i.__hardfp_ldexp)
    i.__mathlib_dbl_overflow                 0x08004728   Section        0  dunder.o(i.__mathlib_dbl_overflow)
    i.__mathlib_dbl_underflow                0x08004748   Section        0  dunder.o(i.__mathlib_dbl_underflow)
    i.__mathlib_narrow                       0x08004768   Section        0  narrow.o(i.__mathlib_narrow)
    i.__support_ldexp                        0x0800477a   Section        0  ldexp.o(i.__support_ldexp)
    i._is_digit                              0x0800478e   Section        0  __printf_wp.o(i._is_digit)
    i.frexp                                  0x080047a0   Section        0  frexp.o(i.frexp)
    locale$$code                             0x0800482c   Section       44  lc_numeric_c.o(locale$$code)
    locale$$code                             0x08004858   Section       44  lc_ctype_c.o(locale$$code)
    $v0                                      0x08004884   Number         0  d2f.o(x$fpl$d2f)
    x$fpl$d2f                                0x08004884   Section       98  d2f.o(x$fpl$d2f)
    $v0                                      0x080048e8   Number         0  dcheck1.o(x$fpl$dcheck1)
    x$fpl$dcheck1                            0x080048e8   Section       16  dcheck1.o(x$fpl$dcheck1)
    $v0                                      0x080048f8   Number         0  dcmpi.o(x$fpl$dcmpinf)
    x$fpl$dcmpinf                            0x080048f8   Section       24  dcmpi.o(x$fpl$dcmpinf)
    $v0                                      0x08004910   Number         0  deqf.o(x$fpl$deqf)
    x$fpl$deqf                               0x08004910   Section      120  deqf.o(x$fpl$deqf)
    $v0                                      0x08004988   Number         0  dleqf.o(x$fpl$dleqf)
    x$fpl$dleqf                              0x08004988   Section      120  dleqf.o(x$fpl$dleqf)
    $v0                                      0x08004a00   Number         0  dmul.o(x$fpl$dmul)
    x$fpl$dmul                               0x08004a00   Section      340  dmul.o(x$fpl$dmul)
    $v0                                      0x08004b54   Number         0  dnaninf.o(x$fpl$dnaninf)
    x$fpl$dnaninf                            0x08004b54   Section      156  dnaninf.o(x$fpl$dnaninf)
    $v0                                      0x08004bf0   Number         0  dretinf.o(x$fpl$dretinf)
    x$fpl$dretinf                            0x08004bf0   Section       12  dretinf.o(x$fpl$dretinf)
    $v0                                      0x08004bfc   Number         0  drleqf.o(x$fpl$drleqf)
    x$fpl$drleqf                             0x08004bfc   Section      108  drleqf.o(x$fpl$drleqf)
    $v0                                      0x08004c68   Number         0  fpinit.o(x$fpl$fpinit)
    x$fpl$fpinit                             0x08004c68   Section       26  fpinit.o(x$fpl$fpinit)
    $v0                                      0x08004c82   Number         0  fretinf.o(x$fpl$fretinf)
    x$fpl$fretinf                            0x08004c82   Section       10  fretinf.o(x$fpl$fretinf)
    $v0                                      0x08004c8c   Number         0  istatus.o(x$fpl$ieeestatus)
    x$fpl$ieeestatus                         0x08004c8c   Section        6  istatus.o(x$fpl$ieeestatus)
    $v0                                      0x08004c92   Number         0  printf1.o(x$fpl$printf1)
    x$fpl$printf1                            0x08004c92   Section        4  printf1.o(x$fpl$printf1)
    $v0                                      0x08004c96   Number         0  printf2.o(x$fpl$printf2)
    x$fpl$printf2                            0x08004c96   Section        4  printf2.o(x$fpl$printf2)
    $v0                                      0x08004c9a   Number         0  retnan.o(x$fpl$retnan)
    x$fpl$retnan                             0x08004c9a   Section      100  retnan.o(x$fpl$retnan)
    $v0                                      0x08004cfe   Number         0  scalbn.o(x$fpl$scalbn)
    x$fpl$scalbn                             0x08004cfe   Section       92  scalbn.o(x$fpl$scalbn)
    $v0                                      0x08004d5a   Number         0  scanf1.o(x$fpl$scanf1)
    x$fpl$scanf1                             0x08004d5a   Section        4  scanf1.o(x$fpl$scanf1)
    $v0                                      0x08004d5e   Number         0  scanf2.o(x$fpl$scanf2)
    x$fpl$scanf2                             0x08004d5e   Section        8  scanf2.o(x$fpl$scanf2)
    $v0                                      0x08004d66   Number         0  trapv.o(x$fpl$trapveneer)
    x$fpl$trapveneer                         0x08004d66   Section       48  trapv.o(x$fpl$trapveneer)
    x$fpl$usenofp                            0x08004d96   Section        0  usenofp.o(x$fpl$usenofp)
    initial_mbstate                          0x08004d98   Data           8  _printf_wctomb.o(.constdata)
    .constdata                               0x08004d98   Section        8  _printf_wctomb.o(.constdata)
    uc_hextab                                0x08004da0   Data          20  _printf_hex_int_ll_ptr.o(.constdata)
    .constdata                               0x08004da0   Section       40  _printf_hex_int_ll_ptr.o(.constdata)
    lc_hextab                                0x08004db4   Data          20  _printf_hex_int_ll_ptr.o(.constdata)
    maptable                                 0x08004dc8   Data          17  __printf_flags_ss_wp.o(.constdata)
    .constdata                               0x08004dc8   Section       17  __printf_flags_ss_wp.o(.constdata)
    lc_hextab                                0x08004dd9   Data          19  _printf_fp_hex.o(.constdata)
    .constdata                               0x08004dd9   Section       38  _printf_fp_hex.o(.constdata)
    uc_hextab                                0x08004dec   Data          19  _printf_fp_hex.o(.constdata)
    tenpwrs_x                                0x08004e00   Data          60  bigflt0.o(.constdata)
    .constdata                               0x08004e00   Section      148  bigflt0.o(.constdata)
    tenpwrs_i                                0x08004e3c   Data          64  bigflt0.o(.constdata)
    .L.str.11                                0x08004e94   Data          30  main.o(.rodata.str1.1)
    [Anonymous Symbol]                       0x08004e94   Section        0  main.o(.rodata.str1.1)
    .L.str.14                                0x08004eb2   Data          28  main.o(.rodata.str1.1)
    .L.str.10                                0x08004ece   Data          30  main.o(.rodata.str1.1)
    .L.str.13                                0x08004eec   Data          28  main.o(.rodata.str1.1)
    .L.str                                   0x08004f08   Data          35  main.o(.rodata.str1.1)
    .L.str.1                                 0x08004f2b   Data          35  main.o(.rodata.str1.1)
    .L.str.3                                 0x08004f4e   Data          20  main.o(.rodata.str1.1)
    .L.str.9                                 0x08004f62   Data          29  main.o(.rodata.str1.1)
    .L.str.12                                0x08004f7f   Data          29  main.o(.rodata.str1.1)
    .L.str.8                                 0x08004f9c   Data           4  main.o(.rodata.str1.1)
    .L.str.7                                 0x08004fa0   Data           3  main.o(.rodata.str1.1)
    .L.str.4                                 0x08004fa3   Data          42  main.o(.rodata.str1.1)
    .L.str.5                                 0x08004fcd   Data          26  main.o(.rodata.str1.1)
    .L.str.6                                 0x08004fe7   Data          22  main.o(.rodata.str1.1)
    .L.str.2                                 0x08004ffc   Data           1  main.o(.rodata.str1.1)
    c$$dinf                                  0x08005010   Section        8  fpconst.o(c$$dinf)
    c$$dmax                                  0x08005018   Section        8  fpconst.o(c$$dmax)
    locale$$data                             0x08005020   Section       28  lc_numeric_c.o(locale$$data)
    __lcnum_c_name                           0x08005024   Data           2  lc_numeric_c.o(locale$$data)
    __lcnum_c_start                          0x0800502c   Data           0  lc_numeric_c.o(locale$$data)
    __lcnum_c_point                          0x08005038   Data           0  lc_numeric_c.o(locale$$data)
    __lcnum_c_thousands                      0x0800503a   Data           0  lc_numeric_c.o(locale$$data)
    __lcnum_c_grouping                       0x0800503b   Data           0  lc_numeric_c.o(locale$$data)
    __lcnum_c_end                            0x0800503c   Data           0  lc_numeric_c.o(locale$$data)
    locale$$data                             0x0800503c   Section      272  lc_ctype_c.o(locale$$data)
    __lcctype_c_name                         0x08005040   Data           2  lc_ctype_c.o(locale$$data)
    __lcctype_c_start                        0x08005048   Data           0  lc_ctype_c.o(locale$$data)
    __lcctype_c_end                          0x0800514c   Data           0  lc_ctype_c.o(locale$$data)
    .bss                                     0x20000000   Section      228  rand.o(.bss)
    .bss                                     0x200000e4   Section       96  libspace.o(.bss)
    delay1                                   0x20000144   Data           4  main.o(.bss.delay1)
    [Anonymous Symbol]                       0x20000144   Section        0  main.o(.bss.delay1)
    delay2                                   0x20000148   Data           4  main.o(.bss.delay2)
    [Anonymous Symbol]                       0x20000148   Section        0  main.o(.bss.delay2)
    delay3                                   0x2000014c   Data           4  main.o(.bss.delay3)
    [Anonymous Symbol]                       0x2000014c   Section        0  main.o(.bss.delay3)
    extra                                    0x20000150   Data           4  main.o(.bss.extra)
    [Anonymous Symbol]                       0x20000150   Section        0  main.o(.bss.extra)
    extra1                                   0x20000154   Data           4  main.o(.bss.extra1)
    [Anonymous Symbol]                       0x20000154   Section        0  main.o(.bss.extra1)
    extra2                                   0x20000158   Data           4  main.o(.bss.extra2)
    [Anonymous Symbol]                       0x20000158   Section        0  main.o(.bss.extra2)
    g1_delay                                 0x2000015c   Data           4  main.o(.bss.g1_delay)
    [Anonymous Symbol]                       0x2000015c   Section        0  main.o(.bss.g1_delay)
    g2_delay                                 0x20000160   Data           4  main.o(.bss.g2_delay)
    [Anonymous Symbol]                       0x20000160   Section        0  main.o(.bss.g2_delay)
    input                                    0x20000164   Data         100  main.o(.bss.input)
    [Anonymous Symbol]                       0x20000164   Section        0  main.o(.bss.input)
    interval                                 0x200001c8   Data           4  main.o(.bss.interval)
    [Anonymous Symbol]                       0x200001c8   Section        0  main.o(.bss.interval)
    k                                        0x200001cc   Data           4  main.o(.bss.k)
    [Anonymous Symbol]                       0x200001cc   Section        0  main.o(.bss.k)
    light                                    0x200001d0   Data           4  main.o(.bss.light)
    [Anonymous Symbol]                       0x200001d0   Section        0  main.o(.bss.light)
    msTicks                                  0x200001d4   Data           4  sys_init.o(.bss.msTicks)
    [Anonymous Symbol]                       0x200001d4   Section        0  sys_init.o(.bss.msTicks)
    output                                   0x200001d8   Data         100  main.o(.bss.output)
    [Anonymous Symbol]                       0x200001d8   Section        0  main.o(.bss.output)
    r1_delay                                 0x2000023c   Data           4  main.o(.bss.r1_delay)
    [Anonymous Symbol]                       0x2000023c   Section        0  main.o(.bss.r1_delay)
    r2_delay                                 0x20000240   Data           4  main.o(.bss.r2_delay)
    [Anonymous Symbol]                       0x20000240   Section        0  main.o(.bss.r2_delay)
    time_count                               0x20000244   Data           4  main.o(.bss.time_count)
    [Anonymous Symbol]                       0x20000244   Section        0  main.o(.bss.time_count)
    y1_delay                                 0x20000248   Data           4  main.o(.bss.y1_delay)
    [Anonymous Symbol]                       0x20000248   Section        0  main.o(.bss.y1_delay)
    y2_delay                                 0x2000024c   Data           4  main.o(.bss.y2_delay)
    [Anonymous Symbol]                       0x2000024c   Section        0  main.o(.bss.y2_delay)
    Heap_Mem                                 0x20000250   Data         512  startup_stm32f446xx.o(HEAP)
    HEAP                                     0x20000250   Section      512  startup_stm32f446xx.o(HEAP)
    Stack_Mem                                0x20000450   Data        1024  startup_stm32f446xx.o(STACK)
    STACK                                    0x20000450   Section     1024  startup_stm32f446xx.o(STACK)
    __initial_sp                             0x20000850   Data           0  startup_stm32f446xx.o(STACK)

    Global Symbols

    Symbol Name                              Value     Ov Type        Size  Object(Section)

    BuildAttributes$$THM_ISAv4$E$P$D$K$B$S$7EM$VFPi3$EXTD16$VFPS$VFMA$PE$A:L22UL41UL21$X:L11$S22US41US21$IEEE1$IW$~IW$USESV6$~STKCKD$USESV7$~SHL$OTIME$ROPI$IEEEX$EBA8$UX$STANDARDLIB$REQ8$PRES8$EABIv2 0x00000000   Number         0  anon$$obj.o ABSOLUTE
    _printf_flags                            0x00000000   Number         0  printf_stubs.o ABSOLUTE
    _printf_return_value                     0x00000000   Number         0  printf_stubs.o ABSOLUTE
    _printf_sizespec                         0x00000000   Number         0  printf_stubs.o ABSOLUTE
    _printf_widthprec                        0x00000000   Number         0  printf_stubs.o ABSOLUTE
    __ARM_exceptions_init                     - Undefined Weak Reference
    __alloca_initialize                       - Undefined Weak Reference
    __arm_preinit_                            - Undefined Weak Reference
    __arm_relocate_pie_                       - Undefined Weak Reference
    __cpp_initialize__aeabi_                  - Undefined Weak Reference
    __cxa_finalize                            - Undefined Weak Reference
    __sigvec_lookup                           - Undefined Weak Reference
    _atexit_init                              - Undefined Weak Reference
    _call_atexit_fns                          - Undefined Weak Reference
    _clock_init                               - Undefined Weak Reference
    _fp_trap_init                             - Undefined Weak Reference
    _fp_trap_shutdown                         - Undefined Weak Reference
    _get_lc_collate                           - Undefined Weak Reference
    _get_lc_monetary                          - Undefined Weak Reference
    _get_lc_time                              - Undefined Weak Reference
    _getenv_init                              - Undefined Weak Reference
    _handle_redirection                       - Undefined Weak Reference
    _init_alloc                               - Undefined Weak Reference
    _init_user_alloc                          - Undefined Weak Reference
    _initio                                   - Undefined Weak Reference
    _printf_mbtowc                            - Undefined Weak Reference
    _printf_wc                                - Undefined Weak Reference
    _signal_finish                            - Undefined Weak Reference
    _signal_init                              - Undefined Weak Reference
    _terminate_alloc                          - Undefined Weak Reference
    _terminate_user_alloc                     - Undefined Weak Reference
    _terminateio                              - Undefined Weak Reference
    __Vectors_Size                           0x000001c4   Number         0  startup_stm32f446xx.o ABSOLUTE
    __Vectors                                0x08000000   Data           4  startup_stm32f446xx.o(RESET)
    __Vectors_End                            0x080001c4   Data           0  startup_stm32f446xx.o(RESET)
    __main                                   0x080001c5   Thumb Code     8  __main.o(!!!main)
    __scatterload                            0x080001cd   Thumb Code     0  __scatter.o(!!!scatter)
    __scatterload_rt2                        0x080001cd   Thumb Code    44  __scatter.o(!!!scatter)
    __scatterload_rt2_thumb_only             0x080001cd   Thumb Code     0  __scatter.o(!!!scatter)
    __scatterload_null                       0x080001db   Thumb Code     0  __scatter.o(!!!scatter)
    __scatterload_zeroinit                   0x08000201   Thumb Code    28  __scatter_zi.o(!!handler_zi)
    _printf_n                                0x0800021d   Thumb Code     0  _printf_n.o(.ARM.Collect$$_printf_percent$$00000001)
    _printf_percent                          0x0800021d   Thumb Code     0  _printf_percent.o(.ARM.Collect$$_printf_percent$$00000000)
    _printf_p                                0x08000223   Thumb Code     0  _printf_p.o(.ARM.Collect$$_printf_percent$$00000002)
    _printf_f                                0x08000229   Thumb Code     0  _printf_f.o(.ARM.Collect$$_printf_percent$$00000003)
    _printf_e                                0x0800022f   Thumb Code     0  _printf_e.o(.ARM.Collect$$_printf_percent$$00000004)
    _printf_g                                0x08000235   Thumb Code     0  _printf_g.o(.ARM.Collect$$_printf_percent$$00000005)
    _printf_a                                0x0800023b   Thumb Code     0  _printf_a.o(.ARM.Collect$$_printf_percent$$00000006)
    _printf_ll                               0x08000241   Thumb Code     0  _printf_ll.o(.ARM.Collect$$_printf_percent$$00000007)
    _printf_i                                0x0800024b   Thumb Code     0  _printf_i.o(.ARM.Collect$$_printf_percent$$00000008)
    _printf_d                                0x08000251   Thumb Code     0  _printf_d.o(.ARM.Collect$$_printf_percent$$00000009)
    _printf_u                                0x08000257   Thumb Code     0  _printf_u.o(.ARM.Collect$$_printf_percent$$0000000A)
    _printf_o                                0x0800025d   Thumb Code     0  _printf_o.o(.ARM.Collect$$_printf_percent$$0000000B)
    _printf_x                                0x08000263   Thumb Code     0  _printf_x.o(.ARM.Collect$$_printf_percent$$0000000C)
    _printf_lli                              0x08000269   Thumb Code     0  _printf_lli.o(.ARM.Collect$$_printf_percent$$0000000D)
    _printf_lld                              0x0800026f   Thumb Code     0  _printf_lld.o(.ARM.Collect$$_printf_percent$$0000000E)
    _printf_llu                              0x08000275   Thumb Code     0  _printf_llu.o(.ARM.Collect$$_printf_percent$$0000000F)
    _printf_llo                              0x0800027b   Thumb Code     0  _printf_llo.o(.ARM.Collect$$_printf_percent$$00000010)
    _printf_llx                              0x08000281   Thumb Code     0  _printf_llx.o(.ARM.Collect$$_printf_percent$$00000011)
    _printf_l                                0x08000287   Thumb Code     0  _printf_l.o(.ARM.Collect$$_printf_percent$$00000012)
    _printf_c                                0x08000291   Thumb Code     0  _printf_c.o(.ARM.Collect$$_printf_percent$$00000013)
    _printf_s                                0x08000297   Thumb Code     0  _printf_s.o(.ARM.Collect$$_printf_percent$$00000014)
    _printf_lc                               0x0800029d   Thumb Code     0  _printf_lc.o(.ARM.Collect$$_printf_percent$$00000015)
    _printf_ls                               0x080002a3   Thumb Code     0  _printf_ls.o(.ARM.Collect$$_printf_percent$$00000016)
    _printf_percent_end                      0x080002a9   Thumb Code     0  _printf_percent_end.o(.ARM.Collect$$_printf_percent$$00000017)
    __rt_lib_init                            0x080002ad   Thumb Code     0  libinit.o(.ARM.Collect$$libinit$$00000000)
    __rt_lib_init_fp_1                       0x080002af   Thumb Code     0  libinit2.o(.ARM.Collect$$libinit$$00000001)
    __rt_lib_init_heap_1                     0x080002b3   Thumb Code     0  libinit2.o(.ARM.Collect$$libinit$$0000000C)
    __rt_lib_init_preinit_1                  0x080002b3   Thumb Code     0  libinit2.o(.ARM.Collect$$libinit$$00000006)
    __rt_lib_init_rand_2                     0x080002b3   Thumb Code     0  libinit2.o(.ARM.Collect$$libinit$$0000000F)
    __rt_lib_init_relocate_pie_1             0x080002b3   Thumb Code     0  libinit2.o(.ARM.Collect$$libinit$$00000004)
    __rt_lib_init_user_alloc_1               0x080002b3   Thumb Code     0  libinit2.o(.ARM.Collect$$libinit$$0000000E)
    __rt_lib_init_lc_common                  0x080002b7   Thumb Code     0  libinit2.o(.ARM.Collect$$libinit$$00000011)
    __rt_lib_init_rand_1                     0x080002b7   Thumb Code     0  libinit2.o(.ARM.Collect$$libinit$$00000010)
    __rt_lib_init_lc_collate_1               0x080002bd   Thumb Code     0  libinit2.o(.ARM.Collect$$libinit$$00000013)
    __rt_lib_init_lc_ctype_2                 0x080002bd   Thumb Code     0  libinit2.o(.ARM.Collect$$libinit$$00000014)
    __rt_lib_init_lc_ctype_1                 0x080002c9   Thumb Code     0  libinit2.o(.ARM.Collect$$libinit$$00000015)
    __rt_lib_init_lc_monetary_1              0x080002c9   Thumb Code     0  libinit2.o(.ARM.Collect$$libinit$$00000017)
    __rt_lib_init_lc_numeric_2               0x080002c9   Thumb Code     0  libinit2.o(.ARM.Collect$$libinit$$00000018)
    __rt_lib_init_alloca_1                   0x080002d3   Thumb Code     0  libinit2.o(.ARM.Collect$$libinit$$00000030)
    __rt_lib_init_argv_1                     0x080002d3   Thumb Code     0  libinit2.o(.ARM.Collect$$libinit$$0000002E)
    __rt_lib_init_atexit_1                   0x080002d3   Thumb Code     0  libinit2.o(.ARM.Collect$$libinit$$0000001D)
    __rt_lib_init_clock_1                    0x080002d3   Thumb Code     0  libinit2.o(.ARM.Collect$$libinit$$00000023)
    __rt_lib_init_cpp_1                      0x080002d3   Thumb Code     0  libinit2.o(.ARM.Collect$$libinit$$00000034)
    __rt_lib_init_exceptions_1               0x080002d3   Thumb Code     0  libinit2.o(.ARM.Collect$$libinit$$00000032)
    __rt_lib_init_fp_trap_1                  0x080002d3   Thumb Code     0  libinit2.o(.ARM.Collect$$libinit$$00000021)
    __rt_lib_init_getenv_1                   0x080002d3   Thumb Code     0  libinit2.o(.ARM.Collect$$libinit$$00000025)
    __rt_lib_init_lc_numeric_1               0x080002d3   Thumb Code     0  libinit2.o(.ARM.Collect$$libinit$$00000019)
    __rt_lib_init_lc_time_1                  0x080002d3   Thumb Code     0  libinit2.o(.ARM.Collect$$libinit$$0000001B)
    __rt_lib_init_return                     0x080002d3   Thumb Code     0  libinit2.o(.ARM.Collect$$libinit$$00000035)
    __rt_lib_init_signal_1                   0x080002d3   Thumb Code     0  libinit2.o(.ARM.Collect$$libinit$$0000001F)
    __rt_lib_init_stdio_1                    0x080002d3   Thumb Code     0  libinit2.o(.ARM.Collect$$libinit$$00000027)
    __rt_lib_shutdown                        0x080002d5   Thumb Code     0  libshutdown.o(.ARM.Collect$$libshutdown$$00000000)
    __rt_lib_shutdown_cpp_1                  0x080002d7   Thumb Code     0  libshutdown2.o(.ARM.Collect$$libshutdown$$00000002)
    __rt_lib_shutdown_fp_trap_1              0x080002d7   Thumb Code     0  libshutdown2.o(.ARM.Collect$$libshutdown$$00000007)
    __rt_lib_shutdown_heap_1                 0x080002d7   Thumb Code     0  libshutdown2.o(.ARM.Collect$$libshutdown$$0000000F)
    __rt_lib_shutdown_return                 0x080002d7   Thumb Code     0  libshutdown2.o(.ARM.Collect$$libshutdown$$00000010)
    __rt_lib_shutdown_signal_1               0x080002d7   Thumb Code     0  libshutdown2.o(.ARM.Collect$$libshutdown$$0000000A)
    __rt_lib_shutdown_stdio_1                0x080002d7   Thumb Code     0  libshutdown2.o(.ARM.Collect$$libshutdown$$00000004)
    __rt_lib_shutdown_user_alloc_1           0x080002d7   Thumb Code     0  libshutdown2.o(.ARM.Collect$$libshutdown$$0000000C)
    __rt_entry                               0x080002d9   Thumb Code     0  __rtentry.o(.ARM.Collect$$rtentry$$00000000)
    __rt_entry_presh_1                       0x080002d9   Thumb Code     0  __rtentry2.o(.ARM.Collect$$rtentry$$00000002)
    __rt_entry_sh                            0x080002d9   Thumb Code     0  __rtentry4.o(.ARM.Collect$$rtentry$$00000004)
    __rt_entry_li                            0x080002df   Thumb Code     0  __rtentry2.o(.ARM.Collect$$rtentry$$0000000A)
    __rt_entry_postsh_1                      0x080002df   Thumb Code     0  __rtentry2.o(.ARM.Collect$$rtentry$$00000009)
    __rt_entry_main                          0x080002e3   Thumb Code     0  __rtentry2.o(.ARM.Collect$$rtentry$$0000000D)
    __rt_entry_postli_1                      0x080002e3   Thumb Code     0  __rtentry2.o(.ARM.Collect$$rtentry$$0000000C)
    __rt_exit                                0x080002eb   Thumb Code     0  rtexit.o(.ARM.Collect$$rtexit$$00000000)
    __rt_exit_ls                             0x080002ed   Thumb Code     0  rtexit2.o(.ARM.Collect$$rtexit$$00000003)
    __rt_exit_prels_1                        0x080002ed   Thumb Code     0  rtexit2.o(.ARM.Collect$$rtexit$$00000002)
    __rt_exit_exit                           0x080002f1   Thumb Code     0  rtexit2.o(.ARM.Collect$$rtexit$$00000004)
    rand                                     0x080002f9   Thumb Code    48  rand.o(.emb_text)
    Reset_Handler                            0x0800032d   Thumb Code     8  startup_stm32f446xx.o(.text)
    NMI_Handler                              0x08000335   Thumb Code     2  startup_stm32f446xx.o(.text)
    HardFault_Handler                        0x08000337   Thumb Code     2  startup_stm32f446xx.o(.text)
    MemManage_Handler                        0x08000339   Thumb Code     2  startup_stm32f446xx.o(.text)
    BusFault_Handler                         0x0800033b   Thumb Code     2  startup_stm32f446xx.o(.text)
    UsageFault_Handler                       0x0800033d   Thumb Code     2  startup_stm32f446xx.o(.text)
    SVC_Handler                              0x0800033f   Thumb Code     2  startup_stm32f446xx.o(.text)
    DebugMon_Handler                         0x08000341   Thumb Code     2  startup_stm32f446xx.o(.text)
    PendSV_Handler                           0x08000343   Thumb Code     2  startup_stm32f446xx.o(.text)
    ADC_IRQHandler                           0x08000347   Thumb Code     0  startup_stm32f446xx.o(.text)
    CAN1_RX0_IRQHandler                      0x08000347   Thumb Code     0  startup_stm32f446xx.o(.text)
    CAN1_RX1_IRQHandler                      0x08000347   Thumb Code     0  startup_stm32f446xx.o(.text)
    CAN1_SCE_IRQHandler                      0x08000347   Thumb Code     0  startup_stm32f446xx.o(.text)
    CAN1_TX_IRQHandler                       0x08000347   Thumb Code     0  startup_stm32f446xx.o(.text)
    CAN2_RX0_IRQHandler                      0x08000347   Thumb Code     0  startup_stm32f446xx.o(.text)
    CAN2_RX1_IRQHandler                      0x08000347   Thumb Code     0  startup_stm32f446xx.o(.text)
    CAN2_SCE_IRQHandler                      0x08000347   Thumb Code     0  startup_stm32f446xx.o(.text)
    CAN2_TX_IRQHandler                       0x08000347   Thumb Code     0  startup_stm32f446xx.o(.text)
    CEC_IRQHandler                           0x08000347   Thumb Code     0  startup_stm32f446xx.o(.text)
    DCMI_IRQHandler                          0x08000347   Thumb Code     0  startup_stm32f446xx.o(.text)
    DMA1_Stream0_IRQHandler                  0x08000347   Thumb Code     0  startup_stm32f446xx.o(.text)
    DMA1_Stream1_IRQHandler                  0x08000347   Thumb Code     0  startup_stm32f446xx.o(.text)
    DMA1_Stream2_IRQHandler                  0x08000347   Thumb Code     0  startup_stm32f446xx.o(.text)
    DMA1_Stream3_IRQHandler                  0x08000347   Thumb Code     0  startup_stm32f446xx.o(.text)
    DMA1_Stream4_IRQHandler                  0x08000347   Thumb Code     0  startup_stm32f446xx.o(.text)
    DMA1_Stream5_IRQHandler                  0x08000347   Thumb Code     0  startup_stm32f446xx.o(.text)
    DMA1_Stream6_IRQHandler                  0x08000347   Thumb Code     0  startup_stm32f446xx.o(.text)
    DMA1_Stream7_IRQHandler                  0x08000347   Thumb Code     0  startup_stm32f446xx.o(.text)
    DMA2_Stream0_IRQHandler                  0x08000347   Thumb Code     0  startup_stm32f446xx.o(.text)
    DMA2_Stream1_IRQHandler                  0x08000347   Thumb Code     0  startup_stm32f446xx.o(.text)
    DMA2_Stream2_IRQHandler                  0x08000347   Thumb Code     0  startup_stm32f446xx.o(.text)
    DMA2_Stream3_IRQHandler                  0x08000347   Thumb Code     0  startup_stm32f446xx.o(.text)
    DMA2_Stream4_IRQHandler                  0x08000347   Thumb Code     0  startup_stm32f446xx.o(.text)
    DMA2_Stream5_IRQHandler                  0x08000347   Thumb Code     0  startup_stm32f446xx.o(.text)
    DMA2_Stream6_IRQHandler                  0x08000347   Thumb Code     0  startup_stm32f446xx.o(.text)
    DMA2_Stream7_IRQHandler                  0x08000347   Thumb Code     0  startup_stm32f446xx.o(.text)
    EXTI0_IRQHandler                         0x08000347   Thumb Code     0  startup_stm32f446xx.o(.text)
    EXTI15_10_IRQHandler                     0x08000347   Thumb Code     0  startup_stm32f446xx.o(.text)
    EXTI1_IRQHandler                         0x08000347   Thumb Code     0  startup_stm32f446xx.o(.text)
    EXTI2_IRQHandler                         0x08000347   Thumb Code     0  startup_stm32f446xx.o(.text)
    EXTI3_IRQHandler                         0x08000347   Thumb Code     0  startup_stm32f446xx.o(.text)
    EXTI4_IRQHandler                         0x08000347   Thumb Code     0  startup_stm32f446xx.o(.text)
    EXTI9_5_IRQHandler                       0x08000347   Thumb Code     0  startup_stm32f446xx.o(.text)
    FLASH_IRQHandler                         0x08000347   Thumb Code     0  startup_stm32f446xx.o(.text)
    FMC_IRQHandler                           0x08000347   Thumb Code     0  startup_stm32f446xx.o(.text)
    FMPI2C1_ER_IRQHandler                    0x08000347   Thumb Code     0  startup_stm32f446xx.o(.text)
    FMPI2C1_EV_IRQHandler                    0x08000347   Thumb Code     0  startup_stm32f446xx.o(.text)
    FPU_IRQHandler                           0x08000347   Thumb Code     0  startup_stm32f446xx.o(.text)
    I2C1_ER_IRQHandler                       0x08000347   Thumb Code     0  startup_stm32f446xx.o(.text)
    I2C1_EV_IRQHandler                       0x08000347   Thumb Code     0  startup_stm32f446xx.o(.text)
    I2C2_ER_IRQHandler                       0x08000347   Thumb Code     0  startup_stm32f446xx.o(.text)
    I2C2_EV_IRQHandler                       0x08000347   Thumb Code     0  startup_stm32f446xx.o(.text)
    I2C3_ER_IRQHandler                       0x08000347   Thumb Code     0  startup_stm32f446xx.o(.text)
    I2C3_EV_IRQHandler                       0x08000347   Thumb Code     0  startup_stm32f446xx.o(.text)
    OTG_FS_IRQHandler                        0x08000347   Thumb Code     0  startup_stm32f446xx.o(.text)
    OTG_FS_WKUP_IRQHandler                   0x08000347   Thumb Code     0  startup_stm32f446xx.o(.text)
    OTG_HS_EP1_IN_IRQHandler                 0x08000347   Thumb Code     0  startup_stm32f446xx.o(.text)
    OTG_HS_EP1_OUT_IRQHandler                0x08000347   Thumb Code     0  startup_stm32f446xx.o(.text)
    OTG_HS_IRQHandler                        0x08000347   Thumb Code     0  startup_stm32f446xx.o(.text)
    OTG_HS_WKUP_IRQHandler                   0x08000347   Thumb Code     0  startup_stm32f446xx.o(.text)
    PVD_IRQHandler                           0x08000347   Thumb Code     0  startup_stm32f446xx.o(.text)
    QUADSPI_IRQHandler                       0x08000347   Thumb Code     0  startup_stm32f446xx.o(.text)
    RCC_IRQHandler                           0x08000347   Thumb Code     0  startup_stm32f446xx.o(.text)
    RTC_Alarm_IRQHandler                     0x08000347   Thumb Code     0  startup_stm32f446xx.o(.text)
    RTC_WKUP_IRQHandler                      0x08000347   Thumb Code     0  startup_stm32f446xx.o(.text)
    SAI1_IRQHandler                          0x08000347   Thumb Code     0  startup_stm32f446xx.o(.text)
    SAI2_IRQHandler                          0x08000347   Thumb Code     0  startup_stm32f446xx.o(.text)
    SDIO_IRQHandler                          0x08000347   Thumb Code     0  startup_stm32f446xx.o(.text)
    SPDIF_RX_IRQHandler                      0x08000347   Thumb Code     0  startup_stm32f446xx.o(.text)
    SPI1_IRQHandler                          0x08000347   Thumb Code     0  startup_stm32f446xx.o(.text)
    SPI2_IRQHandler                          0x08000347   Thumb Code     0  startup_stm32f446xx.o(.text)
    SPI3_IRQHandler                          0x08000347   Thumb Code     0  startup_stm32f446xx.o(.text)
    SPI4_IRQHandler                          0x08000347   Thumb Code     0  startup_stm32f446xx.o(.text)
    TAMP_STAMP_IRQHandler                    0x08000347   Thumb Code     0  startup_stm32f446xx.o(.text)
    TIM1_BRK_TIM9_IRQHandler                 0x08000347   Thumb Code     0  startup_stm32f446xx.o(.text)
    TIM1_CC_IRQHandler                       0x08000347   Thumb Code     0  startup_stm32f446xx.o(.text)
    TIM1_TRG_COM_TIM11_IRQHandler            0x08000347   Thumb Code     0  startup_stm32f446xx.o(.text)
    TIM1_UP_TIM10_IRQHandler                 0x08000347   Thumb Code     0  startup_stm32f446xx.o(.text)
    TIM2_IRQHandler                          0x08000347   Thumb Code     0  startup_stm32f446xx.o(.text)
    TIM3_IRQHandler                          0x08000347   Thumb Code     0  startup_stm32f446xx.o(.text)
    TIM4_IRQHandler                          0x08000347   Thumb Code     0  startup_stm32f446xx.o(.text)
    TIM5_IRQHandler                          0x08000347   Thumb Code     0  startup_stm32f446xx.o(.text)
    TIM6_DAC_IRQHandler                      0x08000347   Thumb Code     0  startup_stm32f446xx.o(.text)
    TIM7_IRQHandler                          0x08000347   Thumb Code     0  startup_stm32f446xx.o(.text)
    TIM8_BRK_TIM12_IRQHandler                0x08000347   Thumb Code     0  startup_stm32f446xx.o(.text)
    TIM8_CC_IRQHandler                       0x08000347   Thumb Code     0  startup_stm32f446xx.o(.text)
    TIM8_TRG_COM_TIM14_IRQHandler            0x08000347   Thumb Code     0  startup_stm32f446xx.o(.text)
    TIM8_UP_TIM13_IRQHandler                 0x08000347   Thumb Code     0  startup_stm32f446xx.o(.text)
    USART1_IRQHandler                        0x08000347   Thumb Code     0  startup_stm32f446xx.o(.text)
    USART3_IRQHandler                        0x08000347   Thumb Code     0  startup_stm32f446xx.o(.text)
    USART6_IRQHandler                        0x08000347   Thumb Code     0  startup_stm32f446xx.o(.text)
    WWDG_IRQHandler                          0x08000347   Thumb Code     0  startup_stm32f446xx.o(.text)
    __user_initial_stackheap                 0x08000349   Thumb Code     0  startup_stm32f446xx.o(.text)
    sprintf                                  0x0800036d   Thumb Code    38  sprintf.o(.text)
    sscanf                                   0x08000399   Thumb Code    52  sscanf.o(.text)
    srand                                    0x080003d5   Thumb Code    42  rand.o(.text)
    _rand_init                               0x080003ff   Thumb Code     4  rand.o(.text)
    strcpy                                   0x08000411   Thumb Code    72  strcpy.o(.text)
    strlen                                   0x08000459   Thumb Code    62  strlen.o(.text)
    __use_two_region_memory                  0x08000497   Thumb Code     2  heapauxi.o(.text)
    __rt_heap_escrow$2region                 0x08000499   Thumb Code     2  heapauxi.o(.text)
    __rt_heap_expand$2region                 0x0800049b   Thumb Code     2  heapauxi.o(.text)
    _printf_pre_padding                      0x0800049d   Thumb Code    44  _printf_pad.o(.text)
    _printf_post_padding                     0x080004c9   Thumb Code    34  _printf_pad.o(.text)
    _printf_truncate_signed                  0x080004eb   Thumb Code    18  _printf_truncate.o(.text)
    _printf_truncate_unsigned                0x080004fd   Thumb Code    18  _printf_truncate.o(.text)
    _printf_str                              0x0800050f   Thumb Code    82  _printf_str.o(.text)
    _printf_int_dec                          0x08000561   Thumb Code   104  _printf_dec.o(.text)
    _printf_charcount                        0x080005d9   Thumb Code    40  _printf_charcount.o(.text)
    _printf_char_common                      0x0800060b   Thumb Code    32  _printf_char_common.o(.text)
    _sputc                                   0x08000631   Thumb Code    10  _sputc.o(.text)
    _printf_wctomb                           0x0800063d   Thumb Code   182  _printf_wctomb.o(.text)
    _printf_longlong_dec                     0x080006f9   Thumb Code   108  _printf_longlong_dec.o(.text)
    _printf_longlong_oct                     0x08000775   Thumb Code    68  _printf_oct_int_ll.o(.text)
    _printf_int_oct                          0x080007b9   Thumb Code    24  _printf_oct_int_ll.o(.text)
    _printf_ll_oct                           0x080007d1   Thumb Code    12  _printf_oct_int_ll.o(.text)
    _printf_longlong_hex                     0x080007e5   Thumb Code    86  _printf_hex_int_ll_ptr.o(.text)
    _printf_int_hex                          0x0800083b   Thumb Code    28  _printf_hex_int_ll_ptr.o(.text)
    _printf_ll_hex                           0x08000857   Thumb Code    12  _printf_hex_int_ll_ptr.o(.text)
    _printf_hex_ptr                          0x08000863   Thumb Code    18  _printf_hex_int_ll_ptr.o(.text)
    __printf                                 0x08000879   Thumb Code   388  __printf_flags_ss_wp.o(.text)
    _scanf_longlong                          0x08000a01   Thumb Code   342  _scanf_longlong.o(.text)
    _scanf_int                               0x08000b57   Thumb Code   332  _scanf_int.o(.text)
    _scanf_string                            0x08000ca3   Thumb Code   224  _scanf_str.o(.text)
    __vfscanf_char                           0x08000d91   Thumb Code    24  scanf_char.o(.text)
    _sgetc                                   0x08000db1   Thumb Code    30  _sgetc.o(.text)
    _sbackspace                              0x08000dcf   Thumb Code    34  _sgetc.o(.text)
    _scanf_mbtowc                            0x08000df1   Thumb Code   276  _scanf_mbtowc.o(.text)
    _scanf_wctomb                            0x08000f05   Thumb Code   232  _scanf_wctomb.o(.text)
    _scanf_wstring                           0x08000fed   Thumb Code   208  _scanf_wstr.o(.text)
    _ll_udiv10                               0x080010bd   Thumb Code   138  lludiv10.o(.text)
    isspace                                  0x08001147   Thumb Code    18  isspace.o(.text)
    _printf_int_common                       0x08001159   Thumb Code   178  _printf_intcommon.o(.text)
    _printf_fp_dec_real                      0x080013bb   Thumb Code   620  _printf_fp_dec.o(.text)
    _printf_fp_hex_real                      0x08001629   Thumb Code   756  _printf_fp_hex.o(.text)
    _printf_cs_common                        0x08001925   Thumb Code    20  _printf_char.o(.text)
    _printf_char                             0x08001939   Thumb Code    16  _printf_char.o(.text)
    _printf_string                           0x08001949   Thumb Code     8  _printf_char.o(.text)
    _printf_lcs_common                       0x08001951   Thumb Code    20  _printf_wchar.o(.text)
    _printf_wchar                            0x08001965   Thumb Code    16  _printf_wchar.o(.text)
    _printf_wstring                          0x08001975   Thumb Code     8  _printf_wchar.o(.text)
    _chval                                   0x0800197d   Thumb Code    28  _chval.o(.text)
    __vfscanf                                0x08001999   Thumb Code   878  _scanf.o(.text)
    _scanf_really_real                       0x08001f59   Thumb Code   684  scanf_fp.o(.text)
    _scanf_wcharmap                          0x08002205   Thumb Code    30  _scanf_wcharmap.o(.text)
    _mbrtoc16                                0x08002223   Thumb Code    64  _mbrtoc16.o(.text)
    _mbrtowc                                 0x08002223   Thumb Code     0  _mbrtoc16.o(.text)
    _c16rtomb                                0x08002263   Thumb Code    72  _c16rtomb.o(.text)
    _wcrtomb                                 0x08002263   Thumb Code     0  _c16rtomb.o(.text)
    __user_setup_stackheap                   0x080022ab   Thumb Code    74  sys_stackheap_outer.o(.text)
    __rt_ctype_table                         0x080022f5   Thumb Code    16  rt_ctype_table.o(.text)
    __rt_locale                              0x08002305   Thumb Code     8  rt_locale_intlibspace.o(.text)
    __aeabi_errno_addr                       0x0800230d   Thumb Code     8  rt_errno_addr_intlibspace.o(.text)
    __errno$intlibspace                      0x0800230d   Thumb Code     0  rt_errno_addr_intlibspace.o(.text)
    __rt_errno_addr$intlibspace              0x0800230d   Thumb Code     0  rt_errno_addr_intlibspace.o(.text)
    __aeabi_llsl                             0x08002315   Thumb Code     0  llshl.o(.text)
    _ll_shift_l                              0x08002315   Thumb Code    38  llshl.o(.text)
    _printf_fp_infnan                        0x0800233d   Thumb Code   112  _printf_fp_infnan.o(.text)
    _btod_etento                             0x080023bd   Thumb Code   224  bigflt0.o(.text)
    exit                                     0x080024a1   Thumb Code    18  exit.o(.text)
    __user_libspace                          0x080024b5   Thumb Code     8  libspace.o(.text)
    __user_perproc_libspace                  0x080024b5   Thumb Code     0  libspace.o(.text)
    __user_perthread_libspace                0x080024b5   Thumb Code     0  libspace.o(.text)
    __read_errno                             0x080024bd   Thumb Code    10  _rserrno.o(.text)
    __set_errno                              0x080024c7   Thumb Code    12  _rserrno.o(.text)
    _scanf_really_hex_real                   0x080024d5   Thumb Code   786  scanf_hexfp.o(.text)
    _scanf_really_infnan                     0x080027f5   Thumb Code   292  scanf_infnan.o(.text)
    strcmp                                   0x08002929   Thumb Code   124  strcmpv7em.o(.text)
    __I$use$semihosting                      0x080029a5   Thumb Code     0  use_no_semi.o(.text)
    __use_no_semihosting_swi                 0x080029a5   Thumb Code     2  use_no_semi.o(.text)
    __semihosting_library_function           0x080029a7   Thumb Code     0  indicate_semi.o(.text)
    _sys_exit                                0x080029a9   Thumb Code     8  sys_exit.o(.text)
    GPIO_Init                                0x080029b5   Thumb Code   114  gpio.o(.text.GPIO_Init)
    GPIO_ReadPin                             0x08002a29   Thumb Code    46  gpio.o(.text.GPIO_ReadPin)
    GPIO_WritePin                            0x08002a59   Thumb Code    54  gpio.o(.text.GPIO_WritePin)
    SysTick_Handler                          0x08002ae5   Thumb Code    16  sys_init.o(.text.SysTick_Handler)
    SystemInit                               0x08002af5   Thumb Code    18  system_stm32f4xx.o(.text.SystemInit)
    TIM2Config                               0x08002b09   Thumb Code    72  main.o(.text.TIM2Config)
    TIM5Config                               0x08002b51   Thumb Code    82  main.o(.text.TIM5Config)
    UART2_Config                             0x08002ba5   Thumb Code   162  usart.o(.text.UART2_Config)
    UART4_Config                             0x08002c49   Thumb Code   162  usart.o(.text.UART4_Config)
    UART4_IRQHandler                         0x08002ced   Thumb Code   174  main.o(.text.UART4_IRQHandler)
    UART5_Config                             0x08002d9d   Thumb Code   208  usart.o(.text.UART5_Config)
    UART5_IRQHandler                         0x08002e6d   Thumb Code   174  main.o(.text.UART5_IRQHandler)
    UART_GetChar                             0x08002f1d   Thumb Code    36  usart.o(.text.UART_GetChar)
    UART_GetString                           0x08002f41   Thumb Code    84  usart.o(.text.UART_GetString)
    UART_SendChar                            0x08002f95   Thumb Code    36  usart.o(.text.UART_SendChar)
    UART_SendString                          0x08002fb9   Thumb Code    40  usart.o(.text.UART_SendString)
    USART2_IRQHandler                        0x08002fe1   Thumb Code    56  main.o(.text.USART2_IRQHandler)
    delay                                    0x0800308d   Thumb Code   150  main.o(.text.delay)
    initClock                                0x08003125   Thumb Code   214  clock.o(.text.initClock)
    main                                     0x080031fd   Thumb Code   788  main.o(.text.main)
    monitor_time                             0x08003511   Thumb Code    98  main.o(.text.monitor_time)
    ms_delay                                 0x08003575   Thumb Code    48  sys_init.o(.text.ms_delay)
    processString                            0x080035a5   Thumb Code   498  main.o(.text.processString)
    sysInit                                  0x08003799   Thumb Code    16  sys_init.o(.text.sysInit)
    traffic_config                           0x080037a9   Thumb Code   236  main.o(.text.traffic_config)
    traffic_status                           0x08003895   Thumb Code   910  main.o(.text.traffic_status)
    transmit_data                            0x08003c25   Thumb Code   162  main.o(.text.transmit_data)
    _btod_d2e                                0x08003cc7   Thumb Code    62  btod.o(CL$$btod_d2e)
    _d2e_denorm_low                          0x08003d05   Thumb Code    70  btod.o(CL$$btod_d2e_denorm_low)
    _d2e_norm_op1                            0x08003d4b   Thumb Code    96  btod.o(CL$$btod_d2e_norm_op1)
    __btod_div_common                        0x08003dad   Thumb Code   696  btod.o(CL$$btod_div_common)
    _e2d                                     0x080040e5   Thumb Code   122  btod.o(CL$$btod_e2d)
    _e2e                                     0x08004169   Thumb Code   220  btod.o(CL$$btod_e2e)
    _btod_ediv                               0x08004245   Thumb Code    42  btod.o(CL$$btod_ediv)
    _btod_edivd                              0x0800426f   Thumb Code    42  btod.o(CL$$btod_edivd)
    _btod_emul                               0x08004299   Thumb Code    42  btod.o(CL$$btod_emul)
    _btod_emuld                              0x080042c3   Thumb Code    42  btod.o(CL$$btod_emuld)
    __btod_mult_common                       0x080042ed   Thumb Code   580  btod.o(CL$$btod_mult_common)
    __ARM_fpclassify                         0x08004531   Thumb Code    48  fpclassify.o(i.__ARM_fpclassify)
    __hardfp___mathlib_tofloat               0x08004561   Thumb Code   232  narrow.o(i.__hardfp___mathlib_tofloat)
    __hardfp_ldexp                           0x08004659   Thumb Code   200  ldexp.o(i.__hardfp_ldexp)
    __mathlib_dbl_overflow                   0x08004729   Thumb Code    24  dunder.o(i.__mathlib_dbl_overflow)
    __mathlib_dbl_underflow                  0x08004749   Thumb Code    24  dunder.o(i.__mathlib_dbl_underflow)
    __mathlib_narrow                         0x08004769   Thumb Code    18  narrow.o(i.__mathlib_narrow)
    __support_ldexp                          0x0800477b   Thumb Code    20  ldexp.o(i.__support_ldexp)
    _is_digit                                0x0800478f   Thumb Code    14  __printf_wp.o(i._is_digit)
    frexp                                    0x080047a1   Thumb Code   118  frexp.o(i.frexp)
    _get_lc_numeric                          0x0800482d   Thumb Code    44  lc_numeric_c.o(locale$$code)
    _get_lc_ctype                            0x08004859   Thumb Code    44  lc_ctype_c.o(locale$$code)
    __aeabi_d2f                              0x08004885   Thumb Code     0  d2f.o(x$fpl$d2f)
    _d2f                                     0x08004885   Thumb Code    98  d2f.o(x$fpl$d2f)
    __fpl_dcheck_NaN1                        0x080048e9   Thumb Code    10  dcheck1.o(x$fpl$dcheck1)
    __fpl_dcmp_Inf                           0x080048f9   Thumb Code    24  dcmpi.o(x$fpl$dcmpinf)
    __aeabi_cdcmpeq                          0x08004911   Thumb Code     0  deqf.o(x$fpl$deqf)
    _dcmpeq                                  0x08004911   Thumb Code   120  deqf.o(x$fpl$deqf)
    __aeabi_cdcmple                          0x08004989   Thumb Code     0  dleqf.o(x$fpl$dleqf)
    _dcmple                                  0x08004989   Thumb Code   120  dleqf.o(x$fpl$dleqf)
    __fpl_dcmple_InfNaN                      0x080049eb   Thumb Code     0  dleqf.o(x$fpl$dleqf)
    __aeabi_dmul                             0x08004a01   Thumb Code     0  dmul.o(x$fpl$dmul)
    _dmul                                    0x08004a01   Thumb Code   332  dmul.o(x$fpl$dmul)
    __fpl_dnaninf                            0x08004b55   Thumb Code   156  dnaninf.o(x$fpl$dnaninf)
    __fpl_dretinf                            0x08004bf1   Thumb Code    12  dretinf.o(x$fpl$dretinf)
    __aeabi_cdrcmple                         0x08004bfd   Thumb Code     0  drleqf.o(x$fpl$drleqf)
    _drcmple                                 0x08004bfd   Thumb Code   108  drleqf.o(x$fpl$drleqf)
    _fp_init                                 0x08004c69   Thumb Code    26  fpinit.o(x$fpl$fpinit)
    __fplib_config_fpu_vfp                   0x08004c81   Thumb Code     0  fpinit.o(x$fpl$fpinit)
    __fplib_config_pureend_doubles           0x08004c81   Thumb Code     0  fpinit.o(x$fpl$fpinit)
    __fpl_fretinf                            0x08004c83   Thumb Code    10  fretinf.o(x$fpl$fretinf)
    __ieee_status                            0x08004c8d   Thumb Code     6  istatus.o(x$fpl$ieeestatus)
    _printf_fp_dec                           0x08004c93   Thumb Code     4  printf1.o(x$fpl$printf1)
    _printf_fp_hex                           0x08004c97   Thumb Code     4  printf2.o(x$fpl$printf2)
    __fpl_return_NaN                         0x08004c9b   Thumb Code   100  retnan.o(x$fpl$retnan)
    __ARM_scalbn                             0x08004cff   Thumb Code    92  scalbn.o(x$fpl$scalbn)
    _scanf_real                              0x08004d5b   Thumb Code     4  scanf1.o(x$fpl$scanf1)
    _scanf_hex_real                          0x08004d5f   Thumb Code     4  scanf2.o(x$fpl$scanf2)
    _scanf_infnan                            0x08004d63   Thumb Code     4  scanf2.o(x$fpl$scanf2)
    __fpl_cmpreturn                          0x08004d67   Thumb Code    48  trapv.o(x$fpl$trapveneer)
    __I$use$fp                               0x08004d96   Number         0  usenofp.o(x$fpl$usenofp)
    Region$$Table$$Base                      0x08005000   Number         0  anon$$obj.o(Region$$Table)
    Region$$Table$$Limit                     0x08005010   Number         0  anon$$obj.o(Region$$Table)
    __aeabi_HUGE_VAL                         0x08005010   Data           0  fpconst.o(c$$dinf)
    __aeabi_HUGE_VALL                        0x08005010   Data           0  fpconst.o(c$$dinf)
    __aeabi_INFINITY                         0x08005010   Data           0  fpconst.o(c$$dinf)
    __dInf                                   0x08005010   Data           0  fpconst.o(c$$dinf)
    __huge_val                               0x08005010   Data           0  fpconst.o(c$$dinf)
    __dbl_max                                0x08005018   Data           0  fpconst.o(c$$dmax)
    __ctype                                  0x08005049   Data           0  lc_ctype_c.o(locale$$data)
    _random_number_data                      0x20000000   Data         228  rand.o(.bss)
    __libspace_start                         0x200000e4   Data          96  libspace.o(.bss)
    __temporary_stack_top$libspace           0x20000144   Data           0  libspace.o(.bss)



==============================================================================

Memory Map of the image

  Image Entry point : 0x0800032d

  Load Region LR_1 (Base: 0x08000000, Size: 0x0000514c, Max: 0xffffffff, ABSOLUTE)

    Execution Region ER_RO (Exec base: 0x08000000, Load base: 0x08000000, Size: 0x0000514c, Max: 0xffffffff, ABSOLUTE)

    Exec Addr    Load Addr    Size         Type   Attr      Idx    E Section Name        Object

    0x08000000   0x08000000   0x000001c4   Data   RO          124    RESET               startup_stm32f446xx.o
    0x080001c4   0x080001c4   0x00000008   Code   RO          162  * !!!main             c_w.l(__main.o)
    0x080001cc   0x080001cc   0x00000034   Code   RO          629    !!!scatter          c_w.l(__scatter.o)
    0x08000200   0x08000200   0x0000001c   Code   RO          631    !!handler_zi        c_w.l(__scatter_zi.o)
    0x0800021c   0x0800021c   0x00000000   Code   RO          246    .ARM.Collect$$_printf_percent$$00000000  c_w.l(_printf_percent.o)
    0x0800021c   0x0800021c   0x00000006   Code   RO          235    .ARM.Collect$$_printf_percent$$00000001  c_w.l(_printf_n.o)
    0x08000222   0x08000222   0x00000006   Code   RO          237    .ARM.Collect$$_printf_percent$$00000002  c_w.l(_printf_p.o)
    0x08000228   0x08000228   0x00000006   Code   RO          242    .ARM.Collect$$_printf_percent$$00000003  c_w.l(_printf_f.o)
    0x0800022e   0x0800022e   0x00000006   Code   RO          243    .ARM.Collect$$_printf_percent$$00000004  c_w.l(_printf_e.o)
    0x08000234   0x08000234   0x00000006   Code   RO          244    .ARM.Collect$$_printf_percent$$00000005  c_w.l(_printf_g.o)
    0x0800023a   0x0800023a   0x00000006   Code   RO          245    .ARM.Collect$$_printf_percent$$00000006  c_w.l(_printf_a.o)
    0x08000240   0x08000240   0x0000000a   Code   RO          250    .ARM.Collect$$_printf_percent$$00000007  c_w.l(_printf_ll.o)
    0x0800024a   0x0800024a   0x00000006   Code   RO          239    .ARM.Collect$$_printf_percent$$00000008  c_w.l(_printf_i.o)
    0x08000250   0x08000250   0x00000006   Code   RO          240    .ARM.Collect$$_printf_percent$$00000009  c_w.l(_printf_d.o)
    0x08000256   0x08000256   0x00000006   Code   RO          241    .ARM.Collect$$_printf_percent$$0000000A  c_w.l(_printf_u.o)
    0x0800025c   0x0800025c   0x00000006   Code   RO          238    .ARM.Collect$$_printf_percent$$0000000B  c_w.l(_printf_o.o)
    0x08000262   0x08000262   0x00000006   Code   RO          236    .ARM.Collect$$_printf_percent$$0000000C  c_w.l(_printf_x.o)
    0x08000268   0x08000268   0x00000006   Code   RO          247    .ARM.Collect$$_printf_percent$$0000000D  c_w.l(_printf_lli.o)
    0x0800026e   0x0800026e   0x00000006   Code   RO          248    .ARM.Collect$$_printf_percent$$0000000E  c_w.l(_printf_lld.o)
    0x08000274   0x08000274   0x00000006   Code   RO          249    .ARM.Collect$$_printf_percent$$0000000F  c_w.l(_printf_llu.o)
    0x0800027a   0x0800027a   0x00000006   Code   RO          254    .ARM.Collect$$_printf_percent$$00000010  c_w.l(_printf_llo.o)
    0x08000280   0x08000280   0x00000006   Code   RO          255    .ARM.Collect$$_printf_percent$$00000011  c_w.l(_printf_llx.o)
    0x08000286   0x08000286   0x0000000a   Code   RO          251    .ARM.Collect$$_printf_percent$$00000012  c_w.l(_printf_l.o)
    0x08000290   0x08000290   0x00000006   Code   RO          233    .ARM.Collect$$_printf_percent$$00000013  c_w.l(_printf_c.o)
    0x08000296   0x08000296   0x00000006   Code   RO          234    .ARM.Collect$$_printf_percent$$00000014  c_w.l(_printf_s.o)
    0x0800029c   0x0800029c   0x00000006   Code   RO          252    .ARM.Collect$$_printf_percent$$00000015  c_w.l(_printf_lc.o)
    0x080002a2   0x080002a2   0x00000006   Code   RO          253    .ARM.Collect$$_printf_percent$$00000016  c_w.l(_printf_ls.o)
    0x080002a8   0x080002a8   0x00000004   Code   RO          363    .ARM.Collect$$_printf_percent$$00000017  c_w.l(_printf_percent_end.o)
    0x080002ac   0x080002ac   0x00000002   Code   RO          444    .ARM.Collect$$libinit$$00000000  c_w.l(libinit.o)
    0x080002ae   0x080002ae   0x00000004   Code   RO          272    .ARM.Collect$$libinit$$00000001  c_w.l(libinit2.o)
    0x080002b2   0x080002b2   0x00000000   Code   RO          275    .ARM.Collect$$libinit$$00000004  c_w.l(libinit2.o)
    0x080002b2   0x080002b2   0x00000000   Code   RO          277    .ARM.Collect$$libinit$$00000006  c_w.l(libinit2.o)
    0x080002b2   0x080002b2   0x00000000   Code   RO          280    .ARM.Collect$$libinit$$0000000C  c_w.l(libinit2.o)
    0x080002b2   0x080002b2   0x00000000   Code   RO          282    .ARM.Collect$$libinit$$0000000E  c_w.l(libinit2.o)
    0x080002b2   0x080002b2   0x00000004   Code   RO          283    .ARM.Collect$$libinit$$0000000F  c_w.l(libinit2.o)
    0x080002b6   0x080002b6   0x00000000   Code   RO          284    .ARM.Collect$$libinit$$00000010  c_w.l(libinit2.o)
    0x080002b6   0x080002b6   0x00000006   Code   RO          285    .ARM.Collect$$libinit$$00000011  c_w.l(libinit2.o)
    0x080002bc   0x080002bc   0x00000000   Code   RO          287    .ARM.Collect$$libinit$$00000013  c_w.l(libinit2.o)
    0x080002bc   0x080002bc   0x0000000c   Code   RO          288    .ARM.Collect$$libinit$$00000014  c_w.l(libinit2.o)
    0x080002c8   0x080002c8   0x00000000   Code   RO          289    .ARM.Collect$$libinit$$00000015  c_w.l(libinit2.o)
    0x080002c8   0x080002c8   0x00000000   Code   RO          291    .ARM.Collect$$libinit$$00000017  c_w.l(libinit2.o)
    0x080002c8   0x080002c8   0x0000000a   Code   RO          292    .ARM.Collect$$libinit$$00000018  c_w.l(libinit2.o)
    0x080002d2   0x080002d2   0x00000000   Code   RO          293    .ARM.Collect$$libinit$$00000019  c_w.l(libinit2.o)
    0x080002d2   0x080002d2   0x00000000   Code   RO          295    .ARM.Collect$$libinit$$0000001B  c_w.l(libinit2.o)
    0x080002d2   0x080002d2   0x00000000   Code   RO          297    .ARM.Collect$$libinit$$0000001D  c_w.l(libinit2.o)
    0x080002d2   0x080002d2   0x00000000   Code   RO          299    .ARM.Collect$$libinit$$0000001F  c_w.l(libinit2.o)
    0x080002d2   0x080002d2   0x00000000   Code   RO          301    .ARM.Collect$$libinit$$00000021  c_w.l(libinit2.o)
    0x080002d2   0x080002d2   0x00000000   Code   RO          303    .ARM.Collect$$libinit$$00000023  c_w.l(libinit2.o)
    0x080002d2   0x080002d2   0x00000000   Code   RO          305    .ARM.Collect$$libinit$$00000025  c_w.l(libinit2.o)
    0x080002d2   0x080002d2   0x00000000   Code   RO          307    .ARM.Collect$$libinit$$00000027  c_w.l(libinit2.o)
    0x080002d2   0x080002d2   0x00000000   Code   RO          311    .ARM.Collect$$libinit$$0000002E  c_w.l(libinit2.o)
    0x080002d2   0x080002d2   0x00000000   Code   RO          313    .ARM.Collect$$libinit$$00000030  c_w.l(libinit2.o)
    0x080002d2   0x080002d2   0x00000000   Code   RO          315    .ARM.Collect$$libinit$$00000032  c_w.l(libinit2.o)
    0x080002d2   0x080002d2   0x00000000   Code   RO          317    .ARM.Collect$$libinit$$00000034  c_w.l(libinit2.o)
    0x080002d2   0x080002d2   0x00000002   Code   RO          318    .ARM.Collect$$libinit$$00000035  c_w.l(libinit2.o)
    0x080002d4   0x080002d4   0x00000002   Code   RO          554    .ARM.Collect$$libshutdown$$00000000  c_w.l(libshutdown.o)
    0x080002d6   0x080002d6   0x00000000   Code   RO          580    .ARM.Collect$$libshutdown$$00000002  c_w.l(libshutdown2.o)
    0x080002d6   0x080002d6   0x00000000   Code   RO          582    .ARM.Collect$$libshutdown$$00000004  c_w.l(libshutdown2.o)
    0x080002d6   0x080002d6   0x00000000   Code   RO          585    .ARM.Collect$$libshutdown$$00000007  c_w.l(libshutdown2.o)
    0x080002d6   0x080002d6   0x00000000   Code   RO          588    .ARM.Collect$$libshutdown$$0000000A  c_w.l(libshutdown2.o)
    0x080002d6   0x080002d6   0x00000000   Code   RO          590    .ARM.Collect$$libshutdown$$0000000C  c_w.l(libshutdown2.o)
    0x080002d6   0x080002d6   0x00000000   Code   RO          593    .ARM.Collect$$libshutdown$$0000000F  c_w.l(libshutdown2.o)
    0x080002d6   0x080002d6   0x00000002   Code   RO          594    .ARM.Collect$$libshutdown$$00000010  c_w.l(libshutdown2.o)
    0x080002d8   0x080002d8   0x00000000   Code   RO          164    .ARM.Collect$$rtentry$$00000000  c_w.l(__rtentry.o)
    0x080002d8   0x080002d8   0x00000000   Code   RO          330    .ARM.Collect$$rtentry$$00000002  c_w.l(__rtentry2.o)
    0x080002d8   0x080002d8   0x00000006   Code   RO          342    .ARM.Collect$$rtentry$$00000004  c_w.l(__rtentry4.o)
    0x080002de   0x080002de   0x00000000   Code   RO          332    .ARM.Collect$$rtentry$$00000009  c_w.l(__rtentry2.o)
    0x080002de   0x080002de   0x00000004   Code   RO          333    .ARM.Collect$$rtentry$$0000000A  c_w.l(__rtentry2.o)
    0x080002e2   0x080002e2   0x00000000   Code   RO          335    .ARM.Collect$$rtentry$$0000000C  c_w.l(__rtentry2.o)
    0x080002e2   0x080002e2   0x00000008   Code   RO          336    .ARM.Collect$$rtentry$$0000000D  c_w.l(__rtentry2.o)
    0x080002ea   0x080002ea   0x00000002   Code   RO          475    .ARM.Collect$$rtexit$$00000000  c_w.l(rtexit.o)
    0x080002ec   0x080002ec   0x00000000   Code   RO          512    .ARM.Collect$$rtexit$$00000002  c_w.l(rtexit2.o)
    0x080002ec   0x080002ec   0x00000004   Code   RO          513    .ARM.Collect$$rtexit$$00000003  c_w.l(rtexit2.o)
    0x080002f0   0x080002f0   0x00000006   Code   RO          514    .ARM.Collect$$rtexit$$00000004  c_w.l(rtexit2.o)
    0x080002f6   0x080002f6   0x00000002   PAD
    0x080002f8   0x080002f8   0x00000034   Code   RO          151    .emb_text           c_w.l(rand.o)
    0x0800032c   0x0800032c   0x00000040   Code   RO          125  * .text               startup_stm32f446xx.o
    0x0800036c   0x0800036c   0x0000002c   Code   RO          147    .text               c_w.l(sprintf.o)
    0x08000398   0x08000398   0x0000003c   Code   RO          149    .text               c_w.l(sscanf.o)
    0x080003d4   0x080003d4   0x0000003c   Code   RO          152    .text               c_w.l(rand.o)
    0x08000410   0x08000410   0x00000048   Code   RO          156    .text               c_w.l(strcpy.o)
    0x08000458   0x08000458   0x0000003e   Code   RO          158    .text               c_w.l(strlen.o)
    0x08000496   0x08000496   0x00000006   Code   RO          160    .text               c_w.l(heapauxi.o)
    0x0800049c   0x0800049c   0x0000004e   Code   RO          167    .text               c_w.l(_printf_pad.o)
    0x080004ea   0x080004ea   0x00000024   Code   RO          169    .text               c_w.l(_printf_truncate.o)
    0x0800050e   0x0800050e   0x00000052   Code   RO          171    .text               c_w.l(_printf_str.o)
    0x08000560   0x08000560   0x00000078   Code   RO          173    .text               c_w.l(_printf_dec.o)
    0x080005d8   0x080005d8   0x00000028   Code   RO          175    .text               c_w.l(_printf_charcount.o)
    0x08000600   0x08000600   0x00000030   Code   RO          177    .text               c_w.l(_printf_char_common.o)
    0x08000630   0x08000630   0x0000000a   Code   RO          179    .text               c_w.l(_sputc.o)
    0x0800063a   0x0800063a   0x00000002   PAD
    0x0800063c   0x0800063c   0x000000bc   Code   RO          181    .text               c_w.l(_printf_wctomb.o)
    0x080006f8   0x080006f8   0x0000007c   Code   RO          184    .text               c_w.l(_printf_longlong_dec.o)
    0x08000774   0x08000774   0x00000070   Code   RO          190    .text               c_w.l(_printf_oct_int_ll.o)
    0x080007e4   0x080007e4   0x00000094   Code   RO          210    .text               c_w.l(_printf_hex_int_ll_ptr.o)
    0x08000878   0x08000878   0x00000188   Code   RO          230    .text               c_w.l(__printf_flags_ss_wp.o)
    0x08000a00   0x08000a00   0x00000156   Code   RO          256    .text               c_w.l(_scanf_longlong.o)
    0x08000b56   0x08000b56   0x0000014c   Code   RO          258    .text               c_w.l(_scanf_int.o)
    0x08000ca2   0x08000ca2   0x000000e0   Code   RO          260    .text               c_w.l(_scanf_str.o)
    0x08000d82   0x08000d82   0x00000002   PAD
    0x08000d84   0x08000d84   0x0000002c   Code   RO          262    .text               c_w.l(scanf_char.o)
    0x08000db0   0x08000db0   0x00000040   Code   RO          264    .text               c_w.l(_sgetc.o)
    0x08000df0   0x08000df0   0x00000114   Code   RO          266    .text               c_w.l(_scanf_mbtowc.o)
    0x08000f04   0x08000f04   0x000000e8   Code   RO          268    .text               c_w.l(_scanf_wctomb.o)
    0x08000fec   0x08000fec   0x000000d0   Code   RO          270    .text               c_w.l(_scanf_wstr.o)
    0x080010bc   0x080010bc   0x0000008a   Code   RO          344    .text               c_w.l(lludiv10.o)
    0x08001146   0x08001146   0x00000012   Code   RO          346    .text               c_w.l(isspace.o)
    0x08001158   0x08001158   0x000000b2   Code   RO          348    .text               c_w.l(_printf_intcommon.o)
    0x0800120a   0x0800120a   0x0000041c   Code   RO          350    .text               c_w.l(_printf_fp_dec.o)
    0x08001626   0x08001626   0x00000002   PAD
    0x08001628   0x08001628   0x000002fc   Code   RO          354    .text               c_w.l(_printf_fp_hex.o)
    0x08001924   0x08001924   0x0000002c   Code   RO          359    .text               c_w.l(_printf_char.o)
    0x08001950   0x08001950   0x0000002c   Code   RO          361    .text               c_w.l(_printf_wchar.o)
    0x0800197c   0x0800197c   0x0000001c   Code   RO          364    .text               c_w.l(_chval.o)
    0x08001998   0x08001998   0x00000374   Code   RO          366    .text               c_w.l(_scanf.o)
    0x08001d0c   0x08001d0c   0x000004f8   Code   RO          368    .text               c_w.l(scanf_fp.o)
    0x08002204   0x08002204   0x0000001e   Code   RO          372    .text               c_w.l(_scanf_wcharmap.o)
    0x08002222   0x08002222   0x00000040   Code   RO          374    .text               c_w.l(_mbrtoc16.o)
    0x08002262   0x08002262   0x00000048   Code   RO          376    .text               c_w.l(_c16rtomb.o)
    0x080022aa   0x080022aa   0x0000004a   Code   RO          382    .text               c_w.l(sys_stackheap_outer.o)
    0x080022f4   0x080022f4   0x00000010   Code   RO          384    .text               c_w.l(rt_ctype_table.o)
    0x08002304   0x08002304   0x00000008   Code   RO          389    .text               c_w.l(rt_locale_intlibspace.o)
    0x0800230c   0x0800230c   0x00000008   Code   RO          394    .text               c_w.l(rt_errno_addr_intlibspace.o)
    0x08002314   0x08002314   0x00000026   Code   RO          396    .text               c_w.l(llshl.o)
    0x0800233a   0x0800233a   0x00000002   PAD
    0x0800233c   0x0800233c   0x00000080   Code   RO          398    .text               c_w.l(_printf_fp_infnan.o)
    0x080023bc   0x080023bc   0x000000e4   Code   RO          400    .text               c_w.l(bigflt0.o)
    0x080024a0   0x080024a0   0x00000012   Code   RO          433    .text               c_w.l(exit.o)
    0x080024b2   0x080024b2   0x00000002   PAD
    0x080024b4   0x080024b4   0x00000008   Code   RO          472    .text               c_w.l(libspace.o)
    0x080024bc   0x080024bc   0x00000016   Code   RO          479    .text               c_w.l(_rserrno.o)
    0x080024d2   0x080024d2   0x00000002   PAD
    0x080024d4   0x080024d4   0x00000320   Code   RO          481    .text               c_w.l(scanf_hexfp.o)
    0x080027f4   0x080027f4   0x00000134   Code   RO          483    .text               c_w.l(scanf_infnan.o)
    0x08002928   0x08002928   0x0000007c   Code   RO          494    .text               c_w.l(strcmpv7em.o)
    0x080029a4   0x080029a4   0x00000002   Code   RO          508    .text               c_w.l(use_no_semi.o)
    0x080029a6   0x080029a6   0x00000000   Code   RO          510    .text               c_w.l(indicate_semi.o)
    0x080029a6   0x080029a6   0x00000002   PAD
    0x080029a8   0x080029a8   0x0000000c   Code   RO          544    .text               c_w.l(sys_exit.o)
    0x080029b4   0x080029b4   0x00000072   Code   RO           67    .text.GPIO_Init     gpio.o
    0x08002a26   0x08002a26   0x00000002   PAD
    0x08002a28   0x08002a28   0x0000002e   Code   RO           65    .text.GPIO_ReadPin  gpio.o
    0x08002a56   0x08002a56   0x00000002   PAD
    0x08002a58   0x08002a58   0x00000036   Code   RO           63    .text.GPIO_WritePin  gpio.o
    0x08002a8e   0x08002a8e   0x00000002   PAD
    0x08002a90   0x08002a90   0x00000052   Code   RO           80    .text.SysTick_Config  sys_init.o
    0x08002ae2   0x08002ae2   0x00000002   PAD
    0x08002ae4   0x08002ae4   0x00000010   Code   RO           76    .text.SysTick_Handler  sys_init.o
    0x08002af4   0x08002af4   0x00000012   Code   RO          132    .text.SystemInit    system_stm32f4xx.o
    0x08002b06   0x08002b06   0x00000002   PAD
    0x08002b08   0x08002b08   0x00000048   Code   RO           20    .text.TIM2Config    main.o
    0x08002b50   0x08002b50   0x00000052   Code   RO           18    .text.TIM5Config    main.o
    0x08002ba2   0x08002ba2   0x00000002   PAD
    0x08002ba4   0x08002ba4   0x000000a2   Code   RO          110    .text.UART2_Config  usart.o
    0x08002c46   0x08002c46   0x00000002   PAD
    0x08002c48   0x08002c48   0x000000a2   Code   RO          112    .text.UART4_Config  usart.o
    0x08002cea   0x08002cea   0x00000002   PAD
    0x08002cec   0x08002cec   0x000000ae   Code   RO           14    .text.UART4_IRQHandler  main.o
    0x08002d9a   0x08002d9a   0x00000002   PAD
    0x08002d9c   0x08002d9c   0x000000d0   Code   RO          114    .text.UART5_Config  usart.o
    0x08002e6c   0x08002e6c   0x000000ae   Code   RO           16    .text.UART5_IRQHandler  main.o
    0x08002f1a   0x08002f1a   0x00000002   PAD
    0x08002f1c   0x08002f1c   0x00000024   Code   RO          102    .text.UART_GetChar  usart.o
    0x08002f40   0x08002f40   0x00000054   Code   RO          108    .text.UART_GetString  usart.o
    0x08002f94   0x08002f94   0x00000024   Code   RO           98    .text.UART_SendChar  usart.o
    0x08002fb8   0x08002fb8   0x00000028   Code   RO          106    .text.UART_SendString  usart.o
    0x08002fe0   0x08002fe0   0x00000038   Code   RO           12    .text.USART2_IRQHandler  main.o
    0x08003018   0x08003018   0x00000030   Code   RO           26    .text.__NVIC_EnableIRQ  main.o
    0x08003048   0x08003048   0x00000042   Code   RO           86    .text.__NVIC_SetPriority  sys_init.o
    0x0800308a   0x0800308a   0x00000002   PAD
    0x0800308c   0x0800308c   0x00000096   Code   RO           22    .text.delay         main.o
    0x08003122   0x08003122   0x00000002   PAD
    0x08003124   0x08003124   0x000000d6   Code   RO           55    .text.initClock     clock.o
    0x080031fa   0x080031fa   0x00000002   PAD
    0x080031fc   0x080031fc   0x00000314   Code   RO           24    .text.main          main.o
    0x08003510   0x08003510   0x00000062   Code   RO            6    .text.monitor_time  main.o
    0x08003572   0x08003572   0x00000002   PAD
    0x08003574   0x08003574   0x00000030   Code   RO           84    .text.ms_delay      sys_init.o
    0x080035a4   0x080035a4   0x000001f2   Code   RO            8    .text.processString  main.o
    0x08003796   0x08003796   0x00000002   PAD
    0x08003798   0x08003798   0x00000010   Code   RO           78    .text.sysInit       sys_init.o
    0x080037a8   0x080037a8   0x000000ec   Code   RO            2    .text.traffic_config  main.o
    0x08003894   0x08003894   0x0000038e   Code   RO           10    .text.traffic_status  main.o
    0x08003c22   0x08003c22   0x00000002   PAD
    0x08003c24   0x08003c24   0x000000a2   Code   RO            4    .text.transmit_data  main.o
    0x08003cc6   0x08003cc6   0x0000003e   Code   RO          403    CL$$btod_d2e        c_w.l(btod.o)
    0x08003d04   0x08003d04   0x00000046   Code   RO          405    CL$$btod_d2e_denorm_low  c_w.l(btod.o)
    0x08003d4a   0x08003d4a   0x00000060   Code   RO          404    CL$$btod_d2e_norm_op1  c_w.l(btod.o)
    0x08003daa   0x08003daa   0x00000002   PAD
    0x08003dac   0x08003dac   0x00000338   Code   RO          413    CL$$btod_div_common  c_w.l(btod.o)
    0x080040e4   0x080040e4   0x00000084   Code   RO          411    CL$$btod_e2d        c_w.l(btod.o)
    0x08004168   0x08004168   0x000000dc   Code   RO          410    CL$$btod_e2e        c_w.l(btod.o)
    0x08004244   0x08004244   0x0000002a   Code   RO          407    CL$$btod_ediv       c_w.l(btod.o)
    0x0800426e   0x0800426e   0x0000002a   Code   RO          409    CL$$btod_edivd      c_w.l(btod.o)
    0x08004298   0x08004298   0x0000002a   Code   RO          406    CL$$btod_emul       c_w.l(btod.o)
    0x080042c2   0x080042c2   0x0000002a   Code   RO          408    CL$$btod_emuld      c_w.l(btod.o)
    0x080042ec   0x080042ec   0x00000244   Code   RO          412    CL$$btod_mult_common  c_w.l(btod.o)
    0x08004530   0x08004530   0x00000030   Code   RO          458    i.__ARM_fpclassify  m_wm.l(fpclassify.o)
    0x08004560   0x08004560   0x000000f8   Code   RO          460    i.__hardfp___mathlib_tofloat  m_wm.l(narrow.o)
    0x08004658   0x08004658   0x000000d0   Code   RO          536    i.__hardfp_ldexp    m_wm.l(ldexp.o)
    0x08004728   0x08004728   0x00000020   Code   RO          563    i.__mathlib_dbl_overflow  m_wm.l(dunder.o)
    0x08004748   0x08004748   0x00000020   Code   RO          565    i.__mathlib_dbl_underflow  m_wm.l(dunder.o)
    0x08004768   0x08004768   0x00000012   Code   RO          461    i.__mathlib_narrow  m_wm.l(narrow.o)
    0x0800477a   0x0800477a   0x00000014   Code   RO          538    i.__support_ldexp   m_wm.l(ldexp.o)
    0x0800478e   0x0800478e   0x0000000e   Code   RO          223    i._is_digit         c_w.l(__printf_wp.o)
    0x0800479c   0x0800479c   0x00000004   PAD
    0x080047a0   0x080047a0   0x0000008c   Code   RO          504    i.frexp             m_wm.l(frexp.o)
    0x0800482c   0x0800482c   0x0000002c   Code   RO          431    locale$$code        c_w.l(lc_numeric_c.o)
    0x08004858   0x08004858   0x0000002c   Code   RO          488    locale$$code        c_w.l(lc_ctype_c.o)
    0x08004884   0x08004884   0x00000062   Code   RO          496    x$fpl$d2f           fz_wm.l(d2f.o)
    0x080048e6   0x080048e6   0x00000002   PAD
    0x080048e8   0x080048e8   0x00000010   Code   RO          601    x$fpl$dcheck1       fz_wm.l(dcheck1.o)
    0x080048f8   0x080048f8   0x00000018   Code   RO          526    x$fpl$dcmpinf       fz_wm.l(dcmpi.o)
    0x08004910   0x08004910   0x00000078   Code   RO          498    x$fpl$deqf          fz_wm.l(deqf.o)
    0x08004988   0x08004988   0x00000078   Code   RO          528    x$fpl$dleqf         fz_wm.l(dleqf.o)
    0x08004a00   0x08004a00   0x00000154   Code   RO          530    x$fpl$dmul          fz_wm.l(dmul.o)
    0x08004b54   0x08004b54   0x0000009c   Code   RO          532    x$fpl$dnaninf       fz_wm.l(dnaninf.o)
    0x08004bf0   0x08004bf0   0x0000000c   Code   RO          555    x$fpl$dretinf       fz_wm.l(dretinf.o)
    0x08004bfc   0x08004bfc   0x0000006c   Code   RO          500    x$fpl$drleqf        fz_wm.l(drleqf.o)
    0x08004c68   0x08004c68   0x0000001a   Code   RO          380    x$fpl$fpinit        fz_wm.l(fpinit.o)
    0x08004c82   0x08004c82   0x0000000a   Code   RO          534    x$fpl$fretinf       fz_wm.l(fretinf.o)
    0x08004c8c   0x08004c8c   0x00000006   Code   RO          449    x$fpl$ieeestatus    fz_wm.l(istatus.o)
    0x08004c92   0x08004c92   0x00000004   Code   RO          319    x$fpl$printf1       fz_wm.l(printf1.o)
    0x08004c96   0x08004c96   0x00000004   Code   RO          321    x$fpl$printf2       fz_wm.l(printf2.o)
    0x08004c9a   0x08004c9a   0x00000064   Code   RO          623    x$fpl$retnan        fz_wm.l(retnan.o)
    0x08004cfe   0x08004cfe   0x0000005c   Code   RO          557    x$fpl$scalbn        fz_wm.l(scalbn.o)
    0x08004d5a   0x08004d5a   0x00000004   Code   RO          327    x$fpl$scanf1        fz_wm.l(scanf1.o)
    0x08004d5e   0x08004d5e   0x00000008   Code   RO          451    x$fpl$scanf2        fz_wm.l(scanf2.o)
    0x08004d66   0x08004d66   0x00000030   Code   RO          625    x$fpl$trapveneer    fz_wm.l(trapv.o)
    0x08004d96   0x08004d96   0x00000000   Code   RO          457    x$fpl$usenofp       fz_wm.l(usenofp.o)
    0x08004d96   0x08004d96   0x00000002   PAD
    0x08004d98   0x08004d98   0x00000008   Data   RO          182    .constdata          c_w.l(_printf_wctomb.o)
    0x08004da0   0x08004da0   0x00000028   Data   RO          211    .constdata          c_w.l(_printf_hex_int_ll_ptr.o)
    0x08004dc8   0x08004dc8   0x00000011   Data   RO          231    .constdata          c_w.l(__printf_flags_ss_wp.o)
    0x08004dd9   0x08004dd9   0x00000026   Data   RO          355    .constdata          c_w.l(_printf_fp_hex.o)
    0x08004dff   0x08004dff   0x00000001   PAD
    0x08004e00   0x08004e00   0x00000094   Data   RO          401    .constdata          c_w.l(bigflt0.o)
    0x08004e94   0x08004e94   0x00000169   Data   RO           29    .rodata.str1.1      main.o
    0x08004ffd   0x08004ffd   0x00000003   PAD
    0x08005000   0x08005000   0x00000010   Data   RO          628    Region$$Table       anon$$obj.o
    0x08005010   0x08005010   0x00000008   Data   RO          445    c$$dinf             fz_wm.l(fpconst.o)
    0x08005018   0x08005018   0x00000008   Data   RO          448    c$$dmax             fz_wm.l(fpconst.o)
    0x08005020   0x08005020   0x0000001c   Data   RO          430    locale$$data        c_w.l(lc_numeric_c.o)
    0x0800503c   0x0800503c   0x00000110   Data   RO          487    locale$$data        c_w.l(lc_ctype_c.o)


    Execution Region ER_RW (Exec base: 0x20000000, Load base: 0x0800514c, Size: 0x00000000, Max: 0xffffffff, ABSOLUTE)

    **** No section assigned to this execution region ****


    Execution Region ER_ZI (Exec base: 0x20000000, Load base: 0x0800514c, Size: 0x00000850, Max: 0xffffffff, ABSOLUTE)

    Exec Addr    Load Addr    Size         Type   Attr      Idx    E Section Name        Object

    0x20000000        -       0x000000e4   Zero   RW          153    .bss                c_w.l(rand.o)
    0x200000e4        -       0x00000060   Zero   RW          473    .bss                c_w.l(libspace.o)
    0x20000144        -       0x00000004   Zero   RW           41    .bss.delay1         main.o
    0x20000148        -       0x00000004   Zero   RW           42    .bss.delay2         main.o
    0x2000014c        -       0x00000004   Zero   RW           43    .bss.delay3         main.o
    0x20000150        -       0x00000004   Zero   RW           44    .bss.extra          main.o
    0x20000154        -       0x00000004   Zero   RW           37    .bss.extra1         main.o
    0x20000158        -       0x00000004   Zero   RW           33    .bss.extra2         main.o
    0x2000015c        -       0x00000004   Zero   RW           30    .bss.g1_delay       main.o
    0x20000160        -       0x00000004   Zero   RW           34    .bss.g2_delay       main.o
    0x20000164        -       0x00000064   Zero   RW           28    .bss.input          main.o
    0x200001c8        -       0x00000004   Zero   RW           39    .bss.interval       main.o
    0x200001cc        -       0x00000004   Zero   RW           46    .bss.k              main.o
    0x200001d0        -       0x00000004   Zero   RW           40    .bss.light          main.o
    0x200001d4        -       0x00000004   Zero   RW           88    .bss.msTicks        sys_init.o
    0x200001d8        -       0x00000064   Zero   RW           38    .bss.output         main.o
    0x2000023c        -       0x00000004   Zero   RW           32    .bss.r1_delay       main.o
    0x20000240        -       0x00000004   Zero   RW           36    .bss.r2_delay       main.o
    0x20000244        -       0x00000004   Zero   RW           45    .bss.time_count     main.o
    0x20000248        -       0x00000004   Zero   RW           31    .bss.y1_delay       main.o
    0x2000024c        -       0x00000004   Zero   RW           35    .bss.y2_delay       main.o
    0x20000250        -       0x00000200   Zero   RW          123    HEAP                startup_stm32f446xx.o
    0x20000450        -       0x00000400   Zero   RW          122    STACK               startup_stm32f446xx.o


==============================================================================

Image component sizes


      Code (inc. data)   RO Data    RW Data    ZI Data      Debug   Object Name

       214          0          0          0          0       1757   clock.o
       214          0          0          0          0       1893   gpio.o
      3448          0        361          0        264       8618   main.o
        64         26        452          0       1536        876   startup_stm32f446xx.o
       228          0          0          0          4       4640   sys_init.o
        18          0          0          0          0       2720   system_stm32f4xx.o
       728          0          0          0          0       3625   usart.o

    ----------------------------------------------------------------------
      4946         26        832          0       1804      24129   Object Totals
         0          0         16          0          0          0   (incl. Generated)
        32          0          3          0          0          0   (incl. Padding)

    ----------------------------------------------------------------------

      Code (inc. data)   RO Data    RW Data    ZI Data      Debug   Library Member Name

         8          0          0          0          0         68   __main.o
       392          4         17          0          0         92   __printf_flags_ss_wp.o
        14          0          0          0          0         68   __printf_wp.o
         0          0          0          0          0          0   __rtentry.o
        12          0          0          0          0          0   __rtentry2.o
         6          0          0          0          0          0   __rtentry4.o
        52          8          0          0          0          0   __scatter.o
        28          0          0          0          0          0   __scatter_zi.o
        72          0          0          0          0         96   _c16rtomb.o
        28          0          0          0          0         68   _chval.o
        64          0          0          0          0         84   _mbrtoc16.o
         6          0          0          0          0          0   _printf_a.o
         6          0          0          0          0          0   _printf_c.o
        44          0          0          0          0        108   _printf_char.o
        48          6          0          0          0         96   _printf_char_common.o
        40          0          0          0          0         68   _printf_charcount.o
         6          0          0          0          0          0   _printf_d.o
       120         16          0          0          0         92   _printf_dec.o
         6          0          0          0          0          0   _printf_e.o
         6          0          0          0          0          0   _printf_f.o
      1052          0          0          0          0        148   _printf_fp_dec.o
       764          8         38          0          0        100   _printf_fp_hex.o
       128         16          0          0          0         84   _printf_fp_infnan.o
         6          0          0          0          0          0   _printf_g.o
       148          4         40          0          0        160   _printf_hex_int_ll_ptr.o
         6          0          0          0          0          0   _printf_i.o
       178          0          0          0          0         88   _printf_intcommon.o
        10          0          0          0          0          0   _printf_l.o
         6          0          0          0          0          0   _printf_lc.o
        10          0          0          0          0          0   _printf_ll.o
         6          0          0          0          0          0   _printf_lld.o
         6          0          0          0          0          0   _printf_lli.o
         6          0          0          0          0          0   _printf_llo.o
         6          0          0          0          0          0   _printf_llu.o
         6          0          0          0          0          0   _printf_llx.o
       124         16          0          0          0         92   _printf_longlong_dec.o
         6          0          0          0          0          0   _printf_ls.o
         6          0          0          0          0          0   _printf_n.o
         6          0          0          0          0          0   _printf_o.o
       112          8          0          0          0        124   _printf_oct_int_ll.o
         6          0          0          0          0          0   _printf_p.o
        78          0          0          0          0        108   _printf_pad.o
         0          0          0          0          0          0   _printf_percent.o
         4          0          0          0          0          0   _printf_percent_end.o
         6          0          0          0          0          0   _printf_s.o
        82          0          0          0          0         80   _printf_str.o
        36          0          0          0          0         84   _printf_truncate.o
         6          0          0          0          0          0   _printf_u.o
        44          0          0          0          0        108   _printf_wchar.o
       188          6          8          0          0         92   _printf_wctomb.o
         6          0          0          0          0          0   _printf_x.o
        22          0          0          0          0        100   _rserrno.o
       884          6          0          0          0        100   _scanf.o
       332          0          0          0          0         96   _scanf_int.o
       342          0          0          0          0        100   _scanf_longlong.o
       276          0          0          0          0        100   _scanf_mbtowc.o
       224          0          0          0          0         96   _scanf_str.o
        30          0          0          0          0         76   _scanf_wcharmap.o
       232          0          0          0          0        100   _scanf_wctomb.o
       208          0          0          0          0         96   _scanf_wstr.o
        64          0          0          0          0         84   _sgetc.o
        10          0          0          0          0         68   _sputc.o
       228          4        148          0          0         96   bigflt0.o
      2152        136          0          0          0        956   btod.o
        18          0          0          0          0         80   exit.o
         6          0          0          0          0        152   heapauxi.o
         0          0          0          0          0          0   indicate_semi.o
        18          0          0          0          0         76   isspace.o
        44         10        272          0          0         76   lc_ctype_c.o
        44         10         28          0          0         76   lc_numeric_c.o
         2          0          0          0          0          0   libinit.o
        38          0          0          0          0          0   libinit2.o
         2          0          0          0          0          0   libshutdown.o
         2          0          0          0          0          0   libshutdown2.o
         8          4          0          0         96         68   libspace.o
        38          0          0          0          0         68   llshl.o
       138          0          0          0          0         80   lludiv10.o
       112         18          0          0        228        160   rand.o
        16          4          0          0          0         76   rt_ctype_table.o
         8          4          0          0          0         68   rt_errno_addr_intlibspace.o
         8          4          0          0          0         68   rt_locale_intlibspace.o
         2          0          0          0          0          0   rtexit.o
        10          0          0          0          0          0   rtexit2.o
        44          8          0          0          0         84   scanf_char.o
      1272         16          0          0          0        168   scanf_fp.o
       800         14          0          0          0        100   scanf_hexfp.o
       308         16          0          0          0        100   scanf_infnan.o
        44          6          0          0          0         84   sprintf.o
        60          8          0          0          0         84   sscanf.o
       124          0          0          0          0         88   strcmpv7em.o
        72          0          0          0          0         80   strcpy.o
        62          0          0          0          0         76   strlen.o
        12          4          0          0          0         68   sys_exit.o
        74          0          0          0          0         80   sys_stackheap_outer.o
         2          0          0          0          0         68   use_no_semi.o
        98          4          0          0          0        140   d2f.o
        16          4          0          0          0        116   dcheck1.o
        24          0          0          0          0        116   dcmpi.o
       120          4          0          0          0        140   deqf.o
       120          4          0          0          0        140   dleqf.o
       340         12          0          0          0        152   dmul.o
       156          4          0          0          0        140   dnaninf.o
        12          0          0          0          0        116   dretinf.o
       108          0          0          0          0        128   drleqf.o
         0          0         16          0          0          0   fpconst.o
        26          0          0          0          0        116   fpinit.o
        10          0          0          0          0        116   fretinf.o
         6          0          0          0          0        116   istatus.o
         4          0          0          0          0        116   printf1.o
         4          0          0          0          0        116   printf2.o
       100          0          0          0          0        116   retnan.o
        92          0          0          0          0        116   scalbn.o
         4          0          0          0          0        116   scanf1.o
         8          0          0          0          0        132   scanf2.o
        48          0          0          0          0        116   trapv.o
         0          0          0          0          0          0   usenofp.o
        64         16          0          0          0        248   dunder.o
        48          0          0          0          0        124   fpclassify.o
       140         22          0          0          0        132   frexp.o
       228          8          0          0          0        308   ldexp.o
       266         16          0          0          0        308   narrow.o

    ----------------------------------------------------------------------
     14466        458        568          0        324       9788   Library Totals
        26          0          1          0          0          0   (incl. Padding)

    ----------------------------------------------------------------------

      Code (inc. data)   RO Data    RW Data    ZI Data      Debug   Library Name

     12398        364        551          0        324       6304   c_w.l
      1296         32         16          0          0       2364   fz_wm.l
       746         62          0          0          0       1120   m_wm.l

    ----------------------------------------------------------------------
     14466        458        568          0        324       9788   Library Totals

    ----------------------------------------------------------------------

==============================================================================


      Code (inc. data)   RO Data    RW Data    ZI Data      Debug   

     19412        484       1400          0       2128      27817   Grand Totals
     19412        484       1400          0       2128      27817   ELF Image Totals
     19412        484       1400          0          0          0   ROM Totals

==============================================================================

    Total RO  Size (Code + RO Data)                20812 (  20.32kB)
    Total RW  Size (RW Data + ZI Data)              2128 (   2.08kB)
    Total ROM Size (Code + RO Data + RW Data)      20812 (  20.32kB)

==============================================================================

